Archive member included to satisfy reference by file (symbol)

.\CortexM0\ARM_GCC_541\Debug\CAN Tester.a(CAN.o)
                              .\CortexM0\ARM_GCC_541\Debug\PortCANDebug.o (CAN_GlobalIntEnable)
.\CortexM0\ARM_GCC_541\Debug\CAN Tester.a(CAN_INT.o)
                              .\CortexM0\ARM_GCC_541\Debug\CAN Tester.a(CAN.o) (CAN_ISR)
.\CortexM0\ARM_GCC_541\Debug\CAN Tester.a(CAN_TX_RX_func.o)
                              .\CortexM0\ARM_GCC_541\Debug\PortCANDebug.o (CAN_SendMsg)
.\CortexM0\ARM_GCC_541\Debug\CAN Tester.a(DEBUG.o)
                              .\CortexM0\ARM_GCC_541\Debug\main.o (DEBUG_Start)
.\CortexM0\ARM_GCC_541\Debug\CAN Tester.a(DEBUG_UART.o)
                              .\CortexM0\ARM_GCC_541\Debug\CAN Tester.a(DEBUG.o) (DEBUG_UartInit)
.\CortexM0\ARM_GCC_541\Debug\CAN Tester.a(CyLib.o)
                              .\CortexM0\ARM_GCC_541\Debug\cyfitter_cfg.o (CyIntEnable)
.\CortexM0\ARM_GCC_541\Debug\CAN Tester.a(CyLFClk.o)
                              .\CortexM0\ARM_GCC_541\Debug\cyfitter_cfg.o (CySysClkWcoStart)
.\CortexM0\ARM_GCC_541\Debug\CAN Tester.a(CyBootAsmGnu.o)
                              .\CortexM0\ARM_GCC_541\Debug\CAN Tester.a(CyLib.o) (CyDelayCycles)
.\CortexM0\ARM_GCC_541\Debug\CAN Tester.a(DEBUG_SPI_UART.o)
                              .\CortexM0\ARM_GCC_541\Debug\CAN Tester.a(DEBUG_UART.o) (DEBUG_SpiUartReadRxData)
.\CortexM0\ARM_GCC_541\Debug\CAN Tester.a(CyFlash.o)
                              .\CortexM0\ARM_GCC_541\Debug\CAN Tester.a(CyLib.o) (CySysFlashSetWaitCycles)
x:/programs/cypress/psoc creator/4.4/psoc creator/import/gnu/arm/5.4.1/bin/../lib/gcc/arm-none-eabi/5.4.1/armv6-m\libgcc.a(_udivsi3.o)
                              .\CortexM0\ARM_GCC_541\Debug\CAN Tester.a(CyLib.o) (__aeabi_uidiv)
x:/programs/cypress/psoc creator/4.4/psoc creator/import/gnu/arm/5.4.1/bin/../lib/gcc/arm-none-eabi/5.4.1/armv6-m\libgcc.a(_divsi3.o)
                              .\CortexM0\ARM_GCC_541\Debug\CAN Tester.a(CyLFClk.o) (__aeabi_idiv)
x:/programs/cypress/psoc creator/4.4/psoc creator/import/gnu/arm/5.4.1/bin/../lib/gcc/arm-none-eabi/5.4.1/armv6-m\libgcc.a(_dvmd_tls.o)
                              x:/programs/cypress/psoc creator/4.4/psoc creator/import/gnu/arm/5.4.1/bin/../lib/gcc/arm-none-eabi/5.4.1/armv6-m\libgcc.a(_udivsi3.o) (__aeabi_idiv0)
x:/programs/cypress/psoc creator/4.4/psoc creator/import/gnu/arm/5.4.1/bin/../lib/gcc/arm-none-eabi/5.4.1/../../../../arm-none-eabi/lib/armv6-m\libg_nano.a(lib_a-errno.o)
                              .\CortexM0\ARM_GCC_541\Debug\Cm0Start.o (__errno)
x:/programs/cypress/psoc creator/4.4/psoc creator/import/gnu/arm/5.4.1/bin/../lib/gcc/arm-none-eabi/5.4.1/../../../../arm-none-eabi/lib/armv6-m\libg_nano.a(lib_a-exit.o)
                              x:/programs/cypress/psoc creator/4.4/psoc creator/import/gnu/arm/5.4.1/bin/../lib/gcc/arm-none-eabi/5.4.1/../../../../arm-none-eabi/lib/armv6-m/crt0.o (exit)
x:/programs/cypress/psoc creator/4.4/psoc creator/import/gnu/arm/5.4.1/bin/../lib/gcc/arm-none-eabi/5.4.1/../../../../arm-none-eabi/lib/armv6-m\libg_nano.a(lib_a-impure.o)
                              x:/programs/cypress/psoc creator/4.4/psoc creator/import/gnu/arm/5.4.1/bin/../lib/gcc/arm-none-eabi/5.4.1/../../../../arm-none-eabi/lib/armv6-m\libg_nano.a(lib_a-exit.o) (_global_impure_ptr)
x:/programs/cypress/psoc creator/4.4/psoc creator/import/gnu/arm/5.4.1/bin/../lib/gcc/arm-none-eabi/5.4.1/../../../../arm-none-eabi/lib/armv6-m\libg_nano.a(lib_a-init.o)
                              x:/programs/cypress/psoc creator/4.4/psoc creator/import/gnu/arm/5.4.1/bin/../lib/gcc/arm-none-eabi/5.4.1/../../../../arm-none-eabi/lib/armv6-m/crt0.o (__libc_init_array)
x:/programs/cypress/psoc creator/4.4/psoc creator/import/gnu/arm/5.4.1/bin/../lib/gcc/arm-none-eabi/5.4.1/../../../../arm-none-eabi/lib/armv6-m\libg_nano.a(lib_a-itoa.o)
                              .\CortexM0\ARM_GCC_541\Debug\main.o (itoa)
x:/programs/cypress/psoc creator/4.4/psoc creator/import/gnu/arm/5.4.1/bin/../lib/gcc/arm-none-eabi/5.4.1/../../../../arm-none-eabi/lib/armv6-m\libg_nano.a(lib_a-memcpy-stub.o)
                              .\CortexM0\ARM_GCC_541\Debug\PortCANDebug.o (memcpy)
x:/programs/cypress/psoc creator/4.4/psoc creator/import/gnu/arm/5.4.1/bin/../lib/gcc/arm-none-eabi/5.4.1/../../../../arm-none-eabi/lib/armv6-m\libg_nano.a(lib_a-memset.o)
                              x:/programs/cypress/psoc creator/4.4/psoc creator/import/gnu/arm/5.4.1/bin/../lib/gcc/arm-none-eabi/5.4.1/../../../../arm-none-eabi/lib/armv6-m/crt0.o (memset)
x:/programs/cypress/psoc creator/4.4/psoc creator/import/gnu/arm/5.4.1/bin/../lib/gcc/arm-none-eabi/5.4.1/../../../../arm-none-eabi/lib/armv6-m\libg_nano.a(lib_a-sprintf.o)
                              .\CortexM0\ARM_GCC_541\Debug\main.o (sprintf)
x:/programs/cypress/psoc creator/4.4/psoc creator/import/gnu/arm/5.4.1/bin/../lib/gcc/arm-none-eabi/5.4.1/../../../../arm-none-eabi/lib/armv6-m\libg_nano.a(lib_a-utoa.o)
[...]
Memory Configuration

Name             Origin             Length             Attributes
rom              0x00000000         0x00020000         xr
ram              0x20000000         0x00004000         xrw
*default*        0x00000000         0xffffffff

Linker script and memory map

LOAD x:/programs/cypress/psoc creator/4.4/psoc creator/import/gnu/arm/5.4.1/bin/../lib/gcc/arm-none-eabi/5.4.1/armv6-m/crti.o
LOAD x:/programs/cypress/psoc creator/4.4/psoc creator/import/gnu/arm/5.4.1/bin/../lib/gcc/arm-none-eabi/5.4.1/armv6-m/crtbegin.o
LOAD x:/programs/cypress/psoc creator/4.4/psoc creator/import/gnu/arm/5.4.1/bin/../lib/gcc/arm-none-eabi/5.4.1/../../../../arm-none-eabi/lib/armv6-m/crt0.o
START GROUP
LOAD .\CortexM0\ARM_GCC_541\Debug\CANCommon.o
LOAD .\CortexM0\ARM_GCC_541\Debug\CANGPIO.o
LOAD .\CortexM0\ARM_GCC_541\Debug\CANLocalization.o
LOAD .\CortexM0\ARM_GCC_541\Debug\CANPacket.o
LOAD .\CortexM0\ARM_GCC_541\Debug\main.o
LOAD .\CortexM0\ARM_GCC_541\Debug\PortCANDebug.o
LOAD .\CortexM0\ARM_GCC_541\Debug\cyfitter_cfg.o
LOAD .\CortexM0\ARM_GCC_541\Debug\cymetadata.o
LOAD .\CortexM0\ARM_GCC_541\Debug\Cm0Start.o
LOAD .\CortexM0\ARM_GCC_541\Debug\CAN Tester.a
END GROUP
START GROUP
LOAD x:/programs/cypress/psoc creator/4.4/psoc creator/import/gnu/arm/5.4.1/bin/../lib/gcc/arm-none-eabi/5.4.1/armv6-m\libgcc.a
LOAD x:/programs/cypress/psoc creator/4.4/psoc creator/import/gnu/arm/5.4.1/bin/../lib/gcc/arm-none-eabi/5.4.1/../../../../arm-none-eabi/lib/armv6-m\libg_nano.a
LOAD x:/programs/cypress/psoc creator/4.4/psoc creator/import/gnu/arm/5.4.1/bin/../lib/gcc/arm-none-eabi/5.4.1/../../../../arm-none-eabi/lib/armv6-m\libc_nano.a
END GROUP
START GROUP
LOAD x:/programs/cypress/psoc creator/4.4/psoc creator/import/gnu/arm/5.4.1/bin/../lib/gcc/arm-none-eabi/5.4.1/armv6-m\libgcc.a
LOAD x:/programs/cypress/psoc creator/4.4/psoc creator/import/gnu/arm/5.4.1/bin/../lib/gcc/arm-none-eabi/5.4.1/../../../../arm-none-eabi/lib/armv6-m\libc_nano.a
END GROUP
LOAD x:/programs/cypress/psoc creator/4.4/psoc creator/import/gnu/arm/5.4.1/bin/../lib/gcc/arm-none-eabi/5.4.1/armv6-m/crtend.o
LOAD x:/programs/cypress/psoc creator/4.4/psoc creator/import/gnu/arm/5.4.1/bin/../lib/gcc/arm-none-eabi/5.4.1/armv6-m/crtn.o
START GROUP
LOAD x:/programs/cypress/psoc creator/4.4/psoc creator/import/gnu/arm/5.4.1/bin/../lib/gcc/arm-none-eabi/5.4.1/armv6-m\libgcc.a
LOAD x:/programs/cypress/psoc creator/4.4/psoc creator/import/gnu/arm/5.4.1/bin/../lib/gcc/arm-none-eabi/5.4.1/../../../../arm-none-eabi/lib/armv6-m\libc.a
LOAD x:/programs/cypress/psoc creator/4.4/psoc creator/import/gnu/arm/5.4.1/bin/../lib/gcc/arm-none-eabi/5.4.1/../../../../arm-none-eabi/lib/armv6-m\libnosys.a
END GROUP
                0x00000000                CY_APPL_ORIGIN = 0x0
                0x00000080                CY_FLASH_ROW_SIZE = 0x80
                0x00000001                CY_APPL_NUM = 0x1
                0x00000001                CY_APPL_MAX = 0x1
                0x00000040                CY_METADATA_SIZE = 0x40
                0x00000000                CY_APPL_LOADABLE = 0x0
                0x00000000                CY_CHECKSUM_EXCLUDE_SIZE = ALIGN (0x0, CY_FLASH_ROW_SIZE)
                0x00000000                CY_APP_FOR_STACK_AND_COPIER = 0x0
                [!provide]                PROVIDE (__cy_heap_start, _end)
                0x00000001                PROVIDE (__cy_region_num, ((__cy_regions_end - __cy_regions) / 0x10))
                0x20004000                PROVIDE (__cy_stack, (ORIGIN (ram) + LENGTH (ram)))
                [!provide]                PROVIDE (__cy_heap_end, (__cy_stack - 0x800))

.cybootloader   0x00000000        0x0
 *(.cybootloader)
                0x00000000                appl1_start = CY_APPL_ORIGIN?CY_APPL_ORIGIN:ALIGN (CY_FLASH_ROW_SIZE)
                0x0000ff80                appl2_start = (appl1_start + ALIGN ((((LENGTH (rom) - appl1_start) - (0x2 * CY_FLASH_ROW_SIZE)) / 0x2), CY_FLASH_ROW_SIZE))
                0x00000000                appl_start = (CY_APPL_NUM == 0x1)?appl1_start:appl2_start
                0x00000001                cy_project_type_bootloader = (appl_start == 0x0)?0x1:0x0
                0x00000000                cy_project_type_app_for_stack_and_copier = (CY_APP_FOR_STACK_AND_COPIER == 0x1)?0x1:0x0

.text           0x00000000     0x160c
 CREATE_OBJECT_SYMBOLS
                0x00000000                PROVIDE (__cy_interrupt_vector, RomVectors)
 *(.romvectors)
 .romvectors    0x00000000       0x10 .\CortexM0\ARM_GCC_541\Debug\Cm0Start.o
                0x00000000                RomVectors
                0x00000001                ASSERT ((. != __cy_interrupt_vector), No interrupt vector)
                0x00000001                ASSERT (CY_APPL_ORIGIN?(SIZEOF (.cybootloader) <= CY_APPL_ORIGIN):0x1, Wrong image location)
                0x00000010                PROVIDE (__cy_reset, Reset)
 *(.text.Reset)
 .text.Reset    0x00000010        0x8 .\CortexM0\ARM_GCC_541\Debug\Cm0Start.o
                0x00000010                Reset
                0x00000001                ASSERT ((. != __cy_reset), No reset code)
 *(.psocinit)
 .psocinit      0x00000018      0x168 .\CortexM0\ARM_GCC_541\Debug\cyfitter_cfg.o
                0x000000a8                cyfitter_cfg
                0x00000180                . = MAX (., 0x100)
 *(.text .text.* .gnu.linkonce.t.*)
 .text          0x00000180       0x60 x:/programs/cypress/psoc creator/4.4/psoc creator/import/gnu/arm/5.4.1/bin/../lib/gcc/arm-none-eabi/5.4.1/armv6-m/crtbegin.o
 .text.AssembleTelemetryPullPacket
                0x000001e0       0x20 .\CortexM0\ARM_GCC_541\Debug\CANCommon.o
                0x000001e0                AssembleTelemetryPullPacket
 .text.DecodeTelemetryDataSigned
                0x00000200       0x10 .\CortexM0\ARM_GCC_541\Debug\CANCommon.o
                0x00000200                DecodeTelemetryDataSigned
 .text.DecodeTelemetryType
                0x00000210        0x4 .\CortexM0\ARM_GCC_541\Debug\CANCommon.o
                0x00000210                DecodeTelemetryType
 .text.ConstructCANID
                0x00000214       0x1c .\CortexM0\ARM_GCC_541\Debug\CANPacket.o
                0x00000214                ConstructCANID
 .text.WriteSenderSerialAndPacketID
                0x00000230       0x18 .\CortexM0\ARM_GCC_541\Debug\CANPacket.o
                0x00000230                WriteSenderSerialAndPacketID
 .text.GetSenderDeviceGroupCode
                0x00000248        0x4 .\CortexM0\ARM_GCC_541\Debug\CANPacket.o
                0x00000248                GetSenderDeviceGroupCode
 .text.DecodeBytesToIntMSBFirst
                0x0000024c       0x44 .\CortexM0\ARM_GCC_541\Debug\CANPacket.o
                0x0000024c                DecodeBytesToIntMSBFirst
 .text.main     0x00000290      0x144 .\CortexM0\ARM_GCC_541\Debug\main.o
                0x00000290                main
 .text.InitCAN  0x000003d4       0x98 .\CortexM0\ARM_GCC_541\Debug\PortCANDebug.o
                0x000003d4                InitCAN
 .text.SendCANPacket
                0x0000046c       0x40 .\CortexM0\ARM_GCC_541\Debug\PortCANDebug.o
                0x0000046c                SendCANPacket
 .text.getLocalDeviceSerial
                0x000004ac        0xc .\CortexM0\ARM_GCC_541\Debug\PortCANDebug.o
                0x000004ac                getLocalDeviceSerial
 .text.getLocalDeviceGroup
                0x000004b8        0xc .\CortexM0\ARM_GCC_541\Debug\PortCANDebug.o
                0x000004b8                getLocalDeviceGroup
 .text.FIFOSize
                0x000004c4       0x48 .\CortexM0\ARM_GCC_541\Debug\PortCANDebug.o
                0x000004c4                FIFOSize
 .text.countAddFIFO
                0x0000050c       0x50 .\CortexM0\ARM_GCC_541\Debug\PortCANDebug.o
                0x0000050c                countAddFIFO
 .text.CAN_FLAG_ISR
                0x0000055c      0x134 .\CortexM0\ARM_GCC_541\Debug\PortCANDebug.o
                0x0000055c                CAN_FLAG_ISR
 .text.countRemoveFIFO
                0x00000690       0x28 .\CortexM0\ARM_GCC_541\Debug\PortCANDebug.o
                0x00000690                countRemoveFIFO
 .text.PollAndReceiveCANPacket
                0x000006b8       0x4c .\CortexM0\ARM_GCC_541\Debug\PortCANDebug.o
                0x000006b8                PollAndReceiveCANPacket
 .text.AnalogSetDefault
                0x00000704       0x20 .\CortexM0\ARM_GCC_541\Debug\cyfitter_cfg.o
 .text.CYMEMZERO
                0x00000724        0xc .\CortexM0\ARM_GCC_541\Debug\cyfitter_cfg.o
 .text.IntDefaultHandler
                0x00000730       0x10 .\CortexM0\ARM_GCC_541\Debug\Cm0Start.o
                0x00000730                IntDefaultHandler
 .text.Start_c  0x00000740       0x48 .\CortexM0\ARM_GCC_541\Debug\Cm0Start.o
                0x00000740                Start_c
 .text.initialize_psoc
                0x00000788       0x4c .\CortexM0\ARM_GCC_541\Debug\Cm0Start.o
                0x00000788                initialize_psoc
 .text.CAN_GlobalIntEnable
                0x000007d4       0x1c .\CortexM0\ARM_GCC_541\Debug\CAN Tester.a(CAN.o)
                0x000007d4                CAN_GlobalIntEnable
 .text.CAN_Enable
                0x000007f0       0x48 .\CortexM0\ARM_GCC_541\Debug\CAN Tester.a(CAN.o)
                0x000007f0                CAN_Enable
 .text.CAN_SetPreScaler
                0x00000838       0x38 .\CortexM0\ARM_GCC_541\Debug\CAN Tester.a(CAN.o)
                0x00000838                CAN_SetPreScaler
 .text.CAN_SetArbiter
                0x00000870       0x40 .\CortexM0\ARM_GCC_541\Debug\CAN Tester.a(CAN.o)
                0x00000870                CAN_SetArbiter
 .text.CAN_SetTsegSample
                0x000008b0       0xa0 .\CortexM0\ARM_GCC_541\Debug\CAN Tester.a(CAN.o)
                0x000008b0                CAN_SetTsegSample
 .text.CAN_SetRestartType
                0x00000950       0x38 .\CortexM0\ARM_GCC_541\Debug\CAN Tester.a(CAN.o)
                0x00000950                CAN_SetRestartType
 .text.CAN_SetEdgeMode
                0x00000988       0x38 .\CortexM0\ARM_GCC_541\Debug\CAN Tester.a(CAN.o)
                0x00000988                CAN_SetEdgeMode
 .text.CAN_SetIrqMask
                0x000009c0       0x1c .\CortexM0\ARM_GCC_541\Debug\CAN Tester.a(CAN.o)
                0x000009c0                CAN_SetIrqMask
 .text.CAN_RxBufConfig
                0x000009dc       0x98 .\CortexM0\ARM_GCC_541\Debug\CAN Tester.a(CAN.o)
                0x000009dc                CAN_RxBufConfig
 .text.CAN_TxBufConfig
                0x00000a74       0x58 .\CortexM0\ARM_GCC_541\Debug\CAN Tester.a(CAN.o)
                0x00000a74                CAN_TxBufConfig
 .text.CAN_RxTxBuffersConfig
                0x00000acc       0x54 .\CortexM0\ARM_GCC_541\Debug\CAN Tester.a(CAN.o)
                0x00000acc                CAN_RxTxBuffersConfig
 .text.CAN_SetSwapDataEndianness
                0x00000b20       0x40 .\CortexM0\ARM_GCC_541\Debug\CAN Tester.a(CAN.o)
                0x00000b20                CAN_SetSwapDataEndianness
 .text.CAN_Init
                0x00000b60       0xe4 .\CortexM0\ARM_GCC_541\Debug\CAN Tester.a(CAN.o)
                0x00000b60                CAN_Init
 .text.CAN_Start
                0x00000c44       0x28 .\CortexM0\ARM_GCC_541\Debug\CAN Tester.a(CAN.o)
                0x00000c44                CAN_Start
 .text.CAN_ISR  0x00000c6c        0x4 .\CortexM0\ARM_GCC_541\Debug\CAN Tester.a(CAN_INT.o)
                0x00000c6c                CAN_ISR
 .text.CAN_SendMsg
                0x00000c70      0x154 .\CortexM0\ARM_GCC_541\Debug\CAN Tester.a(CAN_TX_RX_func.o)
                0x00000c70                CAN_SendMsg
 .text.DEBUG_ScbModePostEnable
                0x00000dc4        0x8 .\CortexM0\ARM_GCC_541\Debug\CAN Tester.a(DEBUG.o)
 .text.DEBUG_Init
                0x00000dcc        0x8 .\CortexM0\ARM_GCC_541\Debug\CAN Tester.a(DEBUG.o)
                0x00000dcc                DEBUG_Init
 .text.DEBUG_Enable
                0x00000dd4       0x18 .\CortexM0\ARM_GCC_541\Debug\CAN Tester.a(DEBUG.o)
                0x00000dd4                DEBUG_Enable
 .text.DEBUG_Start
                0x00000dec       0x20 .\CortexM0\ARM_GCC_541\Debug\CAN Tester.a(DEBUG.o)
                0x00000dec                DEBUG_Start
 .text.DEBUG_UartInit
                0x00000e0c       0xa8 .\CortexM0\ARM_GCC_541\Debug\CAN Tester.a(DEBUG_UART.o)
                0x00000e0c                DEBUG_UartInit
 .text.DEBUG_UartPostEnable
                0x00000eb4       0x24 .\CortexM0\ARM_GCC_541\Debug\CAN Tester.a(DEBUG_UART.o)
                0x00000eb4                DEBUG_UartPostEnable
 .text.DEBUG_UartPutString
                0x00000ed8       0x18 .\CortexM0\ARM_GCC_541\Debug\CAN Tester.a(DEBUG_UART.o)
                0x00000ed8                DEBUG_UartPutString
 .text.CySysClkImoDisableWcoLock
                0x00000ef0       0x54 .\CortexM0\ARM_GCC_541\Debug\CAN Tester.a(CyLib.o)
                0x00000ef0                CySysClkImoDisableWcoLock
 .text.CySysClkImoGetWcoLock
                0x00000f44       0x14 .\CortexM0\ARM_GCC_541\Debug\CAN Tester.a(CyLib.o)
                0x00000f44                CySysClkImoGetWcoLock
 .text.CyIntEnable
                0x00000f58       0x14 .\CortexM0\ARM_GCC_541\Debug\CAN Tester.a(CyLib.o)
                0x00000f58                CyIntEnable
 .text.CyIntDisable
                0x00000f6c       0x14 .\CortexM0\ARM_GCC_541\Debug\CAN Tester.a(CyLib.o)
                0x00000f6c                CyIntDisable
 .text.CyHalt   0x00000f80        0x4 .\CortexM0\ARM_GCC_541\Debug\CAN Tester.a(CyLib.o)
                0x00000f80                CyHalt
 .text.CyIntSetVector
                0x00000f84       0x24 .\CortexM0\ARM_GCC_541\Debug\CAN Tester.a(CyLib.o)
                0x00000f84                CyIntSetVector
 .text.CyIntSetPriority
                0x00000fa8       0x4c .\CortexM0\ARM_GCC_541\Debug\CAN Tester.a(CyLib.o)
                0x00000fa8                CyIntSetPriority
 .text.CyDelay  0x00000ff4       0x30 .\CortexM0\ARM_GCC_541\Debug\CAN Tester.a(CyLib.o)
                0x00000ff4                CyDelay
 .text.CySysClkImoEnableWcoLock
                0x00001024       0xf4 .\CortexM0\ARM_GCC_541\Debug\CAN Tester.a(CyLib.o)
                0x00001024                CySysClkImoEnableWcoLock
 .text.CySysClkWriteImoFreq
                0x00001118       0x80 .\CortexM0\ARM_GCC_541\Debug\CAN Tester.a(CyLib.o)
                0x00001118                CySysClkWriteImoFreq
 .text.CySysWdtLocked
                0x00001198       0x14 .\CortexM0\ARM_GCC_541\Debug\CAN Tester.a(CyLFClk.o)
 .text.CySysClkWcoStart
                0x000011ac       0x40 .\CortexM0\ARM_GCC_541\Debug\CAN Tester.a(CyLFClk.o)
                0x000011ac                CySysClkWcoStart
 .text.CySysClkWcoEnabled
                0x000011ec       0x14 .\CortexM0\ARM_GCC_541\Debug\CAN Tester.a(CyLFClk.o)
                0x000011ec                CySysClkWcoEnabled
 .text.CySysWdtLock
                0x00001200       0x1c .\CortexM0\ARM_GCC_541\Debug\CAN Tester.a(CyLFClk.o)
                0x00001200                CySysWdtLock
 .text.CySysWdtUnlock
                0x0000121c       0x30 .\CortexM0\ARM_GCC_541\Debug\CAN Tester.a(CyLFClk.o)
                0x0000121c                CySysWdtUnlock
 .text.CySysWdtClearInterrupt
                0x0000124c       0x4c .\CortexM0\ARM_GCC_541\Debug\CAN Tester.a(CyLFClk.o)
                0x0000124c                CySysWdtClearInterrupt
 .text.CySysWdtIsr
                0x00001298       0xa4 .\CortexM0\ARM_GCC_541\Debug\CAN Tester.a(CyLFClk.o)
                0x00001298                CySysWdtIsr
 *fill*         0x0000133c        0x4 
 .text          0x00001340       0x20 .\CortexM0\ARM_GCC_541\Debug\CAN Tester.a(CyBootAsmGnu.o)
                0x00001340                CyDelayCycles
                0x00001352                CyEnterCriticalSection
                0x0000135a                CyExitCriticalSection
 .text.DEBUG_SpiUartWriteTxData
                0x00001360       0x1c .\CortexM0\ARM_GCC_541\Debug\CAN Tester.a(DEBUG_SPI_UART.o)
                0x00001360                DEBUG_SpiUartWriteTxData
 .text.CySysFlashSetWaitCycles
                0x0000137c       0x54 .\CortexM0\ARM_GCC_541\Debug\CAN Tester.a(CyFlash.o)
                0x0000137c                CySysFlashSetWaitCycles
 .text          0x000013d0      0x114 x:/programs/cypress/psoc creator/4.4/psoc creator/import/gnu/arm/5.4.1/bin/../lib/gcc/arm-none-eabi/5.4.1/armv6-m\libgcc.a(_udivsi3.o)
                0x000013d0                __aeabi_uidiv
                0x000013d0                __udivsi3
                0x000014dc                __aeabi_uidivmod
 .text          0x000014e4        0x4 x:/programs/cypress/psoc creator/4.4/psoc creator/import/gnu/arm/5.4.1/bin/../lib/gcc/arm-none-eabi/5.4.1/armv6-m\libgcc.a(_dvmd_tls.o)
                0x000014e4                __aeabi_idiv0
                0x000014e4                __aeabi_ldiv0
 .text.__errno  0x000014e8        0xc x:/programs/cypress/psoc creator/4.4/psoc creator/import/gnu/arm/5.4.1/bin/../lib/gcc/arm-none-eabi/5.4.1/../../../../arm-none-eabi/lib/armv6-m\libg_nano.a(lib_a-errno.o)
                0x000014e8                __errno
 .text.__libc_init_array
                0x000014f4       0x4c x:/programs/cypress/psoc creator/4.4/psoc creator/import/gnu/arm/5.4.1/bin/../lib/gcc/arm-none-eabi/5.4.1/../../../../arm-none-eabi/lib/armv6-m\libg_nano.a(lib_a-init.o)
                0x000014f4                __libc_init_array
 .text.__itoa   0x00001540       0x2e x:/programs/cypress/psoc creator/4.4/psoc creator/import/gnu/arm/5.4.1/bin/../lib/gcc/arm-none-eabi/5.4.1/../../../../arm-none-eabi/lib/armv6-m\libg_nano.a(lib_a-itoa.o)
                0x00001540                __itoa
 .text.itoa     0x0000156e        0x8 x:/programs/cypress/psoc creator/4.4/psoc creator/import/gnu/arm/5.4.1/bin/../lib/gcc/arm-none-eabi/5.4.1/../../../../arm-none-eabi/lib/armv6-m\libg_nano.a(lib_a-itoa.o)
                0x0000156e                itoa
 .text.memcpy   0x00001576       0x12 x:/programs/cypress/psoc creator/4.4/psoc creator/import/gnu/arm/5.4.1/bin/../lib/gcc/arm-none-eabi/5.4.1/../../../../arm-none-eabi/lib/armv6-m\libg_nano.a(lib_a-memcpy-stub.o)
                0x00001576                memcpy
 .text.memset   0x00001588       0x10 x:/programs/cypress/psoc creator/4.4/psoc creator/import/gnu/arm/5.4.1/bin/../lib/gcc/arm-none-eabi/5.4.1/../../../../arm-none-eabi/lib/armv6-m\libg_nano.a(lib_a-memset.o)
                0x00001588                memset
 .text.__utoa   0x00001598       0x74 x:/programs/cypress/psoc creator/4.4/psoc creator/import/gnu/arm/5.4.1/bin/../lib/gcc/arm-none-eabi/5.4.1/../../../../arm-none-eabi/lib/armv6-m\libg_nano.a(lib_a-utoa.o)
                0x00001598                __utoa
 *(.plt)
 *(.gnu.warning)
 *(.glue_7t)
 .glue_7t       0x0000160c        0x0 linker stubs
 *(.glue_7)
 .glue_7        0x0000160c        0x0 linker stubs
 *(.vfp11_veneer)
 .vfp11_veneer  0x0000160c        0x0 linker stubs
 *(.bootloader)
 *(.ARM.extab* .gnu.linkonce.armextab.*)
 *(.gcc_except_table)

.v4_bx          0x0000160c        0x0
 .v4_bx         0x0000160c        0x0 linker stubs

.iplt           0x0000160c        0x0
 .iplt          0x0000160c        0x0 x:/programs/cypress/psoc creator/4.4/psoc creator/import/gnu/arm/5.4.1/bin/../lib/gcc/arm-none-eabi/5.4.1/armv6-m/crtbegin.o

.eh_frame_hdr
 *(.eh_frame_hdr)

.eh_frame       0x0000160c        0x4
 *(.eh_frame)
 .eh_frame      0x0000160c        0x0 x:/programs/cypress/psoc creator/4.4/psoc creator/import/gnu/arm/5.4.1/bin/../lib/gcc/arm-none-eabi/5.4.1/armv6-m/crtbegin.o
 .eh_frame      0x0000160c        0x4 x:/programs/cypress/psoc creator/4.4/psoc creator/import/gnu/arm/5.4.1/bin/../lib/gcc/arm-none-eabi/5.4.1/armv6-m/crtend.o
                [!provide]                PROVIDE (__exidx_start, .)

.ARM.exidx
 *(.ARM.exidx* .gnu.linkonce.armexidx.*)
                0x00001610                __exidx_end = .

.rodata         0x00001610      0x2a8
 *(.rodata .rodata.* .gnu.linkonce.r.*)
 .rodata.str1.4
                0x00001610       0x91 .\CortexM0\ARM_GCC_541\Debug\main.o
                                 0x99 (size before relaxing)
 *fill*         0x000016a1        0x3 
 .rodata.str1.4
                0x000016a4       0x18 .\CortexM0\ARM_GCC_541\Debug\PortCANDebug.o
                                 0x16 (size before relaxing)
 .rodata        0x000016bc        0xc .\CortexM0\ARM_GCC_541\Debug\cyfitter_cfg.o
 .rodata        0x000016c8      0x160 .\CortexM0\ARM_GCC_541\Debug\CAN Tester.a(CAN.o)
 .rodata        0x00001828       0x2e .\CortexM0\ARM_GCC_541\Debug\CAN Tester.a(CyLib.o)
                0x00001828                cyImoFreqMhz2Reg
 .rodata.str1.1
                0x00001856        0x2 x:/programs/cypress/psoc creator/4.4/psoc creator/import/gnu/arm/5.4.1/bin/../lib/gcc/arm-none-eabi/5.4.1/../../../../arm-none-eabi/lib/armv6-m\libg_nano.a(lib_a-impure.o)
 .rodata.str1.1
                0x00001858       0x25 x:/programs/cypress/psoc creator/4.4/psoc creator/import/gnu/arm/5.4.1/bin/../lib/gcc/arm-none-eabi/5.4.1/../../../../arm-none-eabi/lib/armv6-m\libg_nano.a(lib_a-utoa.o)
                0x00001880                . = ALIGN (0x4)
 *fill*         0x0000187d        0x3 
 *(.init)
 .init          0x00001880        0x4 x:/programs/cypress/psoc creator/4.4/psoc creator/import/gnu/arm/5.4.1/bin/../lib/gcc/arm-none-eabi/5.4.1/armv6-m/crti.o
                0x00001880                _init
 .init          0x00001884        0x8 x:/programs/cypress/psoc creator/4.4/psoc creator/import/gnu/arm/5.4.1/bin/../lib/gcc/arm-none-eabi/5.4.1/armv6-m/crtn.o
                0x0000188c                . = ALIGN (0x4)
                0x0000188c                __preinit_array_start = .
 *(.preinit_array)
                0x0000188c                __preinit_array_end = .
                0x0000188c                . = ALIGN (0x4)
                0x0000188c                __init_array_start = .
 *(SORT(.init_array.*))
 *(.init_array)
 .init_array    0x0000188c        0x4 x:/programs/cypress/psoc creator/4.4/psoc creator/import/gnu/arm/5.4.1/bin/../lib/gcc/arm-none-eabi/5.4.1/armv6-m/crtbegin.o
 .init_array    0x00001890        0x4 .\CortexM0\ARM_GCC_541\Debug\Cm0Start.o
                0x00001894                __init_array_end = .
                0x00001894                . = ALIGN (0x4)
 *(.fini)
 .fini          0x00001894        0x4 x:/programs/cypress/psoc creator/4.4/psoc creator/import/gnu/arm/5.4.1/bin/../lib/gcc/arm-none-eabi/5.4.1/armv6-m/crti.o
                0x00001894                _fini
 .fini          0x00001898        0x8 x:/programs/cypress/psoc creator/4.4/psoc creator/import/gnu/arm/5.4.1/bin/../lib/gcc/arm-none-eabi/5.4.1/armv6-m/crtn.o
                0x000018a0                . = ALIGN (0x4)
                0x000018a0                __fini_array_start = .
 *(.fini_array)
 .fini_array    0x000018a0        0x4 x:/programs/cypress/psoc creator/4.4/psoc creator/import/gnu/arm/5.4.1/bin/../lib/gcc/arm-none-eabi/5.4.1/armv6-m/crtbegin.o
 *(SORT(.fini_array.*))
                0x000018a4                __fini_array_end = .
                0x000018a4                . = ALIGN (0x4)
 *crtbegin.o(.ctors)
 *(EXCLUDE_FILE(*crtend.o) .ctors)
 *(SORT(.ctors.*))
 *crtend.o(.ctors)
                0x000018a4                . = ALIGN (0x4)
 *crtbegin.o(.dtors)
 *(EXCLUDE_FILE(*crtend.o) .dtors)
 *(SORT(.dtors.*))
 *crtend.o(.dtors)
                0x000018a4                . = ALIGN (0x4)
                0x000018a4                __cy_regions = .
                0x000018a4        0x4 LONG 0x18b8 __cy_region_init_ram
                0x000018a8        0x4 LONG 0x200000c0 __cy_region_start_data
                0x000018ac        0x4 LONG 0x88 __cy_region_init_size_ram
                0x000018b0        0x4 LONG 0x168 __cy_region_zero_size_ram
                0x000018b4                __cy_regions_end = .
                0x000018b8                . = ALIGN (0x8)
 *fill*         0x000018b4        0x4 
                0x000018b8                _etext = .

.cy_checksum_exclude
                0x000018b8        0x0
 *(.cy_checksum_exclude)

.ramvectors     0x20000000       0xc0
                0x20000000                __cy_region_start_ram = .
 *(.ramvectors)
 .ramvectors    0x20000000       0xc0 .\CortexM0\ARM_GCC_541\Debug\Cm0Start.o
                0x20000000                CyRamVectors

.noinit
 *(.noinit)

.data           0x200000c0       0x88 load address 0x000018b8
                0x200000c0                __cy_region_start_data = .
 *(.jcr)
 .jcr           0x200000c0        0x0 x:/programs/cypress/psoc creator/4.4/psoc creator/import/gnu/arm/5.4.1/bin/../lib/gcc/arm-none-eabi/5.4.1/armv6-m/crtbegin.o
 .jcr           0x200000c0        0x4 x:/programs/cypress/psoc creator/4.4/psoc creator/import/gnu/arm/5.4.1/bin/../lib/gcc/arm-none-eabi/5.4.1/armv6-m/crtend.o
 *(.got.plt)
 *(.got)
 *(.shdata)
 *(.data .data.* .gnu.linkonce.d.*)
 .data          0x200000c4       0x14 .\CortexM0\ARM_GCC_541\Debug\CAN Tester.a(CyLib.o)
                0x200000c4                CySysClkPumpConfig
                0x200000c8                cydelay32kMs
                0x200000cc                cydelayFreqKhz
                0x200000d0                cydelayFreqMhz
                0x200000d4                cydelayFreqHz
 .data          0x200000d8        0x8 .\CortexM0\ARM_GCC_541\Debug\CAN Tester.a(CyLFClk.o)
 .data.impure_data
                0x200000e0       0x60 x:/programs/cypress/psoc creator/4.4/psoc creator/import/gnu/arm/5.4.1/bin/../lib/gcc/arm-none-eabi/5.4.1/../../../../arm-none-eabi/lib/armv6-m\libg_nano.a(lib_a-impure.o)
 .data._impure_ptr
                0x20000140        0x4 x:/programs/cypress/psoc creator/4.4/psoc creator/import/gnu/arm/5.4.1/bin/../lib/gcc/arm-none-eabi/5.4.1/../../../../arm-none-eabi/lib/armv6-m\libg_nano.a(lib_a-impure.o)
                0x20000140                _impure_ptr
                0x20000148                . = ALIGN (0x8)
 *fill*         0x20000144        0x4 
 *(.ram)
                0x20000148                _edata = .

.igot.plt       0x20000148        0x0 load address 0x00001940
 .igot.plt      0x20000148        0x0 x:/programs/cypress/psoc creator/4.4/psoc creator/import/gnu/arm/5.4.1/bin/../lib/gcc/arm-none-eabi/5.4.1/armv6-m/crtbegin.o

.bss            0x20000148      0x168 load address 0x00001940
                0x20000148                PROVIDE (__bss_start__, .)
 *(.shbss)
 *(.bss .bss.* .gnu.linkonce.b.*)
 .bss           0x20000148       0x1c x:/programs/cypress/psoc creator/4.4/psoc creator/import/gnu/arm/5.4.1/bin/../lib/gcc/arm-none-eabi/5.4.1/armv6-m/crtbegin.o
 .bss           0x20000164        0x4 .\CortexM0\ARM_GCC_541\Debug\PortCANDebug.o
                0x20000164                latestMessageFull
                0x20000165                latestMessageHead
                0x20000166                latestMessageTail
                0x20000167                messageReadFlag
 .bss           0x20000168        0x1 .\CortexM0\ARM_GCC_541\Debug\CAN Tester.a(CAN.o)
                0x20000168                CAN_initVar
 *fill*         0x20000169        0x1 
 .bss           0x2000016a        0x4 .\CortexM0\ARM_GCC_541\Debug\CAN Tester.a(DEBUG.o)
                0x2000016a                DEBUG_initVar
                0x2000016c                DEBUG_IntrTxMask
 *fill*         0x2000016e        0x2 
 .bss           0x20000170       0x28 .\CortexM0\ARM_GCC_541\Debug\CAN Tester.a(CyLFClk.o)
 *(COMMON)
 COMMON         0x20000198       0x40 .\CortexM0\ARM_GCC_541\Debug\main.o
                0x20000198                txData
                0x2000019c                send
                0x200001a8                debugOutput
                0x200001c8                state
                0x200001cc                receive
 COMMON         0x200001d8       0xd8 .\CortexM0\ARM_GCC_541\Debug\PortCANDebug.o
                0x200001d8                deviceGroup
                0x200001dc                rxMailbox
                0x200001ec                deviceAddress
                0x200001f0                latestMessage
                0x200002b0                . = ALIGN (0x8)
 *(.ram.b)
                0x200002b0                _end = .
                0x200002b0                __end = .
                0x200002b0                PROVIDE (end, .)
                0x200002b0                PROVIDE (__bss_end__, .)
                0x000018b8                __cy_region_init_ram = LOADADDR (.data)
                0x00000088                __cy_region_init_size_ram = (_edata - ADDR (.data))
                0x00000168                __cy_region_zero_size_ram = (_end - _edata)

.heap           0x200002b0       0x80 load address 0x00001940
                0x200002b0                . = _end
                0x20000330                . = (. + 0x80)
 *fill*         0x200002b0       0x80 
                0x20000330                __cy_heap_limit = .

.stack          0x20003800      0x800
                0x20003800                __cy_stack_limit = .
                0x20004000                . = (. + 0x800)
 *fill*         0x20003800      0x800 
                0x00000001                ASSERT ((__cy_stack_limit >= __cy_heap_limit), region RAM overflowed with stack)
                0x00000000                cy_checksum_exclude_size = (CY_APPL_LOADABLE == 0x1)?SIZEOF (.cy_checksum_exclude):0x0
                0x00000001                ASSERT ((cy_checksum_exclude_size <= CY_CHECKSUM_EXCLUDE_SIZE), CY_BOOT: Section .cy_checksum_exclude size exceedes specified limit.)
                0x0001ffc0                cyloadermeta_start = (cy_project_type_bootloader || cy_project_type_app_for_stack_and_copier)?(LENGTH (rom) - CY_METADATA_SIZE):0xf0000000

.cyloadermeta
 *(.cyloadermeta)
                0x0001ffc0                cyloadablemeta_start = cy_project_type_app_for_stack_and_copier?((LENGTH (rom) - CY_FLASH_ROW_SIZE) - CY_METADATA_SIZE):((LENGTH (rom) - (CY_FLASH_ROW_SIZE * (CY_APPL_NUM - 0x1))) - CY_METADATA_SIZE)

.cyloadablemeta
 *(.cyloadablemeta)

.cyflashprotect
                0x90400000       0x80
 *(.cyflashprotect)
 .cyflashprotect
                0x90400000       0x80 .\CortexM0\ARM_GCC_541\Debug\cymetadata.o
                0x90400000                cy_meta_flashprotect

.cymeta         0x90500000        0xc
 *(.cymeta)
 .cymeta        0x90500000        0xc .\CortexM0\ARM_GCC_541\Debug\cymetadata.o
                0x90500000                cy_metadata

.cychipprotect  0x90600000        0x1
 *(.cychipprotect)
 .cychipprotect
                0x90600000        0x1 .\CortexM0\ARM_GCC_541\Debug\cymetadata.o
                0x90600000                cy_meta_chipprotect

.rel.dyn        0x00001940        0x0 load address 0x90600004
 .rel.iplt      0x00001940        0x0 x:/programs/cypress/psoc creator/4.4/psoc creator/import/gnu/arm/5.4.1/bin/../lib/gcc/arm-none-eabi/5.4.1/armv6-m/crtbegin.o

.stab
 *(.stab)

.stabstr
 *(.stabstr)

.debug
 *(.debug)

.line
 *(.line)

.debug_srcinfo
 *(.debug_srcinfo)

.debug_sfnames
 *(.debug_sfnames)

.debug_aranges  0x00000000      0x960
 *(.debug_aranges)
 .debug_aranges
                0x00000000       0xc0 .\CortexM0\ARM_GCC_541\Debug\CANCommon.o
 .debug_aranges
                0x000000c0       0x88 .\CortexM0\ARM_GCC_541\Debug\CANGPIO.o
 .debug_aranges
                0x00000148       0x18 .\CortexM0\ARM_GCC_541\Debug\CANLocalization.o
 .debug_aranges
                0x00000160       0xa8 .\CortexM0\ARM_GCC_541\Debug\CANPacket.o
 .debug_aranges
                0x00000208       0x28 .\CortexM0\ARM_GCC_541\Debug\main.o
 .debug_aranges
                0x00000230       0x68 .\CortexM0\ARM_GCC_541\Debug\PortCANDebug.o
 .debug_aranges
                0x00000298       0x38 .\CortexM0\ARM_GCC_541\Debug\cyfitter_cfg.o
 .debug_aranges
                0x000002d0       0x18 .\CortexM0\ARM_GCC_541\Debug\cymetadata.o
 .debug_aranges
                0x000002e8       0x48 .\CortexM0\ARM_GCC_541\Debug\Cm0Start.o
 .debug_aranges
                0x00000330       0xe8 .\CortexM0\ARM_GCC_541\Debug\CAN Tester.a(CAN.o)
 .debug_aranges
                0x00000418       0x20 .\CortexM0\ARM_GCC_541\Debug\CAN Tester.a(CAN_INT.o)
 .debug_aranges
                0x00000438       0x30 .\CortexM0\ARM_GCC_541\Debug\CAN Tester.a(CAN_TX_RX_func.o)
 .debug_aranges
                0x00000468       0x58 .\CortexM0\ARM_GCC_541\Debug\CAN Tester.a(DEBUG.o)
 .debug_aranges
                0x000004c0       0x90 .\CortexM0\ARM_GCC_541\Debug\CAN Tester.a(DEBUG_UART.o)
 .debug_aranges
                0x00000550      0x1c8 .\CortexM0\ARM_GCC_541\Debug\CAN Tester.a(CyLib.o)
 .debug_aranges
                0x00000718      0x188 .\CortexM0\ARM_GCC_541\Debug\CAN Tester.a(CyLFClk.o)
 .debug_aranges
                0x000008a0       0x20 .\CortexM0\ARM_GCC_541\Debug\CAN Tester.a(CyBootAsmGnu.o)
 .debug_aranges
                0x000008c0       0x60 .\CortexM0\ARM_GCC_541\Debug\CAN Tester.a(DEBUG_SPI_UART.o)
 .debug_aranges
                0x00000920       0x40 .\CortexM0\ARM_GCC_541\Debug\CAN Tester.a(CyFlash.o)

.debug_pubnames
 *(.debug_pubnames)

.debug_info     0x00000000     0x617f
 *(.debug_info .gnu.linkonce.wi.*)
 .debug_info    0x00000000      0xa46 .\CortexM0\ARM_GCC_541\Debug\CANCommon.o
 .debug_info    0x00000a46      0x60d .\CortexM0\ARM_GCC_541\Debug\CANGPIO.o
 .debug_info    0x00001053       0x6b .\CortexM0\ARM_GCC_541\Debug\CANLocalization.o
 .debug_info    0x000010be      0x636 .\CortexM0\ARM_GCC_541\Debug\CANPacket.o
 .debug_info    0x000016f4      0x574 .\CortexM0\ARM_GCC_541\Debug\main.o
 .debug_info    0x00001c68      0x65c .\CortexM0\ARM_GCC_541\Debug\PortCANDebug.o
 .debug_info    0x000022c4      0x2ac .\CortexM0\ARM_GCC_541\Debug\cyfitter_cfg.o
 .debug_info    0x00002570       0xf8 .\CortexM0\ARM_GCC_541\Debug\cymetadata.o
 .debug_info    0x00002668      0x3a2 .\CortexM0\ARM_GCC_541\Debug\Cm0Start.o
 .debug_info    0x00002a0a      0x9c6 .\CortexM0\ARM_GCC_541\Debug\CAN Tester.a(CAN.o)
 .debug_info    0x000033d0       0xa0 .\CortexM0\ARM_GCC_541\Debug\CAN Tester.a(CAN_INT.o)
 .debug_info    0x00003470      0x37e .\CortexM0\ARM_GCC_541\Debug\CAN Tester.a(CAN_TX_RX_func.o)
 .debug_info    0x000037ee      0x23a .\CortexM0\ARM_GCC_541\Debug\CAN Tester.a(DEBUG.o)
 .debug_info    0x00003a28      0x3b5 .\CortexM0\ARM_GCC_541\Debug\CAN Tester.a(DEBUG_UART.o)
 .debug_info    0x00003ddd      0xd40 .\CortexM0\ARM_GCC_541\Debug\CAN Tester.a(CyLib.o)
 .debug_info    0x00004b1d     0x1058 .\CortexM0\ARM_GCC_541\Debug\CAN Tester.a(CyLFClk.o)
 .debug_info    0x00005b75       0x9a .\CortexM0\ARM_GCC_541\Debug\CAN Tester.a(CyBootAsmGnu.o)
 .debug_info    0x00005c0f      0x220 .\CortexM0\ARM_GCC_541\Debug\CAN Tester.a(DEBUG_SPI_UART.o)
 .debug_info    0x00005e2f      0x350 .\CortexM0\ARM_GCC_541\Debug\CAN Tester.a(CyFlash.o)

.debug_abbrev   0x00000000     0x16bc
 *(.debug_abbrev)
 .debug_abbrev  0x00000000      0x149 .\CortexM0\ARM_GCC_541\Debug\CANCommon.o
 .debug_abbrev  0x00000149      0x106 .\CortexM0\ARM_GCC_541\Debug\CANGPIO.o
 .debug_abbrev  0x0000024f       0x26 .\CortexM0\ARM_GCC_541\Debug\CANLocalization.o
 .debug_abbrev  0x00000275      0x168 .\CortexM0\ARM_GCC_541\Debug\CANPacket.o
 .debug_abbrev  0x000003dd      0x138 .\CortexM0\ARM_GCC_541\Debug\main.o
 .debug_abbrev  0x00000515      0x1ad .\CortexM0\ARM_GCC_541\Debug\PortCANDebug.o
 .debug_abbrev  0x000006c2      0x166 .\CortexM0\ARM_GCC_541\Debug\cyfitter_cfg.o
 .debug_abbrev  0x00000828       0x5d .\CortexM0\ARM_GCC_541\Debug\cymetadata.o
 .debug_abbrev  0x00000885      0x1d7 .\CortexM0\ARM_GCC_541\Debug\Cm0Start.o
 .debug_abbrev  0x00000a5c      0x186 .\CortexM0\ARM_GCC_541\Debug\CAN Tester.a(CAN.o)
 .debug_abbrev  0x00000be2       0x42 .\CortexM0\ARM_GCC_541\Debug\CAN Tester.a(CAN_INT.o)
 .debug_abbrev  0x00000c24      0x159 .\CortexM0\ARM_GCC_541\Debug\CAN Tester.a(CAN_TX_RX_func.o)
 .debug_abbrev  0x00000d7d       0xd5 .\CortexM0\ARM_GCC_541\Debug\CAN Tester.a(DEBUG.o)
 .debug_abbrev  0x00000e52      0x132 .\CortexM0\ARM_GCC_541\Debug\CAN Tester.a(DEBUG_UART.o)
 .debug_abbrev  0x00000f84      0x20b .\CortexM0\ARM_GCC_541\Debug\CAN Tester.a(CyLib.o)
 .debug_abbrev  0x0000118f      0x248 .\CortexM0\ARM_GCC_541\Debug\CAN Tester.a(CyLFClk.o)
 .debug_abbrev  0x000013d7       0x14 .\CortexM0\ARM_GCC_541\Debug\CAN Tester.a(CyBootAsmGnu.o)
 .debug_abbrev  0x000013eb      0x14f .\CortexM0\ARM_GCC_541\Debug\CAN Tester.a(DEBUG_SPI_UART.o)
 .debug_abbrev  0x0000153a      0x182 .\CortexM0\ARM_GCC_541\Debug\CAN Tester.a(CyFlash.o)

.debug_line     0x00000000     0x27f1
 *(.debug_line)
 .debug_line    0x00000000      0x2e0 .\CortexM0\ARM_GCC_541\Debug\CANCommon.o
 .debug_line    0x000002e0      0x23b .\CortexM0\ARM_GCC_541\Debug\CANGPIO.o
 .debug_line    0x0000051b       0x1d .\CortexM0\ARM_GCC_541\Debug\CANLocalization.o
 .debug_line    0x00000538      0x2c9 .\CortexM0\ARM_GCC_541\Debug\CANPacket.o
 .debug_line    0x00000801      0x24f .\CortexM0\ARM_GCC_541\Debug\main.o
 .debug_line    0x00000a50      0x2c9 .\CortexM0\ARM_GCC_541\Debug\PortCANDebug.o
 .debug_line    0x00000d19      0x151 .\CortexM0\ARM_GCC_541\Debug\cyfitter_cfg.o
 .debug_line    0x00000e6a      0x12b .\CortexM0\ARM_GCC_541\Debug\cymetadata.o
 .debug_line    0x00000f95      0x220 .\CortexM0\ARM_GCC_541\Debug\Cm0Start.o
 .debug_line    0x000011b5      0x3e7 .\CortexM0\ARM_GCC_541\Debug\CAN Tester.a(CAN.o)
 .debug_line    0x0000159c       0x53 .\CortexM0\ARM_GCC_541\Debug\CAN Tester.a(CAN_INT.o)
 .debug_line    0x000015ef       0xfc .\CortexM0\ARM_GCC_541\Debug\CAN Tester.a(CAN_TX_RX_func.o)
 .debug_line    0x000016eb      0x10a .\CortexM0\ARM_GCC_541\Debug\CAN Tester.a(DEBUG.o)
 .debug_line    0x000017f5      0x1d2 .\CortexM0\ARM_GCC_541\Debug\CAN Tester.a(DEBUG_UART.o)
 .debug_line    0x000019c7      0x563 .\CortexM0\ARM_GCC_541\Debug\CAN Tester.a(CyLib.o)
 .debug_line    0x00001f2a      0x5d1 .\CortexM0\ARM_GCC_541\Debug\CAN Tester.a(CyLFClk.o)
 .debug_line    0x000024fb       0x68 .\CortexM0\ARM_GCC_541\Debug\CAN Tester.a(CyBootAsmGnu.o)
 .debug_line    0x00002563      0x11b .\CortexM0\ARM_GCC_541\Debug\CAN Tester.a(DEBUG_SPI_UART.o)
 .debug_line    0x0000267e      0x173 .\CortexM0\ARM_GCC_541\Debug\CAN Tester.a(CyFlash.o)

.debug_frame    0x00000000     0x1b88
 *(.debug_frame)
 .debug_frame   0x00000000      0x27c .\CortexM0\ARM_GCC_541\Debug\CANCommon.o
 .debug_frame   0x0000027c      0x178 .\CortexM0\ARM_GCC_541\Debug\CANGPIO.o
 .debug_frame   0x000003f4      0x1a4 .\CortexM0\ARM_GCC_541\Debug\CANPacket.o
 .debug_frame   0x00000598       0x50 .\CortexM0\ARM_GCC_541\Debug\main.o
 .debug_frame   0x000005e8       0xfc .\CortexM0\ARM_GCC_541\Debug\PortCANDebug.o
 .debug_frame   0x000006e4       0x74 .\CortexM0\ARM_GCC_541\Debug\cyfitter_cfg.o
 .debug_frame   0x00000758       0xbc .\CortexM0\ARM_GCC_541\Debug\Cm0Start.o
 .debug_frame   0x00000814      0x238 .\CortexM0\ARM_GCC_541\Debug\CAN Tester.a(CAN.o)
 .debug_frame   0x00000a4c       0x20 .\CortexM0\ARM_GCC_541\Debug\CAN Tester.a(CAN_INT.o)
 .debug_frame   0x00000a6c       0x60 .\CortexM0\ARM_GCC_541\Debug\CAN Tester.a(CAN_TX_RX_func.o)
 .debug_frame   0x00000acc       0xd8 .\CortexM0\ARM_GCC_541\Debug\CAN Tester.a(DEBUG.o)
 .debug_frame   0x00000ba4      0x144 .\CortexM0\ARM_GCC_541\Debug\CAN Tester.a(DEBUG_UART.o)
 .debug_frame   0x00000ce8      0x48c .\CortexM0\ARM_GCC_541\Debug\CAN Tester.a(CyLib.o)
 .debug_frame   0x00001174      0x4a4 .\CortexM0\ARM_GCC_541\Debug\CAN Tester.a(CyLFClk.o)
 .debug_frame   0x00001618       0xb0 .\CortexM0\ARM_GCC_541\Debug\CAN Tester.a(DEBUG_SPI_UART.o)
 .debug_frame   0x000016c8       0x90 .\CortexM0\ARM_GCC_541\Debug\CAN Tester.a(CyFlash.o)
 .debug_frame   0x00001758       0x20 x:/programs/cypress/psoc creator/4.4/psoc creator/import/gnu/arm/5.4.1/bin/../lib/gcc/arm-none-eabi/5.4.1/armv6-m\libgcc.a(_udivsi3.o)
 .debug_frame   0x00001778       0x20 x:/programs/cypress/psoc creator/4.4/psoc creator/import/gnu/arm/5.4.1/bin/../lib/gcc/arm-none-eabi/5.4.1/armv6-m\libgcc.a(_divsi3.o)
 .debug_frame   0x00001798       0x20 x:/programs/cypress/psoc creator/4.4/psoc creator/import/gnu/arm/5.4.1/bin/../lib/gcc/arm-none-eabi/5.4.1/../../../../arm-none-eabi/lib/armv6-m\libg_nano.a(lib_a-errno.o)
 .debug_frame   0x000017b8       0x28 x:/programs/cypress/psoc creator/4.4/psoc creator/import/gnu/arm/5.4.1/bin/../lib/gcc/arm-none-eabi/5.4.1/../../../../arm-none-eabi/lib/armv6-m\libg_nano.a(lib_a-exit.o)
 .debug_frame   0x000017e0       0x2c x:/programs/cypress/psoc creator/4.4/psoc creator/import/gnu/arm/5.4.1/bin/../lib/gcc/arm-none-eabi/5.4.1/../../../../arm-none-eabi/lib/armv6-m\libg_nano.a(lib_a-init.o)
 .debug_frame   0x0000180c       0x40 x:/programs/cypress/psoc creator/4.4/psoc creator/import/gnu/arm/5.4.1/bin/../lib/gcc/arm-none-eabi/5.4.1/../../../../arm-none-eabi/lib/armv6-m\libg_nano.a(lib_a-itoa.o)
 .debug_frame   0x0000184c       0x28 x:/programs/cypress/psoc creator/4.4/psoc creator/import/gnu/arm/5.4.1/bin/../lib/gcc/arm-none-eabi/5.4.1/../../../../arm-none-eabi/lib/armv6-m\libg_nano.a(lib_a-memcpy-stub.o)
 .debug_frame   0x00001874       0x20 x:/programs/cypress/psoc creator/4.4/psoc creator/import/gnu/arm/5.4.1/bin/../lib/gcc/arm-none-eabi/5.4.1/../../../../arm-none-eabi/lib/armv6-m\libg_nano.a(lib_a-memset.o)
 .debug_frame   0x00001894       0x50 x:/programs/cypress/psoc creator/4.4/psoc creator/import/gnu/arm/5.4.1/bin/../lib/gcc/arm-none-eabi/5.4.1/../../../../arm-none-eabi/lib/armv6-m\libg_nano.a(lib_a-sprintf.o)
 .debug_frame   0x000018e4       0x48 x:/programs/cypress/psoc creator/4.4/psoc creator/import/gnu/arm/5.4.1/bin/../lib/gcc/arm-none-eabi/5.4.1/../../../../arm-none-eabi/lib/armv6-m\libg_nano.a(lib_a-utoa.o)
 .debug_frame   0x0000192c       0x74 x:/programs/cypress/psoc creator/4.4/psoc creator/import/gnu/arm/5.4.1/bin/../lib/gcc/arm-none-eabi/5.4.1/../../../../arm-none-eabi/lib/armv6-m\libg_nano.a(lib_a-nano-svfprintf.o)
 .debug_frame   0x000019a0       0x54 x:/programs/cypress/psoc creator/4.4/psoc creator/import/gnu/arm/5.4.1/bin/../lib/gcc/arm-none-eabi/5.4.1/../../../../arm-none-eabi/lib/armv6-m\libg_nano.a(lib_a-nano-vfprintf_i.o)
 .debug_frame   0x000019f4       0x20 x:/programs/cypress/psoc creator/4.4/psoc creator/import/gnu/arm/5.4.1/bin/../lib/gcc/arm-none-eabi/5.4.1/../../../../arm-none-eabi/lib/armv6-m\libg_nano.a(lib_a-memchr-stub.o)
 .debug_frame   0x00001a14       0x28 x:/programs/cypress/psoc creator/4.4/psoc creator/import/gnu/arm/5.4.1/bin/../lib/gcc/arm-none-eabi/5.4.1/../../../../arm-none-eabi/lib/armv6-m\libg_nano.a(lib_a-memmove.o)
 .debug_frame   0x00001a3c       0x2c x:/programs/cypress/psoc creator/4.4/psoc creator/import/gnu/arm/5.4.1/bin/../lib/gcc/arm-none-eabi/5.4.1/../../../../arm-none-eabi/lib/armv6-m\libg_nano.a(lib_a-nano-freer.o)
 .debug_frame   0x00001a68       0x2c x:/programs/cypress/psoc creator/4.4/psoc creator/import/gnu/arm/5.4.1/bin/../lib/gcc/arm-none-eabi/5.4.1/../../../../arm-none-eabi/lib/armv6-m\libg_nano.a(lib_a-nano-mallocr.o)
 .debug_frame   0x00001a94       0x30 x:/programs/cypress/psoc creator/4.4/psoc creator/import/gnu/arm/5.4.1/bin/../lib/gcc/arm-none-eabi/5.4.1/../../../../arm-none-eabi/lib/armv6-m\libg_nano.a(lib_a-nano-reallocr.o)
 .debug_frame   0x00001ac4       0x2c x:/programs/cypress/psoc creator/4.4/psoc creator/import/gnu/arm/5.4.1/bin/../lib/gcc/arm-none-eabi/5.4.1/../../../../arm-none-eabi/lib/armv6-m\libg_nano.a(lib_a-sbrkr.o)
 .debug_frame   0x00001af0       0x30 x:/programs/cypress/psoc creator/4.4/psoc creator/import/gnu/arm/5.4.1/bin/../lib/gcc/arm-none-eabi/5.4.1/../../../../arm-none-eabi/lib/armv6-m\libg_nano.a(lib_a-mlock.o)
 .debug_frame   0x00001b20       0x20 x:/programs/cypress/psoc creator/4.4/psoc creator/import/gnu/arm/5.4.1/bin/../lib/gcc/arm-none-eabi/5.4.1/../../../../arm-none-eabi/lib/armv6-m\libg_nano.a(lib_a-nano-msizer.o)
 .debug_frame   0x00001b40       0x48 x:/programs/cypress/psoc creator/4.4/psoc creator/import/gnu/arm/5.4.1/bin/../lib/gcc/arm-none-eabi/5.4.1/../../../../arm-none-eabi/lib/armv6-m\libg_nano.a(lib_a-reent.o)

.debug_str      0x00000000     0x22f4
 *(.debug_str)
 .debug_str     0x00000000      0x54b .\CortexM0\ARM_GCC_541\Debug\CANCommon.o
                                0x5b0 (size before relaxing)
 .debug_str     0x0000054b      0x205 .\CortexM0\ARM_GCC_541\Debug\CANGPIO.o
                                0x439 (size before relaxing)
 .debug_str     0x00000750       0x1f .\CortexM0\ARM_GCC_541\Debug\CANLocalization.o
                                0x186 (size before relaxing)
 .debug_str     0x0000076f      0x1be .\CortexM0\ARM_GCC_541\Debug\CANPacket.o
                                0x438 (size before relaxing)
 .debug_str     0x0000092d       0xb7 .\CortexM0\ARM_GCC_541\Debug\main.o
                                0x2c8 (size before relaxing)
 .debug_str     0x000009e4      0x211 .\CortexM0\ARM_GCC_541\Debug\PortCANDebug.o
                                0x472 (size before relaxing)
 .debug_str     0x00000bf5       0xbd .\CortexM0\ARM_GCC_541\Debug\cyfitter_cfg.o
                                0x276 (size before relaxing)
 .debug_str     0x00000cb2       0x59 .\CortexM0\ARM_GCC_541\Debug\cymetadata.o
                                0x1d2 (size before relaxing)
 .debug_str     0x00000d0b      0x140 .\CortexM0\ARM_GCC_541\Debug\Cm0Start.o
                                0x30b (size before relaxing)
 .debug_str     0x00000e4b      0x2e5 .\CortexM0\ARM_GCC_541\Debug\CAN Tester.a(CAN.o)
                                0x540 (size before relaxing)
 .debug_str     0x00001130       0x29 .\CortexM0\ARM_GCC_541\Debug\CAN Tester.a(CAN_INT.o)
                                0x1ae (size before relaxing)
 .debug_str     0x00001159       0x69 .\CortexM0\ARM_GCC_541\Debug\CAN Tester.a(CAN_TX_RX_func.o)
                                0x2d3 (size before relaxing)
 .debug_str     0x000011c2      0x104 .\CortexM0\ARM_GCC_541\Debug\CAN Tester.a(DEBUG.o)
                                0x2af (size before relaxing)
 .debug_str     0x000012c6      0x1e7 .\CortexM0\ARM_GCC_541\Debug\CAN Tester.a(DEBUG_UART.o)
                                0x3e6 (size before relaxing)
 .debug_str     0x000014ad      0x5e5 .\CortexM0\ARM_GCC_541\Debug\CAN Tester.a(CyLib.o)
                                0x807 (size before relaxing)
 .debug_str     0x00001a92      0x6df .\CortexM0\ARM_GCC_541\Debug\CAN Tester.a(CyLFClk.o)
                                0x927 (size before relaxing)
 .debug_str     0x00002171       0xe3 .\CortexM0\ARM_GCC_541\Debug\CAN Tester.a(DEBUG_SPI_UART.o)
                                0x2e2 (size before relaxing)
 .debug_str     0x00002254       0xa0 .\CortexM0\ARM_GCC_541\Debug\CAN Tester.a(CyFlash.o)
                                0x2ba (size before relaxing)

.debug_loc      0x00000000     0x3df6
 *(.debug_loc)
 .debug_loc     0x00000000      0x926 .\CortexM0\ARM_GCC_541\Debug\CANCommon.o
 .debug_loc     0x00000926      0x620 .\CortexM0\ARM_GCC_541\Debug\CANGPIO.o
 .debug_loc     0x00000f46      0x540 .\CortexM0\ARM_GCC_541\Debug\CANPacket.o
 .debug_loc     0x00001486       0x1f .\CortexM0\ARM_GCC_541\Debug\main.o
 .debug_loc     0x000014a5      0x112 .\CortexM0\ARM_GCC_541\Debug\PortCANDebug.o
 .debug_loc     0x000015b7       0xa9 .\CortexM0\ARM_GCC_541\Debug\cyfitter_cfg.o
 .debug_loc     0x00001660      0x14f .\CortexM0\ARM_GCC_541\Debug\Cm0Start.o
 .debug_loc     0x000017af      0xa5e .\CortexM0\ARM_GCC_541\Debug\CAN Tester.a(CAN.o)
 .debug_loc     0x0000220d      0x17f .\CortexM0\ARM_GCC_541\Debug\CAN Tester.a(CAN_TX_RX_func.o)
 .debug_loc     0x0000238c       0x7e .\CortexM0\ARM_GCC_541\Debug\CAN Tester.a(DEBUG.o)
 .debug_loc     0x0000240a      0x223 .\CortexM0\ARM_GCC_541\Debug\CAN Tester.a(DEBUG_UART.o)
 .debug_loc     0x0000262d      0x81c .\CortexM0\ARM_GCC_541\Debug\CAN Tester.a(CyLib.o)
 .debug_loc     0x00002e49      0xdb7 .\CortexM0\ARM_GCC_541\Debug\CAN Tester.a(CyLFClk.o)
 .debug_loc     0x00003c00       0x96 .\CortexM0\ARM_GCC_541\Debug\CAN Tester.a(DEBUG_SPI_UART.o)
 .debug_loc     0x00003c96      0x160 .\CortexM0\ARM_GCC_541\Debug\CAN Tester.a(CyFlash.o)

.debug_macinfo
 *(.debug_macinfo)

.debug_ranges   0x00000000      0x840
 *(.debug_ranges)
 .debug_ranges  0x00000000       0xb0 .\CortexM0\ARM_GCC_541\Debug\CANCommon.o
 .debug_ranges  0x000000b0       0x78 .\CortexM0\ARM_GCC_541\Debug\CANGPIO.o
 .debug_ranges  0x00000128       0xc8 .\CortexM0\ARM_GCC_541\Debug\CANPacket.o
 .debug_ranges  0x000001f0       0x18 .\CortexM0\ARM_GCC_541\Debug\main.o
 .debug_ranges  0x00000208       0x58 .\CortexM0\ARM_GCC_541\Debug\PortCANDebug.o
 .debug_ranges  0x00000260       0x28 .\CortexM0\ARM_GCC_541\Debug\cyfitter_cfg.o
 .debug_ranges  0x00000288       0x38 .\CortexM0\ARM_GCC_541\Debug\Cm0Start.o
 .debug_ranges  0x000002c0       0xd8 .\CortexM0\ARM_GCC_541\Debug\CAN Tester.a(CAN.o)
 .debug_ranges  0x00000398       0x10 .\CortexM0\ARM_GCC_541\Debug\CAN Tester.a(CAN_INT.o)
 .debug_ranges  0x000003a8       0x20 .\CortexM0\ARM_GCC_541\Debug\CAN Tester.a(CAN_TX_RX_func.o)
 .debug_ranges  0x000003c8       0x48 .\CortexM0\ARM_GCC_541\Debug\CAN Tester.a(DEBUG.o)
 .debug_ranges  0x00000410       0x80 .\CortexM0\ARM_GCC_541\Debug\CAN Tester.a(DEBUG_UART.o)
 .debug_ranges  0x00000490      0x1b8 .\CortexM0\ARM_GCC_541\Debug\CAN Tester.a(CyLib.o)
 .debug_ranges  0x00000648      0x178 .\CortexM0\ARM_GCC_541\Debug\CAN Tester.a(CyLFClk.o)
 .debug_ranges  0x000007c0       0x50 .\CortexM0\ARM_GCC_541\Debug\CAN Tester.a(DEBUG_SPI_UART.o)
 .debug_ranges  0x00000810       0x30 .\CortexM0\ARM_GCC_541\Debug\CAN Tester.a(CyFlash.o)

.comment        0x00000000       0x6e
 .comment       0x00000000       0x6e .\CortexM0\ARM_GCC_541\Debug\CANCommon.o
                                 0x6f (size before relaxing)
 .comment       0x0000006e       0x6f .\CortexM0\ARM_GCC_541\Debug\CANGPIO.o
 .comment       0x0000006e       0x6f .\CortexM0\ARM_GCC_541\Debug\CANLocalization.o
 .comment       0x0000006e       0x6f .\CortexM0\ARM_GCC_541\Debug\CANPacket.o
 .comment       0x0000006e       0x6f .\CortexM0\ARM_GCC_541\Debug\main.o
 .comment       0x0000006e       0x6f .\CortexM0\ARM_GCC_541\Debug\PortCANDebug.o
 .comment       0x0000006e       0x6f .\CortexM0\ARM_GCC_541\Debug\cyfitter_cfg.o
 .comment       0x0000006e       0x6f .\CortexM0\ARM_GCC_541\Debug\cymetadata.o
 .comment       0x0000006e       0x6f .\CortexM0\ARM_GCC_541\Debug\Cm0Start.o
 .comment       0x0000006e       0x6f .\CortexM0\ARM_GCC_541\Debug\CAN Tester.a(CAN.o)
 .comment       0x0000006e       0x6f .\CortexM0\ARM_GCC_541\Debug\CAN Tester.a(CAN_INT.o)
 .comment       0x0000006e       0x6f .\CortexM0\ARM_GCC_541\Debug\CAN Tester.a(CAN_TX_RX_func.o)
 .comment       0x0000006e       0x6f .\CortexM0\ARM_GCC_541\Debug\CAN Tester.a(DEBUG.o)
 .comment       0x0000006e       0x6f .\CortexM0\ARM_GCC_541\Debug\CAN Tester.a(DEBUG_UART.o)
 .comment       0x0000006e       0x6f .\CortexM0\ARM_GCC_541\Debug\CAN Tester.a(CyLib.o)
 .comment       0x0000006e       0x6f .\CortexM0\ARM_GCC_541\Debug\CAN Tester.a(CyLFClk.o)
 .comment       0x0000006e       0x6f .\CortexM0\ARM_GCC_541\Debug\CAN Tester.a(DEBUG_SPI_UART.o)
 .comment       0x0000006e       0x6f .\CortexM0\ARM_GCC_541\Debug\CAN Tester.a(CyFlash.o)

.debug_weaknames
 *(.debug_weaknames)

.debug_funcnames
 *(.debug_funcnames)

.debug_typenames
 *(.debug_typenames)

.debug_varnames
 *(.debug_varnames)

.note.gnu.arm.ident
 *(.note.gnu.arm.ident)

.ARM.attributes
                0x00000000       0x28
 *(.ARM.attributes)
 .ARM.attributes
                0x00000000       0x1e x:/programs/cypress/psoc creator/4.4/psoc creator/import/gnu/arm/5.4.1/bin/../lib/gcc/arm-none-eabi/5.4.1/armv6-m/crti.o
 .ARM.attributes
                0x0000001e       0x2c x:/programs/cypress/psoc creator/4.4/psoc creator/import/gnu/arm/5.4.1/bin/../lib/gcc/arm-none-eabi/5.4.1/armv6-m/crtbegin.o
 .ARM.attributes
                0x0000004a       0x1b x:/programs/cypress/psoc creator/4.4/psoc creator/import/gnu/arm/5.4.1/bin/../lib/gcc/arm-none-eabi/5.4.1/../../../../arm-none-eabi/lib/armv6-m/crt0.o
 .ARM.attributes
                0x00000065       0x31 .\CortexM0\ARM_GCC_541\Debug\CANCommon.o
 .ARM.attributes
                0x00000096       0x31 .\CortexM0\ARM_GCC_541\Debug\CANGPIO.o
 .ARM.attributes
                0x000000c7       0x31 .\CortexM0\ARM_GCC_541\Debug\CANLocalization.o
 .ARM.attributes
                0x000000f8       0x31 .\CortexM0\ARM_GCC_541\Debug\CANPacket.o
 .ARM.attributes
                0x00000129       0x31 .\CortexM0\ARM_GCC_541\Debug\main.o
 .ARM.attributes
                0x0000015a       0x31 .\CortexM0\ARM_GCC_541\Debug\PortCANDebug.o
 .ARM.attributes
                0x0000018b       0x31 .\CortexM0\ARM_GCC_541\Debug\cyfitter_cfg.o
 .ARM.attributes
                0x000001bc       0x31 .\CortexM0\ARM_GCC_541\Debug\cymetadata.o
 .ARM.attributes
                0x000001ed       0x31 .\CortexM0\ARM_GCC_541\Debug\Cm0Start.o
 .ARM.attributes
                0x0000021e       0x31 .\CortexM0\ARM_GCC_541\Debug\CAN Tester.a(CAN.o)
 .ARM.attributes
                0x0000024f       0x31 .\CortexM0\ARM_GCC_541\Debug\CAN Tester.a(CAN_INT.o)
 .ARM.attributes
                0x00000280       0x31 .\CortexM0\ARM_GCC_541\Debug\CAN Tester.a(CAN_TX_RX_func.o)
 .ARM.attributes
                0x000002b1       0x31 .\CortexM0\ARM_GCC_541\Debug\CAN Tester.a(DEBUG.o)
 .ARM.attributes
                0x000002e2       0x31 .\CortexM0\ARM_GCC_541\Debug\CAN Tester.a(DEBUG_UART.o)
 .ARM.attributes
                0x00000313       0x31 .\CortexM0\ARM_GCC_541\Debug\CAN Tester.a(CyLib.o)
 .ARM.attributes
                0x00000344       0x31 .\CortexM0\ARM_GCC_541\Debug\CAN Tester.a(CyLFClk.o)
 .ARM.attributes
                0x00000375       0x21 .\CortexM0\ARM_GCC_541\Debug\CAN Tester.a(CyBootAsmGnu.o)
 .ARM.attributes
                0x00000396       0x31 .\CortexM0\ARM_GCC_541\Debug\CAN Tester.a(DEBUG_SPI_UART.o)
 .ARM.attributes
                0x000003c7       0x31 .\CortexM0\ARM_GCC_541\Debug\CAN Tester.a(CyFlash.o)
 .ARM.attributes
                0x000003f8       0x1e x:/programs/cypress/psoc creator/4.4/psoc creator/import/gnu/arm/5.4.1/bin/../lib/gcc/arm-none-eabi/5.4.1/armv6-m\libgcc.a(_udivsi3.o)
 .ARM.attributes
                0x00000416       0x1e x:/programs/cypress/psoc creator/4.4/psoc creator/import/gnu/arm/5.4.1/bin/../lib/gcc/arm-none-eabi/5.4.1/armv6-m\libgcc.a(_divsi3.o)
 .ARM.attributes
                0x00000434       0x1e x:/programs/cypress/psoc creator/4.4/psoc creator/import/gnu/arm/5.4.1/bin/../lib/gcc/arm-none-eabi/5.4.1/armv6-m\libgcc.a(_dvmd_tls.o)
 .ARM.attributes
                0x00000452       0x2c x:/programs/cypress/psoc creator/4.4/psoc creator/import/gnu/arm/5.4.1/bin/../lib/gcc/arm-none-eabi/5.4.1/../../../../arm-none-eabi/lib/armv6-m\libg_nano.a(lib_a-errno.o)
 .ARM.attributes
                0x0000047e       0x2c x:/programs/cypress/psoc creator/4.4/psoc creator/import/gnu/arm/5.4.1/bin/../lib/gcc/arm-none-eabi/5.4.1/../../../../arm-none-eabi/lib/armv6-m\libg_nano.a(lib_a-exit.o)
 .ARM.attributes
                0x000004aa       0x2c x:/programs/cypress/psoc creator/4.4/psoc creator/import/gnu/arm/5.4.1/bin/../lib/gcc/arm-none-eabi/5.4.1/../../../../arm-none-eabi/lib/armv6-m\libg_nano.a(lib_a-impure.o)
 .ARM.attributes
                0x000004d6       0x2c x:/programs/cypress/psoc creator/4.4/psoc creator/import/gnu/arm/5.4.1/bin/../lib/gcc/arm-none-eabi/5.4.1/../../../../arm-none-eabi/lib/armv6-m\libg_nano.a(lib_a-init.o)
 .ARM.attributes
                0x00000502       0x2c x:/programs/cypress/psoc creator/4.4/psoc creator/import/gnu/arm/5.4.1/bin/../lib/gcc/arm-none-eabi/5.4.1/../../../../arm-none-eabi/lib/armv6-m\libg_nano.a(lib_a-itoa.o)
 .ARM.attributes
                0x0000052e       0x2c x:/programs/cypress/psoc creator/4.4/psoc creator/import/gnu/arm/5.4.1/bin/../lib/gcc/arm-none-eabi/5.4.1/../../../../arm-none-eabi/lib/armv6-m\libg_nano.a(lib_a-memcpy-stub.o)
 .ARM.attributes
                0x0000055a       0x2c x:/programs/cypress/psoc creator/4.4/psoc creator/import/gnu/arm/5.4.1/bin/../lib/gcc/arm-none-eabi/5.4.1/../../../../arm-none-eabi/lib/armv6-m\libg_nano.a(lib_a-memset.o)
 .ARM.attributes
                0x00000586       0x2c x:/programs/cypress/psoc creator/4.4/psoc creator/import/gnu/arm/5.4.1/bin/../lib/gcc/arm-none-eabi/5.4.1/../../../../arm-none-eabi/lib/armv6-m\libg_nano.a(lib_a-sprintf.o)
 .ARM.attributes
                0x000005b2       0x2c x:/programs/cypress/psoc creator/4.4/psoc creator/import/gnu/arm/5.4.1/bin/../lib/gcc/arm-none-eabi/5.4.1/../../../../arm-none-eabi/lib/armv6-m\libg_nano.a(lib_a-utoa.o)
 .ARM.attributes
                0x000005de       0x2c x:/programs/cypress/psoc creator/4.4/psoc creator/import/gnu/arm/5.4.1/bin/../lib/gcc/arm-none-eabi/5.4.1/../../../../arm-none-eabi/lib/armv6-m\libg_nano.a(lib_a-nano-svfprintf.o)
 .ARM.attributes
                0x0000060a       0x2c x:/programs/cypress/psoc creator/4.4/psoc creator/import/gnu/arm/5.4.1/bin/../lib/gcc/arm-none-eabi/5.4.1/../../../../arm-none-eabi/lib/armv6-m\libg_nano.a(lib_a-nano-vfprintf_i.o)
 .ARM.attributes
                0x00000636       0x2c x:/programs/cypress/psoc creator/4.4/psoc creator/import/gnu/arm/5.4.1/bin/../lib/gcc/arm-none-eabi/5.4.1/../../../../arm-none-eabi/lib/armv6-m\libg_nano.a(lib_a-memchr-stub.o)
 .ARM.attributes
                0x00000662       0x2c x:/programs/cypress/psoc creator/4.4/psoc creator/import/gnu/arm/5.4.1/bin/../lib/gcc/arm-none-eabi/5.4.1/../../../../arm-none-eabi/lib/armv6-m\libg_nano.a(lib_a-memmove.o)
 .ARM.attributes
                0x0000068e       0x2c x:/programs/cypress/psoc creator/4.4/psoc creator/import/gnu/arm/5.4.1/bin/../lib/gcc/arm-none-eabi/5.4.1/../../../../arm-none-eabi/lib/armv6-m\libg_nano.a(lib_a-nano-freer.o)
 .ARM.attributes
                0x000006ba       0x2c x:/programs/cypress/psoc creator/4.4/psoc creator/import/gnu/arm/5.4.1/bin/../lib/gcc/arm-none-eabi/5.4.1/../../../../arm-none-eabi/lib/armv6-m\libg_nano.a(lib_a-nano-mallocr.o)
 .ARM.attributes
                0x000006e6       0x2c x:/programs/cypress/psoc creator/4.4/psoc creator/import/gnu/arm/5.4.1/bin/../lib/gcc/arm-none-eabi/5.4.1/../../../../arm-none-eabi/lib/armv6-m\libg_nano.a(lib_a-nano-reallocr.o)
 .ARM.attributes
                0x00000712       0x2c x:/programs/cypress/psoc creator/4.4/psoc creator/import/gnu/arm/5.4.1/bin/../lib/gcc/arm-none-eabi/5.4.1/../../../../arm-none-eabi/lib/armv6-m\libg_nano.a(lib_a-sbrkr.o)
 .ARM.attributes
                0x0000073e       0x2c x:/programs/cypress/psoc creator/4.4/psoc creator/import/gnu/arm/5.4.1/bin/../lib/gcc/arm-none-eabi/5.4.1/../../../../arm-none-eabi/lib/armv6-m\libg_nano.a(lib_a-mlock.o)
 .ARM.attributes
                0x0000076a       0x2c x:/programs/cypress/psoc creator/4.4/psoc creator/import/gnu/arm/5.4.1/bin/../lib/gcc/arm-none-eabi/5.4.1/../../../../arm-none-eabi/lib/armv6-m\libg_nano.a(lib_a-nano-msizer.o)
 .ARM.attributes
                0x00000796       0x2c x:/programs/cypress/psoc creator/4.4/psoc creator/import/gnu/arm/5.4.1/bin/../lib/gcc/arm-none-eabi/5.4.1/../../../../arm-none-eabi/lib/armv6-m\libg_nano.a(lib_a-reent.o)
 .ARM.attributes
                0x000007c2       0x2c x:/programs/cypress/psoc creator/4.4/psoc creator/import/gnu/arm/5.4.1/bin/../lib/gcc/arm-none-eabi/5.4.1/armv6-m/crtend.o
 .ARM.attributes
                0x000007ee       0x1e x:/programs/cypress/psoc creator/4.4/psoc creator/import/gnu/arm/5.4.1/bin/../lib/gcc/arm-none-eabi/5.4.1/armv6-m/crtn.o

/DISCARD/
 *(.note.GNU-stack)
OUTPUT(C:\Users\Davis Sauer\Documents\PSoC Creator\Husky Robotics\CAN Tester.cydsn\CortexM0\ARM_GCC_541\Debug\CAN Tester.elf elf32-littlearm)
