ARM GAS  C:\Users\TT\AppData\Local\Temp\ccfbQwsa.s 			page 1


   1              		.syntax unified
   2              		.cpu cortex-m0
   3              		.fpu softvfp
   4              		.eabi_attribute 20, 1
   5              		.eabi_attribute 21, 1
   6              		.eabi_attribute 23, 3
   7              		.eabi_attribute 24, 1
   8              		.eabi_attribute 25, 1
   9              		.eabi_attribute 26, 1
  10              		.eabi_attribute 30, 1
  11              		.eabi_attribute 34, 0
  12              		.eabi_attribute 18, 4
  13              		.thumb
  14              		.syntax unified
  15              		.file	"cyfitter_cfg.c"
  16              		.text
  17              	.Ltext0:
  18              		.cfi_sections	.debug_frame
  19              		.section	.text.AnalogSetDefault,"ax",%progbits
  20              		.align	2
  21              		.code	16
  22              		.thumb_func
  23              		.type	AnalogSetDefault, %function
  24              	AnalogSetDefault:
  25              	.LFB5:
  26              		.file 1 "Generated_Source\\PSoC4\\cyfitter_cfg.c"
   1:Generated_Source\PSoC4/cyfitter_cfg.c **** 
   2:Generated_Source\PSoC4/cyfitter_cfg.c **** /*******************************************************************************
   3:Generated_Source\PSoC4/cyfitter_cfg.c **** * File Name: cyfitter_cfg.c
   4:Generated_Source\PSoC4/cyfitter_cfg.c **** * 
   5:Generated_Source\PSoC4/cyfitter_cfg.c **** * PSoC Creator  4.4
   6:Generated_Source\PSoC4/cyfitter_cfg.c **** *
   7:Generated_Source\PSoC4/cyfitter_cfg.c **** * Description:
   8:Generated_Source\PSoC4/cyfitter_cfg.c **** * This file contains device initialization code.
   9:Generated_Source\PSoC4/cyfitter_cfg.c **** * Except for the user defined sections in CyClockStartupError(), this file should not be modified.
  10:Generated_Source\PSoC4/cyfitter_cfg.c **** * This file is automatically generated by PSoC Creator.
  11:Generated_Source\PSoC4/cyfitter_cfg.c **** *
  12:Generated_Source\PSoC4/cyfitter_cfg.c **** ********************************************************************************
  13:Generated_Source\PSoC4/cyfitter_cfg.c **** * Copyright (c) 2007-2020 Cypress Semiconductor.  All rights reserved.
  14:Generated_Source\PSoC4/cyfitter_cfg.c **** * You may use this file only in accordance with the license, terms, conditions, 
  15:Generated_Source\PSoC4/cyfitter_cfg.c **** * disclaimers, and limitations in the end user license agreement accompanying 
  16:Generated_Source\PSoC4/cyfitter_cfg.c **** * the software package with which this file was provided.
  17:Generated_Source\PSoC4/cyfitter_cfg.c **** ********************************************************************************/
  18:Generated_Source\PSoC4/cyfitter_cfg.c **** 
  19:Generated_Source\PSoC4/cyfitter_cfg.c **** #include <string.h>
  20:Generated_Source\PSoC4/cyfitter_cfg.c **** #include "cytypes.h"
  21:Generated_Source\PSoC4/cyfitter_cfg.c **** #include "cydevice_trm.h"
  22:Generated_Source\PSoC4/cyfitter_cfg.c **** #include "cyfitter.h"
  23:Generated_Source\PSoC4/cyfitter_cfg.c **** #include "CyLib.h"
  24:Generated_Source\PSoC4/cyfitter_cfg.c **** #include "CyLFClk.h"
  25:Generated_Source\PSoC4/cyfitter_cfg.c **** #include "cyfitter_cfg.h"
  26:Generated_Source\PSoC4/cyfitter_cfg.c **** #include "cyapicallbacks.h"
  27:Generated_Source\PSoC4/cyfitter_cfg.c **** 
  28:Generated_Source\PSoC4/cyfitter_cfg.c **** 
  29:Generated_Source\PSoC4/cyfitter_cfg.c **** #if defined(__GNUC__) || defined(__ARMCC_VERSION)
  30:Generated_Source\PSoC4/cyfitter_cfg.c ****     #define CYPACKED 
  31:Generated_Source\PSoC4/cyfitter_cfg.c ****     #define CYPACKED_ATTR __attribute__ ((packed))
ARM GAS  C:\Users\TT\AppData\Local\Temp\ccfbQwsa.s 			page 2


  32:Generated_Source\PSoC4/cyfitter_cfg.c ****     #define CYALIGNED __attribute__ ((aligned))
  33:Generated_Source\PSoC4/cyfitter_cfg.c ****     #define CY_CFG_UNUSED __attribute__ ((unused))
  34:Generated_Source\PSoC4/cyfitter_cfg.c ****     #ifndef CY_CFG_SECTION
  35:Generated_Source\PSoC4/cyfitter_cfg.c ****         #define CY_CFG_SECTION __attribute__ ((section(".psocinit")))
  36:Generated_Source\PSoC4/cyfitter_cfg.c ****     #endif
  37:Generated_Source\PSoC4/cyfitter_cfg.c ****     
  38:Generated_Source\PSoC4/cyfitter_cfg.c ****     #if defined(__ARMCC_VERSION)
  39:Generated_Source\PSoC4/cyfitter_cfg.c ****         #define CY_CFG_MEMORY_BARRIER() __memory_changed()
  40:Generated_Source\PSoC4/cyfitter_cfg.c ****     #else
  41:Generated_Source\PSoC4/cyfitter_cfg.c ****         #define CY_CFG_MEMORY_BARRIER() __sync_synchronize()
  42:Generated_Source\PSoC4/cyfitter_cfg.c ****     #endif
  43:Generated_Source\PSoC4/cyfitter_cfg.c ****     
  44:Generated_Source\PSoC4/cyfitter_cfg.c **** #elif defined(__ICCARM__)
  45:Generated_Source\PSoC4/cyfitter_cfg.c ****     #include <intrinsics.h>
  46:Generated_Source\PSoC4/cyfitter_cfg.c **** 
  47:Generated_Source\PSoC4/cyfitter_cfg.c ****     #define CYPACKED __packed
  48:Generated_Source\PSoC4/cyfitter_cfg.c ****     #define CYPACKED_ATTR 
  49:Generated_Source\PSoC4/cyfitter_cfg.c ****     #define CYALIGNED _Pragma("data_alignment=4")
  50:Generated_Source\PSoC4/cyfitter_cfg.c ****     #define CY_CFG_UNUSED _Pragma("diag_suppress=Pe177")
  51:Generated_Source\PSoC4/cyfitter_cfg.c ****     #define CY_CFG_SECTION _Pragma("location=\".psocinit\"")
  52:Generated_Source\PSoC4/cyfitter_cfg.c ****     
  53:Generated_Source\PSoC4/cyfitter_cfg.c ****     #define CY_CFG_MEMORY_BARRIER() __DMB()
  54:Generated_Source\PSoC4/cyfitter_cfg.c ****     
  55:Generated_Source\PSoC4/cyfitter_cfg.c **** #else
  56:Generated_Source\PSoC4/cyfitter_cfg.c ****     #error Unsupported toolchain
  57:Generated_Source\PSoC4/cyfitter_cfg.c **** #endif
  58:Generated_Source\PSoC4/cyfitter_cfg.c **** 
  59:Generated_Source\PSoC4/cyfitter_cfg.c **** #ifndef CYCODE
  60:Generated_Source\PSoC4/cyfitter_cfg.c ****     #define CYCODE
  61:Generated_Source\PSoC4/cyfitter_cfg.c **** #endif
  62:Generated_Source\PSoC4/cyfitter_cfg.c **** #ifndef CYDATA
  63:Generated_Source\PSoC4/cyfitter_cfg.c ****     #define CYDATA
  64:Generated_Source\PSoC4/cyfitter_cfg.c **** #endif
  65:Generated_Source\PSoC4/cyfitter_cfg.c **** #ifndef CYFAR
  66:Generated_Source\PSoC4/cyfitter_cfg.c ****     #define CYFAR
  67:Generated_Source\PSoC4/cyfitter_cfg.c **** #endif
  68:Generated_Source\PSoC4/cyfitter_cfg.c **** #ifndef CYXDATA
  69:Generated_Source\PSoC4/cyfitter_cfg.c ****     #define CYXDATA
  70:Generated_Source\PSoC4/cyfitter_cfg.c **** #endif
  71:Generated_Source\PSoC4/cyfitter_cfg.c **** 
  72:Generated_Source\PSoC4/cyfitter_cfg.c **** 
  73:Generated_Source\PSoC4/cyfitter_cfg.c **** CY_CFG_UNUSED
  74:Generated_Source\PSoC4/cyfitter_cfg.c **** static void CYMEMZERO(void *s, size_t n);
  75:Generated_Source\PSoC4/cyfitter_cfg.c **** CY_CFG_UNUSED
  76:Generated_Source\PSoC4/cyfitter_cfg.c **** static void CYMEMZERO(void *s, size_t n)
  77:Generated_Source\PSoC4/cyfitter_cfg.c **** {
  78:Generated_Source\PSoC4/cyfitter_cfg.c **** 	(void)memset(s, 0, n);
  79:Generated_Source\PSoC4/cyfitter_cfg.c **** }
  80:Generated_Source\PSoC4/cyfitter_cfg.c **** CY_CFG_UNUSED
  81:Generated_Source\PSoC4/cyfitter_cfg.c **** static void CYCONFIGCPY(void *dest, const void *src, size_t n);
  82:Generated_Source\PSoC4/cyfitter_cfg.c **** CY_CFG_UNUSED
  83:Generated_Source\PSoC4/cyfitter_cfg.c **** static void CYCONFIGCPY(void *dest, const void *src, size_t n)
  84:Generated_Source\PSoC4/cyfitter_cfg.c **** {
  85:Generated_Source\PSoC4/cyfitter_cfg.c **** 	(void)memcpy(dest, src, n);
  86:Generated_Source\PSoC4/cyfitter_cfg.c **** }
  87:Generated_Source\PSoC4/cyfitter_cfg.c **** CY_CFG_UNUSED
  88:Generated_Source\PSoC4/cyfitter_cfg.c **** static void CYCONFIGCPYCODE(void *dest, const void *src, size_t n);
ARM GAS  C:\Users\TT\AppData\Local\Temp\ccfbQwsa.s 			page 3


  89:Generated_Source\PSoC4/cyfitter_cfg.c **** CY_CFG_UNUSED
  90:Generated_Source\PSoC4/cyfitter_cfg.c **** static void CYCONFIGCPYCODE(void *dest, const void *src, size_t n)
  91:Generated_Source\PSoC4/cyfitter_cfg.c **** {
  92:Generated_Source\PSoC4/cyfitter_cfg.c **** 	(void)memcpy(dest, src, n);
  93:Generated_Source\PSoC4/cyfitter_cfg.c **** }
  94:Generated_Source\PSoC4/cyfitter_cfg.c **** 
  95:Generated_Source\PSoC4/cyfitter_cfg.c **** 
  96:Generated_Source\PSoC4/cyfitter_cfg.c **** 
  97:Generated_Source\PSoC4/cyfitter_cfg.c **** 
  98:Generated_Source\PSoC4/cyfitter_cfg.c **** /* Clock startup error codes                                                   */
  99:Generated_Source\PSoC4/cyfitter_cfg.c **** #define CYCLOCKSTART_NO_ERROR    0u
 100:Generated_Source\PSoC4/cyfitter_cfg.c **** #define CYCLOCKSTART_XTAL_ERROR  1u
 101:Generated_Source\PSoC4/cyfitter_cfg.c **** #define CYCLOCKSTART_32KHZ_ERROR 2u
 102:Generated_Source\PSoC4/cyfitter_cfg.c **** #define CYCLOCKSTART_PLL_ERROR   3u
 103:Generated_Source\PSoC4/cyfitter_cfg.c **** #define CYCLOCKSTART_FLL_ERROR   4u
 104:Generated_Source\PSoC4/cyfitter_cfg.c **** #define CYCLOCKSTART_WCO_ERROR   5u
 105:Generated_Source\PSoC4/cyfitter_cfg.c **** 
 106:Generated_Source\PSoC4/cyfitter_cfg.c **** 
 107:Generated_Source\PSoC4/cyfitter_cfg.c **** #ifdef CY_NEED_CYCLOCKSTARTUPERROR
 108:Generated_Source\PSoC4/cyfitter_cfg.c **** /*******************************************************************************
 109:Generated_Source\PSoC4/cyfitter_cfg.c **** * Function Name: CyClockStartupError
 110:Generated_Source\PSoC4/cyfitter_cfg.c **** ********************************************************************************
 111:Generated_Source\PSoC4/cyfitter_cfg.c **** * Summary:
 112:Generated_Source\PSoC4/cyfitter_cfg.c **** *  If an error is encountered during clock configuration (crystal startup error,
 113:Generated_Source\PSoC4/cyfitter_cfg.c **** *  PLL lock error, etc.), the system will end up here.  Unless reimplemented by
 114:Generated_Source\PSoC4/cyfitter_cfg.c **** *  the customer, this function will stop in an infinite loop.
 115:Generated_Source\PSoC4/cyfitter_cfg.c **** *
 116:Generated_Source\PSoC4/cyfitter_cfg.c **** * Parameters:
 117:Generated_Source\PSoC4/cyfitter_cfg.c **** *   void
 118:Generated_Source\PSoC4/cyfitter_cfg.c **** *
 119:Generated_Source\PSoC4/cyfitter_cfg.c **** * Return:
 120:Generated_Source\PSoC4/cyfitter_cfg.c **** *   void
 121:Generated_Source\PSoC4/cyfitter_cfg.c **** *
 122:Generated_Source\PSoC4/cyfitter_cfg.c **** *******************************************************************************/
 123:Generated_Source\PSoC4/cyfitter_cfg.c **** CY_CFG_UNUSED
 124:Generated_Source\PSoC4/cyfitter_cfg.c **** static void CyClockStartupError(uint8 errorCode);
 125:Generated_Source\PSoC4/cyfitter_cfg.c **** CY_CFG_UNUSED
 126:Generated_Source\PSoC4/cyfitter_cfg.c **** static void CyClockStartupError(uint8 errorCode)
 127:Generated_Source\PSoC4/cyfitter_cfg.c **** {
 128:Generated_Source\PSoC4/cyfitter_cfg.c ****     /* To remove the compiler warning if errorCode not used.                */
 129:Generated_Source\PSoC4/cyfitter_cfg.c ****     errorCode = errorCode;
 130:Generated_Source\PSoC4/cyfitter_cfg.c **** 
 131:Generated_Source\PSoC4/cyfitter_cfg.c ****     /* If we have a clock startup error (bad MHz crystal, PLL lock, etc.),  */
 132:Generated_Source\PSoC4/cyfitter_cfg.c ****     /* we will end up here to allow the customer to implement something to  */
 133:Generated_Source\PSoC4/cyfitter_cfg.c ****     /* deal with the clock condition.                                       */
 134:Generated_Source\PSoC4/cyfitter_cfg.c **** 
 135:Generated_Source\PSoC4/cyfitter_cfg.c **** #ifdef CY_CFG_CLOCK_STARTUP_ERROR_CALLBACK
 136:Generated_Source\PSoC4/cyfitter_cfg.c ****     CY_CFG_Clock_Startup_ErrorCallback();
 137:Generated_Source\PSoC4/cyfitter_cfg.c **** #else
 138:Generated_Source\PSoC4/cyfitter_cfg.c ****     /*  If not using CY_CFG_CLOCK_STARTUP_ERROR_CALLBACK, place your clock startup code here. */
 139:Generated_Source\PSoC4/cyfitter_cfg.c ****     /* `#START CyClockStartupError` */
 140:Generated_Source\PSoC4/cyfitter_cfg.c **** 
 141:Generated_Source\PSoC4/cyfitter_cfg.c **** 
 142:Generated_Source\PSoC4/cyfitter_cfg.c **** 
 143:Generated_Source\PSoC4/cyfitter_cfg.c ****     /* `#END` */
 144:Generated_Source\PSoC4/cyfitter_cfg.c **** 
 145:Generated_Source\PSoC4/cyfitter_cfg.c ****     while(1) {}
ARM GAS  C:\Users\TT\AppData\Local\Temp\ccfbQwsa.s 			page 4


 146:Generated_Source\PSoC4/cyfitter_cfg.c **** #endif /* CY_CFG_CLOCK_STARTUP_ERROR_CALLBACK */
 147:Generated_Source\PSoC4/cyfitter_cfg.c **** }
 148:Generated_Source\PSoC4/cyfitter_cfg.c **** #endif
 149:Generated_Source\PSoC4/cyfitter_cfg.c **** 
 150:Generated_Source\PSoC4/cyfitter_cfg.c **** 
 151:Generated_Source\PSoC4/cyfitter_cfg.c **** 
 152:Generated_Source\PSoC4/cyfitter_cfg.c **** /*******************************************************************************
 153:Generated_Source\PSoC4/cyfitter_cfg.c **** * Function Name: ClockSetup
 154:Generated_Source\PSoC4/cyfitter_cfg.c **** ********************************************************************************
 155:Generated_Source\PSoC4/cyfitter_cfg.c **** *
 156:Generated_Source\PSoC4/cyfitter_cfg.c **** * Summary:
 157:Generated_Source\PSoC4/cyfitter_cfg.c **** *   Performs the initialization of all of the clocks in the device based on the
 158:Generated_Source\PSoC4/cyfitter_cfg.c **** *   settings in the Clock tab of the DWR.  This includes enabling the requested
 159:Generated_Source\PSoC4/cyfitter_cfg.c **** *   clocks and setting the necessary dividers to produce the desired frequency. 
 160:Generated_Source\PSoC4/cyfitter_cfg.c **** *
 161:Generated_Source\PSoC4/cyfitter_cfg.c **** * Parameters:
 162:Generated_Source\PSoC4/cyfitter_cfg.c **** *   void
 163:Generated_Source\PSoC4/cyfitter_cfg.c **** *
 164:Generated_Source\PSoC4/cyfitter_cfg.c **** * Return:
 165:Generated_Source\PSoC4/cyfitter_cfg.c **** *   void
 166:Generated_Source\PSoC4/cyfitter_cfg.c **** *
 167:Generated_Source\PSoC4/cyfitter_cfg.c **** *******************************************************************************/
 168:Generated_Source\PSoC4/cyfitter_cfg.c **** static void ClockSetup(void);
 169:Generated_Source\PSoC4/cyfitter_cfg.c **** CY_CFG_SECTION
 170:Generated_Source\PSoC4/cyfitter_cfg.c **** static void ClockSetup(void)
 171:Generated_Source\PSoC4/cyfitter_cfg.c **** {
 172:Generated_Source\PSoC4/cyfitter_cfg.c **** 
 173:Generated_Source\PSoC4/cyfitter_cfg.c **** 	/* Set Flash Cycles based on max possible frequency in case a glitch occurs during ClockSetup(). *
 174:Generated_Source\PSoC4/cyfitter_cfg.c **** 	CY_SET_REG32((void CYXDATA *)(CYREG_CPUSS_FLASH_CTL), (0x0012u));
 175:Generated_Source\PSoC4/cyfitter_cfg.c **** 
 176:Generated_Source\PSoC4/cyfitter_cfg.c **** 	/* Start the WCO */
 177:Generated_Source\PSoC4/cyfitter_cfg.c **** 	CySysClkWcoStart();
 178:Generated_Source\PSoC4/cyfitter_cfg.c **** 
 179:Generated_Source\PSoC4/cyfitter_cfg.c **** 	/* Setup and trim IMO based on desired frequency. */
 180:Generated_Source\PSoC4/cyfitter_cfg.c **** 	CySysClkWriteImoFreq(48u);
 181:Generated_Source\PSoC4/cyfitter_cfg.c **** 	/* CYDEV_CLK_ILO_CONFIG Starting address: CYDEV_CLK_ILO_CONFIG */
 182:Generated_Source\PSoC4/cyfitter_cfg.c **** 	CY_SET_REG32((void *)(CYREG_CLK_ILO_CONFIG), 0x80000006u);
 183:Generated_Source\PSoC4/cyfitter_cfg.c **** 
 184:Generated_Source\PSoC4/cyfitter_cfg.c **** 
 185:Generated_Source\PSoC4/cyfitter_cfg.c **** 	/* Setup phase aligned clocks */
 186:Generated_Source\PSoC4/cyfitter_cfg.c **** 	CY_SET_REG32((void *)CYREG_PERI_DIV_16_CTL0, 0x00000000u);
 187:Generated_Source\PSoC4/cyfitter_cfg.c **** 	CY_SET_REG32((void *)CYREG_PERI_DIV_CMD, 0x8000FF40u);
 188:Generated_Source\PSoC4/cyfitter_cfg.c **** 	CY_SET_REG32((void *)CYREG_PERI_DIV_16_CTL3, 0x00002200u);
 189:Generated_Source\PSoC4/cyfitter_cfg.c **** 	CY_SET_REG32((void *)CYREG_PERI_DIV_CMD, 0x8000FF43u);
 190:Generated_Source\PSoC4/cyfitter_cfg.c **** 	CY_SET_REG32((void *)CYREG_PERI_DIV_16_CTL2, 0x00001D00u);
 191:Generated_Source\PSoC4/cyfitter_cfg.c **** 	CY_SET_REG32((void *)CYREG_PERI_DIV_CMD, 0x8000FF42u);
 192:Generated_Source\PSoC4/cyfitter_cfg.c **** 	CY_SET_REG32((void *)CYREG_PERI_DIV_16_CTL1, 0x00000000u);
 193:Generated_Source\PSoC4/cyfitter_cfg.c **** 	CY_SET_REG32((void *)CYREG_PERI_DIV_CMD, 0x8000FF41u);
 194:Generated_Source\PSoC4/cyfitter_cfg.c **** 
 195:Generated_Source\PSoC4/cyfitter_cfg.c **** 	/* CYDEV_CLK_IMO_CONFIG Starting address: CYDEV_CLK_IMO_CONFIG */
 196:Generated_Source\PSoC4/cyfitter_cfg.c **** 	CY_SET_REG32((void *)(CYREG_CLK_IMO_CONFIG), 0x80000000u);
 197:Generated_Source\PSoC4/cyfitter_cfg.c **** 
 198:Generated_Source\PSoC4/cyfitter_cfg.c **** 	/* CYDEV_CLK_SELECT Starting address: CYDEV_CLK_SELECT */
 199:Generated_Source\PSoC4/cyfitter_cfg.c **** 	CY_SET_REG32((void *)(CYREG_CLK_SELECT), 0x00040000u);
 200:Generated_Source\PSoC4/cyfitter_cfg.c **** 
 201:Generated_Source\PSoC4/cyfitter_cfg.c **** 	/* CYDEV_PERI_PCLK_CTL5 Starting address: CYDEV_PERI_PCLK_CTL5 */
 202:Generated_Source\PSoC4/cyfitter_cfg.c **** 	CY_SET_REG32((void *)(CYREG_PERI_PCLK_CTL5), 0x00000043u);
ARM GAS  C:\Users\TT\AppData\Local\Temp\ccfbQwsa.s 			page 5


 203:Generated_Source\PSoC4/cyfitter_cfg.c **** 
 204:Generated_Source\PSoC4/cyfitter_cfg.c **** 	/* CYDEV_PERI_PCLK_CTL4 Starting address: CYDEV_PERI_PCLK_CTL4 */
 205:Generated_Source\PSoC4/cyfitter_cfg.c **** 	CY_SET_REG32((void *)(CYREG_PERI_PCLK_CTL4), 0x00000042u);
 206:Generated_Source\PSoC4/cyfitter_cfg.c **** 
 207:Generated_Source\PSoC4/cyfitter_cfg.c **** 	/* CYDEV_PERI_PCLK_CTL3 Starting address: CYDEV_PERI_PCLK_CTL3 */
 208:Generated_Source\PSoC4/cyfitter_cfg.c **** 	CY_SET_REG32((void *)(CYREG_PERI_PCLK_CTL3), 0x00000041u);
 209:Generated_Source\PSoC4/cyfitter_cfg.c **** 
 210:Generated_Source\PSoC4/cyfitter_cfg.c **** 	(void)CyIntSetVector(8u, &CySysWdtIsr);
 211:Generated_Source\PSoC4/cyfitter_cfg.c **** 	CyIntEnable(8u);
 212:Generated_Source\PSoC4/cyfitter_cfg.c **** 	CY_SET_REG32((void *)(CYREG_WDT_CONFIG), 0x00000000u);
 213:Generated_Source\PSoC4/cyfitter_cfg.c **** }
 214:Generated_Source\PSoC4/cyfitter_cfg.c **** 
 215:Generated_Source\PSoC4/cyfitter_cfg.c **** 
 216:Generated_Source\PSoC4/cyfitter_cfg.c **** /* Analog API Functions */
 217:Generated_Source\PSoC4/cyfitter_cfg.c **** 
 218:Generated_Source\PSoC4/cyfitter_cfg.c **** 
 219:Generated_Source\PSoC4/cyfitter_cfg.c **** /*******************************************************************************
 220:Generated_Source\PSoC4/cyfitter_cfg.c **** * Function Name: AnalogSetDefault
 221:Generated_Source\PSoC4/cyfitter_cfg.c **** ********************************************************************************
 222:Generated_Source\PSoC4/cyfitter_cfg.c **** *
 223:Generated_Source\PSoC4/cyfitter_cfg.c **** * Summary:
 224:Generated_Source\PSoC4/cyfitter_cfg.c **** *  Sets up the analog portions of the chip to default values based on chip
 225:Generated_Source\PSoC4/cyfitter_cfg.c **** *  configuration options from the project.
 226:Generated_Source\PSoC4/cyfitter_cfg.c **** *
 227:Generated_Source\PSoC4/cyfitter_cfg.c **** * Parameters:
 228:Generated_Source\PSoC4/cyfitter_cfg.c **** *  void
 229:Generated_Source\PSoC4/cyfitter_cfg.c **** *
 230:Generated_Source\PSoC4/cyfitter_cfg.c **** * Return:
 231:Generated_Source\PSoC4/cyfitter_cfg.c **** *  void
 232:Generated_Source\PSoC4/cyfitter_cfg.c **** *
 233:Generated_Source\PSoC4/cyfitter_cfg.c **** *******************************************************************************/
 234:Generated_Source\PSoC4/cyfitter_cfg.c **** static void AnalogSetDefault(void);
 235:Generated_Source\PSoC4/cyfitter_cfg.c **** static void AnalogSetDefault(void)
 236:Generated_Source\PSoC4/cyfitter_cfg.c **** {
  27              		.loc 1 236 0
  28              		.cfi_startproc
  29              		@ args = 0, pretend = 0, frame = 0
  30              		@ frame_needed = 0, uses_anonymous_args = 0
  31              		@ link register save eliminated.
 237:Generated_Source\PSoC4/cyfitter_cfg.c **** 	CY_SET_XTND_REG32((void CYFAR *)CYREG_CTBM0_DFT_CTRL, 0x00000003u);
  32              		.loc 1 237 0
  33 0000 0323     		movs	r3, #3
  34 0002 044A     		ldr	r2, .L2
  35 0004 1360     		str	r3, [r2]
 238:Generated_Source\PSoC4/cyfitter_cfg.c **** 	CY_SET_XTND_REG32((void CYFAR *)CYREG_CTBM1_DFT_CTRL, 0x00000003u);
  36              		.loc 1 238 0
  37 0006 044A     		ldr	r2, .L2+4
  38 0008 1360     		str	r3, [r2]
 239:Generated_Source\PSoC4/cyfitter_cfg.c **** 	CY_SET_XTND_REG32((void CYFAR *)CYREG_PASS_DSAB_DSAB_CTRL, 0x00000000u);
  39              		.loc 1 239 0
  40 000a 0022     		movs	r2, #0
  41 000c 034B     		ldr	r3, .L2+8
  42 000e 1A60     		str	r2, [r3]
 240:Generated_Source\PSoC4/cyfitter_cfg.c **** }
  43              		.loc 1 240 0
  44              		@ sp needed
  45 0010 7047     		bx	lr
ARM GAS  C:\Users\TT\AppData\Local\Temp\ccfbQwsa.s 			page 6


  46              	.L3:
  47 0012 C046     		.align	2
  48              	.L2:
  49 0014 30003040 		.word	1076887600
  50 0018 30003140 		.word	1076953136
  51 001c 000E3F40 		.word	1077874176
  52              		.cfi_endproc
  53              	.LFE5:
  54              		.size	AnalogSetDefault, .-AnalogSetDefault
  55              		.section	.text.CYMEMZERO,"ax",%progbits
  56              		.align	2
  57              		.code	16
  58              		.thumb_func
  59              		.type	CYMEMZERO, %function
  60              	CYMEMZERO:
  61              	.LFB1:
  77:Generated_Source\PSoC4/cyfitter_cfg.c **** 	(void)memset(s, 0, n);
  62              		.loc 1 77 0
  63              		.cfi_startproc
  64              		@ args = 0, pretend = 0, frame = 0
  65              		@ frame_needed = 0, uses_anonymous_args = 0
  66              	.LVL0:
  67 0000 10B5     		push	{r4, lr}
  68              		.cfi_def_cfa_offset 8
  69              		.cfi_offset 4, -8
  70              		.cfi_offset 14, -4
  71 0002 0A00     		movs	r2, r1
  78:Generated_Source\PSoC4/cyfitter_cfg.c **** }
  72              		.loc 1 78 0
  73 0004 0021     		movs	r1, #0
  74              	.LVL1:
  75 0006 FFF7FEFF 		bl	memset
  76              	.LVL2:
  79:Generated_Source\PSoC4/cyfitter_cfg.c **** CY_CFG_UNUSED
  77              		.loc 1 79 0
  78              		@ sp needed
  79 000a 10BD     		pop	{r4, pc}
  80              		.cfi_endproc
  81              	.LFE1:
  82              		.size	CYMEMZERO, .-CYMEMZERO
  83              		.section	.psocinit,"ax",%progbits
  84              		.align	2
  85              		.code	16
  86              		.thumb_func
  87              		.type	ClockSetup, %function
  88              	ClockSetup:
  89              	.LFB4:
 171:Generated_Source\PSoC4/cyfitter_cfg.c **** 
  90              		.loc 1 171 0
  91              		.cfi_startproc
  92              		@ args = 0, pretend = 0, frame = 0
  93              		@ frame_needed = 0, uses_anonymous_args = 0
  94 0000 10B5     		push	{r4, lr}
  95              		.cfi_def_cfa_offset 8
  96              		.cfi_offset 4, -8
  97              		.cfi_offset 14, -4
 174:Generated_Source\PSoC4/cyfitter_cfg.c **** 
ARM GAS  C:\Users\TT\AppData\Local\Temp\ccfbQwsa.s 			page 7


  98              		.loc 1 174 0
  99 0002 1222     		movs	r2, #18
 100 0004 1D4B     		ldr	r3, .L6
 101 0006 1A60     		str	r2, [r3]
 177:Generated_Source\PSoC4/cyfitter_cfg.c **** 
 102              		.loc 1 177 0
 103 0008 FFF7FEFF 		bl	CySysClkWcoStart
 104              	.LVL3:
 180:Generated_Source\PSoC4/cyfitter_cfg.c **** 	/* CYDEV_CLK_ILO_CONFIG Starting address: CYDEV_CLK_ILO_CONFIG */
 105              		.loc 1 180 0
 106 000c 3020     		movs	r0, #48
 107 000e FFF7FEFF 		bl	CySysClkWriteImoFreq
 108              	.LVL4:
 182:Generated_Source\PSoC4/cyfitter_cfg.c **** 
 109              		.loc 1 182 0
 110 0012 1B4A     		ldr	r2, .L6+4
 111 0014 1B4B     		ldr	r3, .L6+8
 112 0016 1A60     		str	r2, [r3]
 186:Generated_Source\PSoC4/cyfitter_cfg.c **** 	CY_SET_REG32((void *)CYREG_PERI_DIV_CMD, 0x8000FF40u);
 113              		.loc 1 186 0
 114 0018 0024     		movs	r4, #0
 115 001a 1B4B     		ldr	r3, .L6+12
 116 001c 1C60     		str	r4, [r3]
 187:Generated_Source\PSoC4/cyfitter_cfg.c **** 	CY_SET_REG32((void *)CYREG_PERI_DIV_16_CTL3, 0x00002200u);
 117              		.loc 1 187 0
 118 001e 1B4B     		ldr	r3, .L6+16
 119 0020 1B4A     		ldr	r2, .L6+20
 120 0022 1A60     		str	r2, [r3]
 188:Generated_Source\PSoC4/cyfitter_cfg.c **** 	CY_SET_REG32((void *)CYREG_PERI_DIV_CMD, 0x8000FF43u);
 121              		.loc 1 188 0
 122 0024 8821     		movs	r1, #136
 123 0026 8901     		lsls	r1, r1, #6
 124 0028 1A4A     		ldr	r2, .L6+24
 125 002a 1160     		str	r1, [r2]
 189:Generated_Source\PSoC4/cyfitter_cfg.c **** 	CY_SET_REG32((void *)CYREG_PERI_DIV_16_CTL2, 0x00001D00u);
 126              		.loc 1 189 0
 127 002c 1A4A     		ldr	r2, .L6+28
 128 002e 1A60     		str	r2, [r3]
 190:Generated_Source\PSoC4/cyfitter_cfg.c **** 	CY_SET_REG32((void *)CYREG_PERI_DIV_CMD, 0x8000FF42u);
 129              		.loc 1 190 0
 130 0030 E821     		movs	r1, #232
 131 0032 4901     		lsls	r1, r1, #5
 132 0034 194A     		ldr	r2, .L6+32
 133 0036 1160     		str	r1, [r2]
 191:Generated_Source\PSoC4/cyfitter_cfg.c **** 	CY_SET_REG32((void *)CYREG_PERI_DIV_16_CTL1, 0x00000000u);
 134              		.loc 1 191 0
 135 0038 194A     		ldr	r2, .L6+36
 136 003a 1A60     		str	r2, [r3]
 192:Generated_Source\PSoC4/cyfitter_cfg.c **** 	CY_SET_REG32((void *)CYREG_PERI_DIV_CMD, 0x8000FF41u);
 137              		.loc 1 192 0
 138 003c 194A     		ldr	r2, .L6+40
 139 003e 1460     		str	r4, [r2]
 193:Generated_Source\PSoC4/cyfitter_cfg.c **** 
 140              		.loc 1 193 0
 141 0040 194A     		ldr	r2, .L6+44
 142 0042 1A60     		str	r2, [r3]
 196:Generated_Source\PSoC4/cyfitter_cfg.c **** 
ARM GAS  C:\Users\TT\AppData\Local\Temp\ccfbQwsa.s 			page 8


 143              		.loc 1 196 0
 144 0044 8022     		movs	r2, #128
 145 0046 1206     		lsls	r2, r2, #24
 146 0048 184B     		ldr	r3, .L6+48
 147 004a 1A60     		str	r2, [r3]
 199:Generated_Source\PSoC4/cyfitter_cfg.c **** 
 148              		.loc 1 199 0
 149 004c 8022     		movs	r2, #128
 150 004e D202     		lsls	r2, r2, #11
 151 0050 174B     		ldr	r3, .L6+52
 152 0052 1A60     		str	r2, [r3]
 202:Generated_Source\PSoC4/cyfitter_cfg.c **** 
 153              		.loc 1 202 0
 154 0054 4322     		movs	r2, #67
 155 0056 174B     		ldr	r3, .L6+56
 156 0058 1A60     		str	r2, [r3]
 205:Generated_Source\PSoC4/cyfitter_cfg.c **** 
 157              		.loc 1 205 0
 158 005a 013A     		subs	r2, r2, #1
 159 005c 164B     		ldr	r3, .L6+60
 160 005e 1A60     		str	r2, [r3]
 208:Generated_Source\PSoC4/cyfitter_cfg.c **** 
 161              		.loc 1 208 0
 162 0060 013A     		subs	r2, r2, #1
 163 0062 164B     		ldr	r3, .L6+64
 164 0064 1A60     		str	r2, [r3]
 210:Generated_Source\PSoC4/cyfitter_cfg.c **** 	CyIntEnable(8u);
 165              		.loc 1 210 0
 166 0066 1649     		ldr	r1, .L6+68
 167 0068 0820     		movs	r0, #8
 168 006a FFF7FEFF 		bl	CyIntSetVector
 169              	.LVL5:
 211:Generated_Source\PSoC4/cyfitter_cfg.c **** 	CY_SET_REG32((void *)(CYREG_WDT_CONFIG), 0x00000000u);
 170              		.loc 1 211 0
 171 006e 0820     		movs	r0, #8
 172 0070 FFF7FEFF 		bl	CyIntEnable
 173              	.LVL6:
 212:Generated_Source\PSoC4/cyfitter_cfg.c **** }
 174              		.loc 1 212 0
 175 0074 134B     		ldr	r3, .L6+72
 176 0076 1C60     		str	r4, [r3]
 213:Generated_Source\PSoC4/cyfitter_cfg.c **** 
 177              		.loc 1 213 0
 178              		@ sp needed
 179 0078 10BD     		pop	{r4, pc}
 180              	.L7:
 181 007a C046     		.align	2
 182              	.L6:
 183 007c 30001040 		.word	1074790448
 184 0080 06000080 		.word	-2147483642
 185 0084 04010B40 		.word	1074462980
 186 0088 00030140 		.word	1073808128
 187 008c 00000140 		.word	1073807360
 188 0090 40FF0080 		.word	-2147418304
 189 0094 0C030140 		.word	1073808140
 190 0098 43FF0080 		.word	-2147418301
 191 009c 08030140 		.word	1073808136
ARM GAS  C:\Users\TT\AppData\Local\Temp\ccfbQwsa.s 			page 9


 192 00a0 42FF0080 		.word	-2147418302
 193 00a4 04030140 		.word	1073808132
 194 00a8 41FF0080 		.word	-2147418303
 195 00ac 08010B40 		.word	1074462984
 196 00b0 00010B40 		.word	1074462976
 197 00b4 14010140 		.word	1073807636
 198 00b8 10010140 		.word	1073807632
 199 00bc 0C010140 		.word	1073807628
 200 00c0 00000000 		.word	CySysWdtIsr
 201 00c4 0C020B40 		.word	1074463244
 202              		.cfi_endproc
 203              	.LFE4:
 204              		.size	ClockSetup, .-ClockSetup
 205              		.align	2
 206              		.global	cyfitter_cfg
 207              		.code	16
 208              		.thumb_func
 209              		.type	cyfitter_cfg, %function
 210              	cyfitter_cfg:
 211              	.LFB6:
 241:Generated_Source\PSoC4/cyfitter_cfg.c **** 
 242:Generated_Source\PSoC4/cyfitter_cfg.c **** 
 243:Generated_Source\PSoC4/cyfitter_cfg.c **** 
 244:Generated_Source\PSoC4/cyfitter_cfg.c **** 
 245:Generated_Source\PSoC4/cyfitter_cfg.c **** /*******************************************************************************
 246:Generated_Source\PSoC4/cyfitter_cfg.c **** * Function Name: cyfitter_cfg
 247:Generated_Source\PSoC4/cyfitter_cfg.c **** ********************************************************************************
 248:Generated_Source\PSoC4/cyfitter_cfg.c **** * Summary:
 249:Generated_Source\PSoC4/cyfitter_cfg.c **** *  This function is called by the start-up code for the selected device. It
 250:Generated_Source\PSoC4/cyfitter_cfg.c **** *  performs all of the necessary device configuration based on the design
 251:Generated_Source\PSoC4/cyfitter_cfg.c **** *  settings.  This includes settings from the Design Wide Resources (DWR) such
 252:Generated_Source\PSoC4/cyfitter_cfg.c **** *  as Clocks and Pins as well as any component configuration that is necessary.
 253:Generated_Source\PSoC4/cyfitter_cfg.c **** *
 254:Generated_Source\PSoC4/cyfitter_cfg.c **** * Parameters:
 255:Generated_Source\PSoC4/cyfitter_cfg.c **** *   void
 256:Generated_Source\PSoC4/cyfitter_cfg.c **** *
 257:Generated_Source\PSoC4/cyfitter_cfg.c **** * Return:
 258:Generated_Source\PSoC4/cyfitter_cfg.c **** *   void
 259:Generated_Source\PSoC4/cyfitter_cfg.c **** *
 260:Generated_Source\PSoC4/cyfitter_cfg.c **** *******************************************************************************/
 261:Generated_Source\PSoC4/cyfitter_cfg.c **** CY_CFG_SECTION
 262:Generated_Source\PSoC4/cyfitter_cfg.c **** void cyfitter_cfg(void)
 263:Generated_Source\PSoC4/cyfitter_cfg.c **** {
 212              		.loc 1 263 0
 213              		.cfi_startproc
 214              		@ args = 0, pretend = 0, frame = 0
 215              		@ frame_needed = 0, uses_anonymous_args = 0
 216 00c8 10B5     		push	{r4, lr}
 217              		.cfi_def_cfa_offset 8
 218              		.cfi_offset 4, -8
 219              		.cfi_offset 14, -4
 264:Generated_Source\PSoC4/cyfitter_cfg.c **** 	/* Disable interrupts by default. Let user enable if/when they want. */
 265:Generated_Source\PSoC4/cyfitter_cfg.c **** 	CyGlobalIntDisable;
 220              		.loc 1 265 0
 221              		.syntax divided
 222              	@ 265 "Generated_Source\PSoC4\cyfitter_cfg.c" 1
 223 00ca 72B6     		CPSID   i
ARM GAS  C:\Users\TT\AppData\Local\Temp\ccfbQwsa.s 			page 10


 224              	@ 0 "" 2
 225              	.LVL7:
 226              		.thumb
 227              		.syntax unified
 228              	.LBB2:
 266:Generated_Source\PSoC4/cyfitter_cfg.c **** 
 267:Generated_Source\PSoC4/cyfitter_cfg.c **** 	{
 268:Generated_Source\PSoC4/cyfitter_cfg.c **** 
 269:Generated_Source\PSoC4/cyfitter_cfg.c **** 		CYPACKED typedef struct {
 270:Generated_Source\PSoC4/cyfitter_cfg.c **** 			void CYFAR *address;
 271:Generated_Source\PSoC4/cyfitter_cfg.c **** 			uint16 size;
 272:Generated_Source\PSoC4/cyfitter_cfg.c **** 		} CYPACKED_ATTR cfg_memset_t;
 273:Generated_Source\PSoC4/cyfitter_cfg.c **** 
 274:Generated_Source\PSoC4/cyfitter_cfg.c **** 		static const cfg_memset_t CYCODE cfg_memset_list[] = {
 275:Generated_Source\PSoC4/cyfitter_cfg.c **** 			/* address, size */
 276:Generated_Source\PSoC4/cyfitter_cfg.c **** 			{(void CYFAR *)(CYDEV_UDB_P0_U0_BASE), 2048u},
 277:Generated_Source\PSoC4/cyfitter_cfg.c **** 			{(void CYFAR *)(CYDEV_UDB_DSI0_BASE), 2048u},
 278:Generated_Source\PSoC4/cyfitter_cfg.c **** 		};
 279:Generated_Source\PSoC4/cyfitter_cfg.c **** 
 280:Generated_Source\PSoC4/cyfitter_cfg.c **** 		uint8 CYDATA i;
 281:Generated_Source\PSoC4/cyfitter_cfg.c **** 
 282:Generated_Source\PSoC4/cyfitter_cfg.c **** 		/* Zero out critical memory blocks before beginning configuration */
 283:Generated_Source\PSoC4/cyfitter_cfg.c **** 		for (i = 0u; i < (sizeof(cfg_memset_list)/sizeof(cfg_memset_list[0])); i++)
 229              		.loc 1 283 0
 230 00cc 0024     		movs	r4, #0
 231 00ce 0FE0     		b	.L9
 232              	.LVL8:
 233              	.L10:
 234              	.LBB3:
 284:Generated_Source\PSoC4/cyfitter_cfg.c **** 		{
 285:Generated_Source\PSoC4/cyfitter_cfg.c **** 			const cfg_memset_t CYCODE * CYDATA ms = &cfg_memset_list[i];
 286:Generated_Source\PSoC4/cyfitter_cfg.c **** 			CYMEMZERO(ms->address, (size_t)(uint32)(ms->size));
 235              		.loc 1 286 0 discriminator 3
 236 00d0 3148     		ldr	r0, .L11
 237 00d2 6200     		lsls	r2, r4, #1
 238 00d4 1319     		adds	r3, r2, r4
 239 00d6 5900     		lsls	r1, r3, #1
 240 00d8 0B00     		movs	r3, r1
 241 00da 4118     		adds	r1, r0, r1
 242 00dc 8988     		ldrh	r1, [r1, #4]
 243 00de 1A5A     		ldrh	r2, [r3, r0]
 244 00e0 C318     		adds	r3, r0, r3
 245 00e2 5888     		ldrh	r0, [r3, #2]
 246 00e4 0004     		lsls	r0, r0, #16
 247 00e6 1043     		orrs	r0, r2
 248 00e8 FFF7FEFF 		bl	CYMEMZERO
 249              	.LVL9:
 250              	.LBE3:
 283:Generated_Source\PSoC4/cyfitter_cfg.c **** 		{
 251              		.loc 1 283 0 discriminator 3
 252 00ec 0134     		adds	r4, r4, #1
 253              	.LVL10:
 254 00ee E4B2     		uxtb	r4, r4
 255              	.LVL11:
 256              	.L9:
 283:Generated_Source\PSoC4/cyfitter_cfg.c **** 		{
 257              		.loc 1 283 0 is_stmt 0 discriminator 1
ARM GAS  C:\Users\TT\AppData\Local\Temp\ccfbQwsa.s 			page 11


 258 00f0 012C     		cmp	r4, #1
 259 00f2 EDD9     		bls	.L10
 287:Generated_Source\PSoC4/cyfitter_cfg.c **** 		}
 288:Generated_Source\PSoC4/cyfitter_cfg.c **** 
 289:Generated_Source\PSoC4/cyfitter_cfg.c **** 		/* HSIOM Starting address: CYDEV_HSIOM_BASE */
 290:Generated_Source\PSoC4/cyfitter_cfg.c **** 		CY_SET_REG32((void *)(CYDEV_HSIOM_BASE), 0x000000AAu);
 260              		.loc 1 290 0 is_stmt 1
 261 00f4 AA22     		movs	r2, #170
 262 00f6 294B     		ldr	r3, .L11+4
 263 00f8 1A60     		str	r2, [r3]
 291:Generated_Source\PSoC4/cyfitter_cfg.c **** 		CY_SET_REG32((void *)(CYREG_HSIOM_PORT_SEL2), 0x00000099u);
 264              		.loc 1 291 0
 265 00fa 9923     		movs	r3, #153
 266 00fc 284A     		ldr	r2, .L11+8
 267 00fe 1360     		str	r3, [r2]
 292:Generated_Source\PSoC4/cyfitter_cfg.c **** 		CY_SET_REG32((void *)(CYREG_HSIOM_PORT_SEL3), 0x0000EE00u);
 268              		.loc 1 292 0
 269 0100 EE21     		movs	r1, #238
 270 0102 0902     		lsls	r1, r1, #8
 271 0104 274A     		ldr	r2, .L11+12
 272 0106 1160     		str	r1, [r2]
 293:Generated_Source\PSoC4/cyfitter_cfg.c **** 		CY_SET_REG32((void *)(CYREG_HSIOM_PORT_SEL5), 0x000000EEu);
 273              		.loc 1 293 0
 274 0108 EE21     		movs	r1, #238
 275 010a 274A     		ldr	r2, .L11+16
 276 010c 1160     		str	r1, [r2]
 294:Generated_Source\PSoC4/cyfitter_cfg.c **** 		CY_SET_REG32((void *)(CYREG_HSIOM_PORT_SEL7), 0x00000099u);
 277              		.loc 1 294 0
 278 010e 274A     		ldr	r2, .L11+20
 279 0110 1360     		str	r3, [r2]
 295:Generated_Source\PSoC4/cyfitter_cfg.c **** 
 296:Generated_Source\PSoC4/cyfitter_cfg.c **** 		/* UDB_PA_0 Starting address: CYDEV_UDB_PA0_BASE */
 297:Generated_Source\PSoC4/cyfitter_cfg.c **** 		CY_SET_REG32((void *)(CYDEV_UDB_PA0_BASE), 0x00990000u);
 280              		.loc 1 297 0
 281 0112 9923     		movs	r3, #153
 282 0114 1B04     		lsls	r3, r3, #16
 283 0116 264A     		ldr	r2, .L11+24
 284 0118 1360     		str	r3, [r2]
 298:Generated_Source\PSoC4/cyfitter_cfg.c **** 
 299:Generated_Source\PSoC4/cyfitter_cfg.c **** 		/* UDB_PA_1 Starting address: CYDEV_UDB_PA1_BASE */
 300:Generated_Source\PSoC4/cyfitter_cfg.c **** 		CY_SET_REG32((void *)(CYDEV_UDB_PA1_BASE), 0x00990000u);
 285              		.loc 1 300 0
 286 011a 264A     		ldr	r2, .L11+28
 287 011c 1360     		str	r3, [r2]
 301:Generated_Source\PSoC4/cyfitter_cfg.c **** 
 302:Generated_Source\PSoC4/cyfitter_cfg.c **** 		/* UDB_PA_2 Starting address: CYDEV_UDB_PA2_BASE */
 303:Generated_Source\PSoC4/cyfitter_cfg.c **** 		CY_SET_REG32((void *)(CYDEV_UDB_PA2_BASE), 0x00990000u);
 288              		.loc 1 303 0
 289 011e 264A     		ldr	r2, .L11+32
 290 0120 1360     		str	r3, [r2]
 304:Generated_Source\PSoC4/cyfitter_cfg.c **** 
 305:Generated_Source\PSoC4/cyfitter_cfg.c **** 		/* UDB_PA_4 Starting address: CYDEV_UDB_PA4_BASE */
 306:Generated_Source\PSoC4/cyfitter_cfg.c **** 		CY_SET_REG32((void *)(CYDEV_UDB_PA4_BASE), 0x00990000u);
 291              		.loc 1 306 0
 292 0122 264A     		ldr	r2, .L11+36
 293 0124 1360     		str	r3, [r2]
 307:Generated_Source\PSoC4/cyfitter_cfg.c **** 
ARM GAS  C:\Users\TT\AppData\Local\Temp\ccfbQwsa.s 			page 12


 308:Generated_Source\PSoC4/cyfitter_cfg.c **** 		/* UDB_PA_5 Starting address: CYDEV_UDB_PA5_BASE */
 309:Generated_Source\PSoC4/cyfitter_cfg.c **** 		CY_SET_REG32((void *)(CYDEV_UDB_PA5_BASE), 0x00990000u);
 294              		.loc 1 309 0
 295 0126 264A     		ldr	r2, .L11+40
 296 0128 1360     		str	r3, [r2]
 310:Generated_Source\PSoC4/cyfitter_cfg.c **** 
 311:Generated_Source\PSoC4/cyfitter_cfg.c **** 		/* UDB_PA_7 Starting address: CYDEV_UDB_PA7_BASE */
 312:Generated_Source\PSoC4/cyfitter_cfg.c **** 		CY_SET_REG32((void *)(CYDEV_UDB_PA7_BASE), 0x00990000u);
 297              		.loc 1 312 0
 298 012a 264A     		ldr	r2, .L11+44
 299 012c 1360     		str	r3, [r2]
 313:Generated_Source\PSoC4/cyfitter_cfg.c **** 
 314:Generated_Source\PSoC4/cyfitter_cfg.c **** 		/* Enable digital routing */
 315:Generated_Source\PSoC4/cyfitter_cfg.c **** 		CY_SET_XTND_REG8((void *)CYREG_UDB_UDB_BANK_CTL, (uint8)(CY_GET_XTND_REG8((void *)CYREG_UDB_UDB_B
 300              		.loc 1 315 0
 301 012e 264A     		ldr	r2, .L11+48
 302 0130 1178     		ldrb	r1, [r2]
 303 0132 0623     		movs	r3, #6
 304 0134 0B43     		orrs	r3, r1
 305 0136 DBB2     		uxtb	r3, r3
 306 0138 1370     		strb	r3, [r2]
 307              	.LBE2:
 316:Generated_Source\PSoC4/cyfitter_cfg.c **** 	}
 317:Generated_Source\PSoC4/cyfitter_cfg.c **** 
 318:Generated_Source\PSoC4/cyfitter_cfg.c **** 	/* Perform second pass device configuration. These items must be configured in specific order afte
 319:Generated_Source\PSoC4/cyfitter_cfg.c **** 	/* IOPINS0_0 Starting address: CYDEV_GPIO_PRT0_BASE */
 320:Generated_Source\PSoC4/cyfitter_cfg.c **** 	CY_SET_REG32((void *)(CYDEV_GPIO_PRT0_BASE), 0x00000002u);
 308              		.loc 1 320 0
 309 013a 0223     		movs	r3, #2
 310 013c 234A     		ldr	r2, .L11+52
 311 013e 1360     		str	r3, [r2]
 321:Generated_Source\PSoC4/cyfitter_cfg.c **** 	CY_SET_REG32((void *)(CYREG_GPIO_PRT0_PC), 0x00000031u);
 312              		.loc 1 321 0
 313 0140 3122     		movs	r2, #49
 314 0142 2349     		ldr	r1, .L11+56
 315 0144 0A60     		str	r2, [r1]
 322:Generated_Source\PSoC4/cyfitter_cfg.c **** 
 323:Generated_Source\PSoC4/cyfitter_cfg.c **** 	/* IOPINS0_1 Starting address: CYDEV_GPIO_PRT1_BASE */
 324:Generated_Source\PSoC4/cyfitter_cfg.c **** 	CY_SET_REG32((void *)(CYDEV_GPIO_PRT1_BASE), 0x0000000Fu);
 316              		.loc 1 324 0
 317 0146 0F20     		movs	r0, #15
 318 0148 2249     		ldr	r1, .L11+60
 319 014a 0860     		str	r0, [r1]
 325:Generated_Source\PSoC4/cyfitter_cfg.c **** 	CY_SET_REG32((void *)(CYREG_GPIO_PRT1_PC), 0x00000492u);
 320              		.loc 1 325 0
 321 014c 2248     		ldr	r0, .L11+64
 322 014e 2349     		ldr	r1, .L11+68
 323 0150 0860     		str	r0, [r1]
 326:Generated_Source\PSoC4/cyfitter_cfg.c **** 
 327:Generated_Source\PSoC4/cyfitter_cfg.c **** 	/* IOPINS0_2 Starting address: CYDEV_GPIO_PRT2_BASE */
 328:Generated_Source\PSoC4/cyfitter_cfg.c **** 	CY_SET_REG32((void *)(CYDEV_GPIO_PRT2_BASE), 0x00000082u);
 324              		.loc 1 328 0
 325 0152 8220     		movs	r0, #130
 326 0154 2249     		ldr	r1, .L11+72
 327 0156 0860     		str	r0, [r1]
 329:Generated_Source\PSoC4/cyfitter_cfg.c **** 	CY_SET_REG32((void *)(CYREG_GPIO_PRT2_PC), 0x00C00031u);
 328              		.loc 1 329 0
ARM GAS  C:\Users\TT\AppData\Local\Temp\ccfbQwsa.s 			page 13


 329 0158 2248     		ldr	r0, .L11+76
 330 015a 2349     		ldr	r1, .L11+80
 331 015c 0860     		str	r0, [r1]
 330:Generated_Source\PSoC4/cyfitter_cfg.c **** 	CY_SET_REG32((void *)(CYREG_GPIO_PRT2_PC2), 0x00000002u);
 332              		.loc 1 330 0
 333 015e 2349     		ldr	r1, .L11+84
 334 0160 0B60     		str	r3, [r1]
 331:Generated_Source\PSoC4/cyfitter_cfg.c **** 
 332:Generated_Source\PSoC4/cyfitter_cfg.c **** 	/* IOPINS0_3 Starting address: CYDEV_GPIO_PRT3_BASE */
 333:Generated_Source\PSoC4/cyfitter_cfg.c **** 	CY_SET_REG32((void *)(CYREG_GPIO_PRT3_PC), 0x00000D80u);
 335              		.loc 1 333 0
 336 0162 D820     		movs	r0, #216
 337 0164 0001     		lsls	r0, r0, #4
 338 0166 2249     		ldr	r1, .L11+88
 339 0168 0860     		str	r0, [r1]
 334:Generated_Source\PSoC4/cyfitter_cfg.c **** 
 335:Generated_Source\PSoC4/cyfitter_cfg.c **** 	/* IOPINS0_4 Starting address: CYDEV_GPIO_PRT4_BASE */
 336:Generated_Source\PSoC4/cyfitter_cfg.c **** 	CY_SET_REG32((void *)(CYDEV_GPIO_PRT4_BASE), 0x0000002Au);
 340              		.loc 1 336 0
 341 016a 2A20     		movs	r0, #42
 342 016c 2149     		ldr	r1, .L11+92
 343 016e 0860     		str	r0, [r1]
 337:Generated_Source\PSoC4/cyfitter_cfg.c **** 	CY_SET_REG32((void *)(CYREG_GPIO_PRT4_PC), 0x00018630u);
 344              		.loc 1 337 0
 345 0170 2148     		ldr	r0, .L11+96
 346 0172 2249     		ldr	r1, .L11+100
 347 0174 0860     		str	r0, [r1]
 338:Generated_Source\PSoC4/cyfitter_cfg.c **** 
 339:Generated_Source\PSoC4/cyfitter_cfg.c **** 	/* IOPINS0_5 Starting address: CYDEV_GPIO_PRT5_BASE */
 340:Generated_Source\PSoC4/cyfitter_cfg.c **** 	CY_SET_REG32((void *)(CYDEV_GPIO_PRT5_BASE), 0x00000003u);
 348              		.loc 1 340 0
 349 0176 0320     		movs	r0, #3
 350 0178 2149     		ldr	r1, .L11+104
 351 017a 0860     		str	r0, [r1]
 341:Generated_Source\PSoC4/cyfitter_cfg.c **** 	CY_SET_REG32((void *)(CYREG_GPIO_PRT5_PC), 0x00000024u);
 352              		.loc 1 341 0
 353 017c 2130     		adds	r0, r0, #33
 354 017e 2149     		ldr	r1, .L11+108
 355 0180 0860     		str	r0, [r1]
 342:Generated_Source\PSoC4/cyfitter_cfg.c **** 
 343:Generated_Source\PSoC4/cyfitter_cfg.c **** 	/* IOPINS0_7 Starting address: CYDEV_GPIO_PRT7_BASE */
 344:Generated_Source\PSoC4/cyfitter_cfg.c **** 	CY_SET_REG32((void *)(CYDEV_GPIO_PRT7_BASE), 0x00000002u);
 356              		.loc 1 344 0
 357 0182 2149     		ldr	r1, .L11+112
 358 0184 0B60     		str	r3, [r1]
 345:Generated_Source\PSoC4/cyfitter_cfg.c **** 	CY_SET_REG32((void *)(CYREG_GPIO_PRT7_PC), 0x00000031u);
 359              		.loc 1 345 0
 360 0186 2149     		ldr	r1, .L11+116
 361 0188 0A60     		str	r2, [r1]
 346:Generated_Source\PSoC4/cyfitter_cfg.c **** 	CY_SET_REG32((void *)(CYREG_GPIO_PRT7_PC2), 0x00000002u);
 362              		.loc 1 346 0
 363 018a 214A     		ldr	r2, .L11+120
 364 018c 1360     		str	r3, [r2]
 347:Generated_Source\PSoC4/cyfitter_cfg.c **** 
 348:Generated_Source\PSoC4/cyfitter_cfg.c **** 
 349:Generated_Source\PSoC4/cyfitter_cfg.c **** 	/* Setup clocks based on selections from Clock DWR */
 350:Generated_Source\PSoC4/cyfitter_cfg.c **** 	ClockSetup();
ARM GAS  C:\Users\TT\AppData\Local\Temp\ccfbQwsa.s 			page 14


 365              		.loc 1 350 0
 366 018e FFF737FF 		bl	ClockSetup
 367              	.LVL12:
 351:Generated_Source\PSoC4/cyfitter_cfg.c **** 
 352:Generated_Source\PSoC4/cyfitter_cfg.c **** 	/* Perform basic analog initialization to defaults */
 353:Generated_Source\PSoC4/cyfitter_cfg.c **** 	AnalogSetDefault();
 368              		.loc 1 353 0
 369 0192 FFF7FEFF 		bl	AnalogSetDefault
 370              	.LVL13:
 354:Generated_Source\PSoC4/cyfitter_cfg.c **** 
 355:Generated_Source\PSoC4/cyfitter_cfg.c **** }
 371              		.loc 1 355 0
 372              		@ sp needed
 373              	.LVL14:
 374 0196 10BD     		pop	{r4, pc}
 375              	.L12:
 376              		.align	2
 377              	.L11:
 378 0198 00000000 		.word	.LANCHOR0
 379 019c 00000240 		.word	1073872896
 380 01a0 00020240 		.word	1073873408
 381 01a4 00030240 		.word	1073873664
 382 01a8 00050240 		.word	1073874176
 383 01ac 00070240 		.word	1073874688
 384 01b0 00500F40 		.word	1074745344
 385 01b4 10500F40 		.word	1074745360
 386 01b8 20500F40 		.word	1074745376
 387 01bc 40500F40 		.word	1074745408
 388 01c0 50500F40 		.word	1074745424
 389 01c4 70500F40 		.word	1074745456
 390 01c8 00700F40 		.word	1074753536
 391 01cc 00000440 		.word	1074003968
 392 01d0 08000440 		.word	1074003976
 393 01d4 00010440 		.word	1074004224
 394 01d8 92040000 		.word	1170
 395 01dc 08010440 		.word	1074004232
 396 01e0 00020440 		.word	1074004480
 397 01e4 3100C000 		.word	12582961
 398 01e8 08020440 		.word	1074004488
 399 01ec 18020440 		.word	1074004504
 400 01f0 08030440 		.word	1074004744
 401 01f4 00040440 		.word	1074004992
 402 01f8 30860100 		.word	99888
 403 01fc 08040440 		.word	1074005000
 404 0200 00050440 		.word	1074005248
 405 0204 08050440 		.word	1074005256
 406 0208 00070440 		.word	1074005760
 407 020c 08070440 		.word	1074005768
 408 0210 18070440 		.word	1074005784
 409              		.cfi_endproc
 410              	.LFE6:
 411              		.size	cyfitter_cfg, .-cyfitter_cfg
 412              		.section	.rodata
 413              		.align	2
 414              		.set	.LANCHOR0,. + 0
 415              		.type	cfg_memset_list.4948, %object
 416              		.size	cfg_memset_list.4948, 12
ARM GAS  C:\Users\TT\AppData\Local\Temp\ccfbQwsa.s 			page 15


 417              	cfg_memset_list.4948:
 418 0000 00300F40 		.word	1074737152
 419 0004 0008     		.short	2048
 420 0006 00400F40 		.4byte	1074741248
 421 000a 0008     		.short	2048
 422              		.text
 423              	.Letext0:
 424              		.file 2 "c:\\program files (x86)\\cypress\\psoc creator\\4.4\\psoc creator\\import\\gnu\\arm\\5.4.
 425              		.file 3 "Generated_Source\\PSoC4\\cytypes.h"
 426              		.file 4 "Generated_Source\\PSoC4\\CyLFClk.h"
 427              		.file 5 "Generated_Source\\PSoC4\\CyLib.h"
 428              		.section	.debug_info,"",%progbits
 429              	.Ldebug_info0:
 430 0000 A9020000 		.4byte	0x2a9
 431 0004 0400     		.2byte	0x4
 432 0006 00000000 		.4byte	.Ldebug_abbrev0
 433 000a 04       		.byte	0x4
 434 000b 01       		.uleb128 0x1
 435 000c 5A010000 		.4byte	.LASF30
 436 0010 0C       		.byte	0xc
 437 0011 51020000 		.4byte	.LASF31
 438 0015 5B000000 		.4byte	.LASF32
 439 0019 00000000 		.4byte	.Ldebug_ranges0+0
 440 001d 00000000 		.4byte	0
 441 0021 00000000 		.4byte	.Ldebug_line0
 442 0025 02       		.uleb128 0x2
 443 0026 04       		.byte	0x4
 444 0027 05       		.byte	0x5
 445 0028 696E7400 		.ascii	"int\000"
 446 002c 03       		.uleb128 0x3
 447 002d 06000000 		.4byte	.LASF12
 448 0031 02       		.byte	0x2
 449 0032 D8       		.byte	0xd8
 450 0033 37000000 		.4byte	0x37
 451 0037 04       		.uleb128 0x4
 452 0038 04       		.byte	0x4
 453 0039 07       		.byte	0x7
 454 003a 21010000 		.4byte	.LASF0
 455 003e 04       		.uleb128 0x4
 456 003f 08       		.byte	0x8
 457 0040 05       		.byte	0x5
 458 0041 FE010000 		.4byte	.LASF1
 459 0045 04       		.uleb128 0x4
 460 0046 08       		.byte	0x8
 461 0047 04       		.byte	0x4
 462 0048 39020000 		.4byte	.LASF2
 463 004c 04       		.uleb128 0x4
 464 004d 01       		.byte	0x1
 465 004e 06       		.byte	0x6
 466 004f 45020000 		.4byte	.LASF3
 467 0053 04       		.uleb128 0x4
 468 0054 01       		.byte	0x1
 469 0055 08       		.byte	0x8
 470 0056 EB000000 		.4byte	.LASF4
 471 005a 04       		.uleb128 0x4
 472 005b 02       		.byte	0x2
 473 005c 05       		.byte	0x5
ARM GAS  C:\Users\TT\AppData\Local\Temp\ccfbQwsa.s 			page 16


 474 005d 11020000 		.4byte	.LASF5
 475 0061 04       		.uleb128 0x4
 476 0062 02       		.byte	0x2
 477 0063 07       		.byte	0x7
 478 0064 48000000 		.4byte	.LASF6
 479 0068 04       		.uleb128 0x4
 480 0069 04       		.byte	0x4
 481 006a 05       		.byte	0x5
 482 006b 30020000 		.4byte	.LASF7
 483 006f 04       		.uleb128 0x4
 484 0070 04       		.byte	0x4
 485 0071 07       		.byte	0x7
 486 0072 B8000000 		.4byte	.LASF8
 487 0076 04       		.uleb128 0x4
 488 0077 08       		.byte	0x8
 489 0078 07       		.byte	0x7
 490 0079 43010000 		.4byte	.LASF9
 491 007d 04       		.uleb128 0x4
 492 007e 04       		.byte	0x4
 493 007f 07       		.byte	0x7
 494 0080 F5010000 		.4byte	.LASF10
 495 0084 05       		.uleb128 0x5
 496 0085 04       		.byte	0x4
 497 0086 04       		.uleb128 0x4
 498 0087 01       		.byte	0x1
 499 0088 08       		.byte	0x8
 500 0089 0C020000 		.4byte	.LASF11
 501 008d 06       		.uleb128 0x6
 502 008e CA000000 		.4byte	.LASF13
 503 0092 03       		.byte	0x3
 504 0093 FB01     		.2byte	0x1fb
 505 0095 53000000 		.4byte	0x53
 506 0099 06       		.uleb128 0x6
 507 009a 13010000 		.4byte	.LASF14
 508 009e 03       		.byte	0x3
 509 009f FC01     		.2byte	0x1fc
 510 00a1 61000000 		.4byte	0x61
 511 00a5 06       		.uleb128 0x6
 512 00a6 1A010000 		.4byte	.LASF15
 513 00aa 03       		.byte	0x3
 514 00ab FD01     		.2byte	0x1fd
 515 00ad 6F000000 		.4byte	0x6f
 516 00b1 04       		.uleb128 0x4
 517 00b2 04       		.byte	0x4
 518 00b3 04       		.byte	0x4
 519 00b4 A8000000 		.4byte	.LASF16
 520 00b8 04       		.uleb128 0x4
 521 00b9 08       		.byte	0x8
 522 00ba 04       		.byte	0x4
 523 00bb 00010000 		.4byte	.LASF17
 524 00bf 06       		.uleb128 0x6
 525 00c0 B3000000 		.4byte	.LASF18
 526 00c4 03       		.byte	0x3
 527 00c5 A502     		.2byte	0x2a5
 528 00c7 CB000000 		.4byte	0xcb
 529 00cb 07       		.uleb128 0x7
 530 00cc 8D000000 		.4byte	0x8d
ARM GAS  C:\Users\TT\AppData\Local\Temp\ccfbQwsa.s 			page 17


 531 00d0 06       		.uleb128 0x6
 532 00d1 00000000 		.4byte	.LASF19
 533 00d5 03       		.byte	0x3
 534 00d6 A702     		.2byte	0x2a7
 535 00d8 DC000000 		.4byte	0xdc
 536 00dc 07       		.uleb128 0x7
 537 00dd A5000000 		.4byte	0xa5
 538 00e1 08       		.uleb128 0x8
 539 00e2 0D000000 		.4byte	.LASF33
 540 00e6 01       		.byte	0x1
 541 00e7 EB       		.byte	0xeb
 542 00e8 00000000 		.4byte	.LFB5
 543 00ec 20000000 		.4byte	.LFE5-.LFB5
 544 00f0 01       		.uleb128 0x1
 545 00f1 9C       		.byte	0x9c
 546 00f2 09       		.uleb128 0x9
 547 00f3 E1000000 		.4byte	.LASF20
 548 00f7 01       		.byte	0x1
 549 00f8 4C       		.byte	0x4c
 550 00f9 00000000 		.4byte	.LFB1
 551 00fd 0C000000 		.4byte	.LFE1-.LFB1
 552 0101 01       		.uleb128 0x1
 553 0102 9C       		.byte	0x9c
 554 0103 3F010000 		.4byte	0x13f
 555 0107 0A       		.uleb128 0xa
 556 0108 7300     		.ascii	"s\000"
 557 010a 01       		.byte	0x1
 558 010b 4C       		.byte	0x4c
 559 010c 84000000 		.4byte	0x84
 560 0110 00000000 		.4byte	.LLST0
 561 0114 0A       		.uleb128 0xa
 562 0115 6E00     		.ascii	"n\000"
 563 0117 01       		.byte	0x1
 564 0118 4C       		.byte	0x4c
 565 0119 2C000000 		.4byte	0x2c
 566 011d 21000000 		.4byte	.LLST1
 567 0121 0B       		.uleb128 0xb
 568 0122 0A000000 		.4byte	.LVL2
 569 0126 77020000 		.4byte	0x277
 570 012a 0C       		.uleb128 0xc
 571 012b 01       		.uleb128 0x1
 572 012c 50       		.byte	0x50
 573 012d 03       		.uleb128 0x3
 574 012e F3       		.byte	0xf3
 575 012f 01       		.uleb128 0x1
 576 0130 50       		.byte	0x50
 577 0131 0C       		.uleb128 0xc
 578 0132 01       		.uleb128 0x1
 579 0133 51       		.byte	0x51
 580 0134 01       		.uleb128 0x1
 581 0135 30       		.byte	0x30
 582 0136 0C       		.uleb128 0xc
 583 0137 01       		.uleb128 0x1
 584 0138 52       		.byte	0x52
 585 0139 03       		.uleb128 0x3
 586 013a F3       		.byte	0xf3
 587 013b 01       		.uleb128 0x1
ARM GAS  C:\Users\TT\AppData\Local\Temp\ccfbQwsa.s 			page 18


 588 013c 51       		.byte	0x51
 589 013d 00       		.byte	0
 590 013e 00       		.byte	0
 591 013f 09       		.uleb128 0x9
 592 0140 3D000000 		.4byte	.LASF21
 593 0144 01       		.byte	0x1
 594 0145 AA       		.byte	0xaa
 595 0146 00000000 		.4byte	.LFB4
 596 014a C8000000 		.4byte	.LFE4-.LFB4
 597 014e 01       		.uleb128 0x1
 598 014f 9C       		.byte	0x9c
 599 0150 94010000 		.4byte	0x194
 600 0154 0D       		.uleb128 0xd
 601 0155 0C000000 		.4byte	.LVL3
 602 0159 80020000 		.4byte	0x280
 603 015d 0E       		.uleb128 0xe
 604 015e 12000000 		.4byte	.LVL4
 605 0162 8B020000 		.4byte	0x28b
 606 0166 71010000 		.4byte	0x171
 607 016a 0C       		.uleb128 0xc
 608 016b 01       		.uleb128 0x1
 609 016c 50       		.byte	0x50
 610 016d 02       		.uleb128 0x2
 611 016e 08       		.byte	0x8
 612 016f 30       		.byte	0x30
 613 0170 00       		.byte	0
 614 0171 0E       		.uleb128 0xe
 615 0172 6E000000 		.4byte	.LVL5
 616 0176 96020000 		.4byte	0x296
 617 017a 84010000 		.4byte	0x184
 618 017e 0C       		.uleb128 0xc
 619 017f 01       		.uleb128 0x1
 620 0180 50       		.byte	0x50
 621 0181 01       		.uleb128 0x1
 622 0182 38       		.byte	0x38
 623 0183 00       		.byte	0
 624 0184 0B       		.uleb128 0xb
 625 0185 74000000 		.4byte	.LVL6
 626 0189 A1020000 		.4byte	0x2a1
 627 018d 0C       		.uleb128 0xc
 628 018e 01       		.uleb128 0x1
 629 018f 50       		.byte	0x50
 630 0190 01       		.uleb128 0x1
 631 0191 38       		.byte	0x38
 632 0192 00       		.byte	0
 633 0193 00       		.byte	0
 634 0194 0F       		.uleb128 0xf
 635 0195 2E010000 		.4byte	.LASF34
 636 0199 01       		.byte	0x1
 637 019a 0601     		.2byte	0x106
 638 019c C8000000 		.4byte	.LFB6
 639 01a0 4C010000 		.4byte	.LFE6-.LFB6
 640 01a4 01       		.uleb128 0x1
 641 01a5 9C       		.byte	0x9c
 642 01a6 77020000 		.4byte	0x277
 643 01aa 10       		.uleb128 0x10
 644 01ab CC000000 		.4byte	.LBB2
ARM GAS  C:\Users\TT\AppData\Local\Temp\ccfbQwsa.s 			page 19


 645 01af 6E000000 		.4byte	.LBE2-.LBB2
 646 01b3 64020000 		.4byte	0x264
 647 01b7 11       		.uleb128 0x11
 648 01b8 06       		.byte	0x6
 649 01b9 01       		.byte	0x1
 650 01ba 0D01     		.2byte	0x10d
 651 01bc DB010000 		.4byte	0x1db
 652 01c0 12       		.uleb128 0x12
 653 01c1 3B010000 		.4byte	.LASF22
 654 01c5 01       		.byte	0x1
 655 01c6 0E01     		.2byte	0x10e
 656 01c8 84000000 		.4byte	0x84
 657 01cc 00       		.byte	0
 658 01cd 12       		.uleb128 0x12
 659 01ce AE000000 		.4byte	.LASF23
 660 01d2 01       		.byte	0x1
 661 01d3 0F01     		.2byte	0x10f
 662 01d5 99000000 		.4byte	0x99
 663 01d9 04       		.byte	0x4
 664 01da 00       		.byte	0
 665 01db 06       		.uleb128 0x6
 666 01dc E8010000 		.4byte	.LASF24
 667 01e0 01       		.byte	0x1
 668 01e1 1001     		.2byte	0x110
 669 01e3 B7010000 		.4byte	0x1b7
 670 01e7 13       		.uleb128 0x13
 671 01e8 F7010000 		.4byte	0x1f7
 672 01ec F7010000 		.4byte	0x1f7
 673 01f0 14       		.uleb128 0x14
 674 01f1 7D000000 		.4byte	0x7d
 675 01f5 01       		.byte	0x1
 676 01f6 00       		.byte	0
 677 01f7 15       		.uleb128 0x15
 678 01f8 DB010000 		.4byte	0x1db
 679 01fc 16       		.uleb128 0x16
 680 01fd 2D000000 		.4byte	.LASF25
 681 0201 01       		.byte	0x1
 682 0202 1201     		.2byte	0x112
 683 0204 0E020000 		.4byte	0x20e
 684 0208 05       		.uleb128 0x5
 685 0209 03       		.byte	0x3
 686 020a 00000000 		.4byte	cfg_memset_list.4948
 687 020e 15       		.uleb128 0x15
 688 020f E7010000 		.4byte	0x1e7
 689 0213 17       		.uleb128 0x17
 690 0214 6900     		.ascii	"i\000"
 691 0216 01       		.byte	0x1
 692 0217 1801     		.2byte	0x118
 693 0219 8D000000 		.4byte	0x8d
 694 021d 4D000000 		.4byte	.LLST2
 695 0221 18       		.uleb128 0x18
 696 0222 D0000000 		.4byte	.LBB3
 697 0226 1C000000 		.4byte	.LBE3-.LBB3
 698 022a 17       		.uleb128 0x17
 699 022b 6D7300   		.ascii	"ms\000"
 700 022e 01       		.byte	0x1
 701 022f 1D01     		.2byte	0x11d
ARM GAS  C:\Users\TT\AppData\Local\Temp\ccfbQwsa.s 			page 20


 702 0231 39020000 		.4byte	0x239
 703 0235 77000000 		.4byte	.LLST3
 704 0239 19       		.uleb128 0x19
 705 023a 04       		.byte	0x4
 706 023b F7010000 		.4byte	0x1f7
 707 023f 0B       		.uleb128 0xb
 708 0240 EC000000 		.4byte	.LVL9
 709 0244 F2000000 		.4byte	0xf2
 710 0248 0C       		.uleb128 0xc
 711 0249 01       		.uleb128 0x1
 712 024a 51       		.byte	0x51
 713 024b 15       		.uleb128 0x15
 714 024c 74       		.byte	0x74
 715 024d 00       		.sleb128 0
 716 024e 31       		.byte	0x31
 717 024f 24       		.byte	0x24
 718 0250 74       		.byte	0x74
 719 0251 00       		.sleb128 0
 720 0252 22       		.byte	0x22
 721 0253 31       		.byte	0x31
 722 0254 24       		.byte	0x24
 723 0255 03       		.byte	0x3
 724 0256 04000000 		.4byte	.LANCHOR0+4
 725 025a 22       		.byte	0x22
 726 025b 94       		.byte	0x94
 727 025c 02       		.byte	0x2
 728 025d 0A       		.byte	0xa
 729 025e FFFF     		.2byte	0xffff
 730 0260 1A       		.byte	0x1a
 731 0261 00       		.byte	0
 732 0262 00       		.byte	0
 733 0263 00       		.byte	0
 734 0264 0D       		.uleb128 0xd
 735 0265 92010000 		.4byte	.LVL12
 736 0269 3F010000 		.4byte	0x13f
 737 026d 0D       		.uleb128 0xd
 738 026e 96010000 		.4byte	.LVL13
 739 0272 E1000000 		.4byte	0xe1
 740 0276 00       		.byte	0
 741 0277 1A       		.uleb128 0x1a
 742 0278 F9000000 		.4byte	.LASF35
 743 027c F9000000 		.4byte	.LASF35
 744 0280 1B       		.uleb128 0x1b
 745 0281 D0000000 		.4byte	.LASF26
 746 0285 D0000000 		.4byte	.LASF26
 747 0289 04       		.byte	0x4
 748 028a 4E       		.byte	0x4e
 749 028b 1B       		.uleb128 0x1b
 750 028c 1B020000 		.4byte	.LASF27
 751 0290 1B020000 		.4byte	.LASF27
 752 0294 05       		.byte	0x5
 753 0295 6C       		.byte	0x6c
 754 0296 1B       		.uleb128 0x1b
 755 0297 1E000000 		.4byte	.LASF28
 756 029b 1E000000 		.4byte	.LASF28
 757 029f 05       		.byte	0x5
 758 02a0 D0       		.byte	0xd0
ARM GAS  C:\Users\TT\AppData\Local\Temp\ccfbQwsa.s 			page 21


 759 02a1 1B       		.uleb128 0x1b
 760 02a2 07010000 		.4byte	.LASF29
 761 02a6 07010000 		.4byte	.LASF29
 762 02aa 05       		.byte	0x5
 763 02ab D6       		.byte	0xd6
 764 02ac 00       		.byte	0
 765              		.section	.debug_abbrev,"",%progbits
 766              	.Ldebug_abbrev0:
 767 0000 01       		.uleb128 0x1
 768 0001 11       		.uleb128 0x11
 769 0002 01       		.byte	0x1
 770 0003 25       		.uleb128 0x25
 771 0004 0E       		.uleb128 0xe
 772 0005 13       		.uleb128 0x13
 773 0006 0B       		.uleb128 0xb
 774 0007 03       		.uleb128 0x3
 775 0008 0E       		.uleb128 0xe
 776 0009 1B       		.uleb128 0x1b
 777 000a 0E       		.uleb128 0xe
 778 000b 55       		.uleb128 0x55
 779 000c 17       		.uleb128 0x17
 780 000d 11       		.uleb128 0x11
 781 000e 01       		.uleb128 0x1
 782 000f 10       		.uleb128 0x10
 783 0010 17       		.uleb128 0x17
 784 0011 00       		.byte	0
 785 0012 00       		.byte	0
 786 0013 02       		.uleb128 0x2
 787 0014 24       		.uleb128 0x24
 788 0015 00       		.byte	0
 789 0016 0B       		.uleb128 0xb
 790 0017 0B       		.uleb128 0xb
 791 0018 3E       		.uleb128 0x3e
 792 0019 0B       		.uleb128 0xb
 793 001a 03       		.uleb128 0x3
 794 001b 08       		.uleb128 0x8
 795 001c 00       		.byte	0
 796 001d 00       		.byte	0
 797 001e 03       		.uleb128 0x3
 798 001f 16       		.uleb128 0x16
 799 0020 00       		.byte	0
 800 0021 03       		.uleb128 0x3
 801 0022 0E       		.uleb128 0xe
 802 0023 3A       		.uleb128 0x3a
 803 0024 0B       		.uleb128 0xb
 804 0025 3B       		.uleb128 0x3b
 805 0026 0B       		.uleb128 0xb
 806 0027 49       		.uleb128 0x49
 807 0028 13       		.uleb128 0x13
 808 0029 00       		.byte	0
 809 002a 00       		.byte	0
 810 002b 04       		.uleb128 0x4
 811 002c 24       		.uleb128 0x24
 812 002d 00       		.byte	0
 813 002e 0B       		.uleb128 0xb
 814 002f 0B       		.uleb128 0xb
 815 0030 3E       		.uleb128 0x3e
ARM GAS  C:\Users\TT\AppData\Local\Temp\ccfbQwsa.s 			page 22


 816 0031 0B       		.uleb128 0xb
 817 0032 03       		.uleb128 0x3
 818 0033 0E       		.uleb128 0xe
 819 0034 00       		.byte	0
 820 0035 00       		.byte	0
 821 0036 05       		.uleb128 0x5
 822 0037 0F       		.uleb128 0xf
 823 0038 00       		.byte	0
 824 0039 0B       		.uleb128 0xb
 825 003a 0B       		.uleb128 0xb
 826 003b 00       		.byte	0
 827 003c 00       		.byte	0
 828 003d 06       		.uleb128 0x6
 829 003e 16       		.uleb128 0x16
 830 003f 00       		.byte	0
 831 0040 03       		.uleb128 0x3
 832 0041 0E       		.uleb128 0xe
 833 0042 3A       		.uleb128 0x3a
 834 0043 0B       		.uleb128 0xb
 835 0044 3B       		.uleb128 0x3b
 836 0045 05       		.uleb128 0x5
 837 0046 49       		.uleb128 0x49
 838 0047 13       		.uleb128 0x13
 839 0048 00       		.byte	0
 840 0049 00       		.byte	0
 841 004a 07       		.uleb128 0x7
 842 004b 35       		.uleb128 0x35
 843 004c 00       		.byte	0
 844 004d 49       		.uleb128 0x49
 845 004e 13       		.uleb128 0x13
 846 004f 00       		.byte	0
 847 0050 00       		.byte	0
 848 0051 08       		.uleb128 0x8
 849 0052 2E       		.uleb128 0x2e
 850 0053 00       		.byte	0
 851 0054 03       		.uleb128 0x3
 852 0055 0E       		.uleb128 0xe
 853 0056 3A       		.uleb128 0x3a
 854 0057 0B       		.uleb128 0xb
 855 0058 3B       		.uleb128 0x3b
 856 0059 0B       		.uleb128 0xb
 857 005a 27       		.uleb128 0x27
 858 005b 19       		.uleb128 0x19
 859 005c 11       		.uleb128 0x11
 860 005d 01       		.uleb128 0x1
 861 005e 12       		.uleb128 0x12
 862 005f 06       		.uleb128 0x6
 863 0060 40       		.uleb128 0x40
 864 0061 18       		.uleb128 0x18
 865 0062 9742     		.uleb128 0x2117
 866 0064 19       		.uleb128 0x19
 867 0065 00       		.byte	0
 868 0066 00       		.byte	0
 869 0067 09       		.uleb128 0x9
 870 0068 2E       		.uleb128 0x2e
 871 0069 01       		.byte	0x1
 872 006a 03       		.uleb128 0x3
ARM GAS  C:\Users\TT\AppData\Local\Temp\ccfbQwsa.s 			page 23


 873 006b 0E       		.uleb128 0xe
 874 006c 3A       		.uleb128 0x3a
 875 006d 0B       		.uleb128 0xb
 876 006e 3B       		.uleb128 0x3b
 877 006f 0B       		.uleb128 0xb
 878 0070 27       		.uleb128 0x27
 879 0071 19       		.uleb128 0x19
 880 0072 11       		.uleb128 0x11
 881 0073 01       		.uleb128 0x1
 882 0074 12       		.uleb128 0x12
 883 0075 06       		.uleb128 0x6
 884 0076 40       		.uleb128 0x40
 885 0077 18       		.uleb128 0x18
 886 0078 9742     		.uleb128 0x2117
 887 007a 19       		.uleb128 0x19
 888 007b 01       		.uleb128 0x1
 889 007c 13       		.uleb128 0x13
 890 007d 00       		.byte	0
 891 007e 00       		.byte	0
 892 007f 0A       		.uleb128 0xa
 893 0080 05       		.uleb128 0x5
 894 0081 00       		.byte	0
 895 0082 03       		.uleb128 0x3
 896 0083 08       		.uleb128 0x8
 897 0084 3A       		.uleb128 0x3a
 898 0085 0B       		.uleb128 0xb
 899 0086 3B       		.uleb128 0x3b
 900 0087 0B       		.uleb128 0xb
 901 0088 49       		.uleb128 0x49
 902 0089 13       		.uleb128 0x13
 903 008a 02       		.uleb128 0x2
 904 008b 17       		.uleb128 0x17
 905 008c 00       		.byte	0
 906 008d 00       		.byte	0
 907 008e 0B       		.uleb128 0xb
 908 008f 898201   		.uleb128 0x4109
 909 0092 01       		.byte	0x1
 910 0093 11       		.uleb128 0x11
 911 0094 01       		.uleb128 0x1
 912 0095 31       		.uleb128 0x31
 913 0096 13       		.uleb128 0x13
 914 0097 00       		.byte	0
 915 0098 00       		.byte	0
 916 0099 0C       		.uleb128 0xc
 917 009a 8A8201   		.uleb128 0x410a
 918 009d 00       		.byte	0
 919 009e 02       		.uleb128 0x2
 920 009f 18       		.uleb128 0x18
 921 00a0 9142     		.uleb128 0x2111
 922 00a2 18       		.uleb128 0x18
 923 00a3 00       		.byte	0
 924 00a4 00       		.byte	0
 925 00a5 0D       		.uleb128 0xd
 926 00a6 898201   		.uleb128 0x4109
 927 00a9 00       		.byte	0
 928 00aa 11       		.uleb128 0x11
 929 00ab 01       		.uleb128 0x1
ARM GAS  C:\Users\TT\AppData\Local\Temp\ccfbQwsa.s 			page 24


 930 00ac 31       		.uleb128 0x31
 931 00ad 13       		.uleb128 0x13
 932 00ae 00       		.byte	0
 933 00af 00       		.byte	0
 934 00b0 0E       		.uleb128 0xe
 935 00b1 898201   		.uleb128 0x4109
 936 00b4 01       		.byte	0x1
 937 00b5 11       		.uleb128 0x11
 938 00b6 01       		.uleb128 0x1
 939 00b7 31       		.uleb128 0x31
 940 00b8 13       		.uleb128 0x13
 941 00b9 01       		.uleb128 0x1
 942 00ba 13       		.uleb128 0x13
 943 00bb 00       		.byte	0
 944 00bc 00       		.byte	0
 945 00bd 0F       		.uleb128 0xf
 946 00be 2E       		.uleb128 0x2e
 947 00bf 01       		.byte	0x1
 948 00c0 3F       		.uleb128 0x3f
 949 00c1 19       		.uleb128 0x19
 950 00c2 03       		.uleb128 0x3
 951 00c3 0E       		.uleb128 0xe
 952 00c4 3A       		.uleb128 0x3a
 953 00c5 0B       		.uleb128 0xb
 954 00c6 3B       		.uleb128 0x3b
 955 00c7 05       		.uleb128 0x5
 956 00c8 27       		.uleb128 0x27
 957 00c9 19       		.uleb128 0x19
 958 00ca 11       		.uleb128 0x11
 959 00cb 01       		.uleb128 0x1
 960 00cc 12       		.uleb128 0x12
 961 00cd 06       		.uleb128 0x6
 962 00ce 40       		.uleb128 0x40
 963 00cf 18       		.uleb128 0x18
 964 00d0 9742     		.uleb128 0x2117
 965 00d2 19       		.uleb128 0x19
 966 00d3 01       		.uleb128 0x1
 967 00d4 13       		.uleb128 0x13
 968 00d5 00       		.byte	0
 969 00d6 00       		.byte	0
 970 00d7 10       		.uleb128 0x10
 971 00d8 0B       		.uleb128 0xb
 972 00d9 01       		.byte	0x1
 973 00da 11       		.uleb128 0x11
 974 00db 01       		.uleb128 0x1
 975 00dc 12       		.uleb128 0x12
 976 00dd 06       		.uleb128 0x6
 977 00de 01       		.uleb128 0x1
 978 00df 13       		.uleb128 0x13
 979 00e0 00       		.byte	0
 980 00e1 00       		.byte	0
 981 00e2 11       		.uleb128 0x11
 982 00e3 13       		.uleb128 0x13
 983 00e4 01       		.byte	0x1
 984 00e5 0B       		.uleb128 0xb
 985 00e6 0B       		.uleb128 0xb
 986 00e7 3A       		.uleb128 0x3a
ARM GAS  C:\Users\TT\AppData\Local\Temp\ccfbQwsa.s 			page 25


 987 00e8 0B       		.uleb128 0xb
 988 00e9 3B       		.uleb128 0x3b
 989 00ea 05       		.uleb128 0x5
 990 00eb 01       		.uleb128 0x1
 991 00ec 13       		.uleb128 0x13
 992 00ed 00       		.byte	0
 993 00ee 00       		.byte	0
 994 00ef 12       		.uleb128 0x12
 995 00f0 0D       		.uleb128 0xd
 996 00f1 00       		.byte	0
 997 00f2 03       		.uleb128 0x3
 998 00f3 0E       		.uleb128 0xe
 999 00f4 3A       		.uleb128 0x3a
 1000 00f5 0B       		.uleb128 0xb
 1001 00f6 3B       		.uleb128 0x3b
 1002 00f7 05       		.uleb128 0x5
 1003 00f8 49       		.uleb128 0x49
 1004 00f9 13       		.uleb128 0x13
 1005 00fa 38       		.uleb128 0x38
 1006 00fb 0B       		.uleb128 0xb
 1007 00fc 00       		.byte	0
 1008 00fd 00       		.byte	0
 1009 00fe 13       		.uleb128 0x13
 1010 00ff 01       		.uleb128 0x1
 1011 0100 01       		.byte	0x1
 1012 0101 49       		.uleb128 0x49
 1013 0102 13       		.uleb128 0x13
 1014 0103 01       		.uleb128 0x1
 1015 0104 13       		.uleb128 0x13
 1016 0105 00       		.byte	0
 1017 0106 00       		.byte	0
 1018 0107 14       		.uleb128 0x14
 1019 0108 21       		.uleb128 0x21
 1020 0109 00       		.byte	0
 1021 010a 49       		.uleb128 0x49
 1022 010b 13       		.uleb128 0x13
 1023 010c 2F       		.uleb128 0x2f
 1024 010d 0B       		.uleb128 0xb
 1025 010e 00       		.byte	0
 1026 010f 00       		.byte	0
 1027 0110 15       		.uleb128 0x15
 1028 0111 26       		.uleb128 0x26
 1029 0112 00       		.byte	0
 1030 0113 49       		.uleb128 0x49
 1031 0114 13       		.uleb128 0x13
 1032 0115 00       		.byte	0
 1033 0116 00       		.byte	0
 1034 0117 16       		.uleb128 0x16
 1035 0118 34       		.uleb128 0x34
 1036 0119 00       		.byte	0
 1037 011a 03       		.uleb128 0x3
 1038 011b 0E       		.uleb128 0xe
 1039 011c 3A       		.uleb128 0x3a
 1040 011d 0B       		.uleb128 0xb
 1041 011e 3B       		.uleb128 0x3b
 1042 011f 05       		.uleb128 0x5
 1043 0120 49       		.uleb128 0x49
ARM GAS  C:\Users\TT\AppData\Local\Temp\ccfbQwsa.s 			page 26


 1044 0121 13       		.uleb128 0x13
 1045 0122 02       		.uleb128 0x2
 1046 0123 18       		.uleb128 0x18
 1047 0124 00       		.byte	0
 1048 0125 00       		.byte	0
 1049 0126 17       		.uleb128 0x17
 1050 0127 34       		.uleb128 0x34
 1051 0128 00       		.byte	0
 1052 0129 03       		.uleb128 0x3
 1053 012a 08       		.uleb128 0x8
 1054 012b 3A       		.uleb128 0x3a
 1055 012c 0B       		.uleb128 0xb
 1056 012d 3B       		.uleb128 0x3b
 1057 012e 05       		.uleb128 0x5
 1058 012f 49       		.uleb128 0x49
 1059 0130 13       		.uleb128 0x13
 1060 0131 02       		.uleb128 0x2
 1061 0132 17       		.uleb128 0x17
 1062 0133 00       		.byte	0
 1063 0134 00       		.byte	0
 1064 0135 18       		.uleb128 0x18
 1065 0136 0B       		.uleb128 0xb
 1066 0137 01       		.byte	0x1
 1067 0138 11       		.uleb128 0x11
 1068 0139 01       		.uleb128 0x1
 1069 013a 12       		.uleb128 0x12
 1070 013b 06       		.uleb128 0x6
 1071 013c 00       		.byte	0
 1072 013d 00       		.byte	0
 1073 013e 19       		.uleb128 0x19
 1074 013f 0F       		.uleb128 0xf
 1075 0140 00       		.byte	0
 1076 0141 0B       		.uleb128 0xb
 1077 0142 0B       		.uleb128 0xb
 1078 0143 49       		.uleb128 0x49
 1079 0144 13       		.uleb128 0x13
 1080 0145 00       		.byte	0
 1081 0146 00       		.byte	0
 1082 0147 1A       		.uleb128 0x1a
 1083 0148 2E       		.uleb128 0x2e
 1084 0149 00       		.byte	0
 1085 014a 3F       		.uleb128 0x3f
 1086 014b 19       		.uleb128 0x19
 1087 014c 3C       		.uleb128 0x3c
 1088 014d 19       		.uleb128 0x19
 1089 014e 6E       		.uleb128 0x6e
 1090 014f 0E       		.uleb128 0xe
 1091 0150 03       		.uleb128 0x3
 1092 0151 0E       		.uleb128 0xe
 1093 0152 00       		.byte	0
 1094 0153 00       		.byte	0
 1095 0154 1B       		.uleb128 0x1b
 1096 0155 2E       		.uleb128 0x2e
 1097 0156 00       		.byte	0
 1098 0157 3F       		.uleb128 0x3f
 1099 0158 19       		.uleb128 0x19
 1100 0159 3C       		.uleb128 0x3c
ARM GAS  C:\Users\TT\AppData\Local\Temp\ccfbQwsa.s 			page 27


 1101 015a 19       		.uleb128 0x19
 1102 015b 6E       		.uleb128 0x6e
 1103 015c 0E       		.uleb128 0xe
 1104 015d 03       		.uleb128 0x3
 1105 015e 0E       		.uleb128 0xe
 1106 015f 3A       		.uleb128 0x3a
 1107 0160 0B       		.uleb128 0xb
 1108 0161 3B       		.uleb128 0x3b
 1109 0162 0B       		.uleb128 0xb
 1110 0163 00       		.byte	0
 1111 0164 00       		.byte	0
 1112 0165 00       		.byte	0
 1113              		.section	.debug_loc,"",%progbits
 1114              	.Ldebug_loc0:
 1115              	.LLST0:
 1116 0000 00000000 		.4byte	.LVL0
 1117 0004 09000000 		.4byte	.LVL2-1
 1118 0008 0100     		.2byte	0x1
 1119 000a 50       		.byte	0x50
 1120 000b 09000000 		.4byte	.LVL2-1
 1121 000f 0C000000 		.4byte	.LFE1
 1122 0013 0400     		.2byte	0x4
 1123 0015 F3       		.byte	0xf3
 1124 0016 01       		.uleb128 0x1
 1125 0017 50       		.byte	0x50
 1126 0018 9F       		.byte	0x9f
 1127 0019 00000000 		.4byte	0
 1128 001d 00000000 		.4byte	0
 1129              	.LLST1:
 1130 0021 00000000 		.4byte	.LVL0
 1131 0025 06000000 		.4byte	.LVL1
 1132 0029 0100     		.2byte	0x1
 1133 002b 51       		.byte	0x51
 1134 002c 06000000 		.4byte	.LVL1
 1135 0030 09000000 		.4byte	.LVL2-1
 1136 0034 0100     		.2byte	0x1
 1137 0036 52       		.byte	0x52
 1138 0037 09000000 		.4byte	.LVL2-1
 1139 003b 0C000000 		.4byte	.LFE1
 1140 003f 0400     		.2byte	0x4
 1141 0041 F3       		.byte	0xf3
 1142 0042 01       		.uleb128 0x1
 1143 0043 51       		.byte	0x51
 1144 0044 9F       		.byte	0x9f
 1145 0045 00000000 		.4byte	0
 1146 0049 00000000 		.4byte	0
 1147              	.LLST2:
 1148 004d CC000000 		.4byte	.LVL7
 1149 0051 D0000000 		.4byte	.LVL8
 1150 0055 0200     		.2byte	0x2
 1151 0057 30       		.byte	0x30
 1152 0058 9F       		.byte	0x9f
 1153 0059 D0000000 		.4byte	.LVL8
 1154 005d EE000000 		.4byte	.LVL10
 1155 0061 0100     		.2byte	0x1
 1156 0063 54       		.byte	0x54
 1157 0064 F0000000 		.4byte	.LVL11
ARM GAS  C:\Users\TT\AppData\Local\Temp\ccfbQwsa.s 			page 28


 1158 0068 96010000 		.4byte	.LVL14
 1159 006c 0100     		.2byte	0x1
 1160 006e 54       		.byte	0x54
 1161 006f 00000000 		.4byte	0
 1162 0073 00000000 		.4byte	0
 1163              	.LLST3:
 1164 0077 D0000000 		.4byte	.LVL8
 1165 007b EE000000 		.4byte	.LVL10
 1166 007f 0B00     		.2byte	0xb
 1167 0081 74       		.byte	0x74
 1168 0082 00       		.sleb128 0
 1169 0083 36       		.byte	0x36
 1170 0084 1E       		.byte	0x1e
 1171 0085 03       		.byte	0x3
 1172 0086 00000000 		.4byte	cfg_memset_list.4948
 1173 008a 22       		.byte	0x22
 1174 008b 9F       		.byte	0x9f
 1175 008c EE000000 		.4byte	.LVL10
 1176 0090 F0000000 		.4byte	.LVL11
 1177 0094 0B00     		.2byte	0xb
 1178 0096 74       		.byte	0x74
 1179 0097 7F       		.sleb128 -1
 1180 0098 36       		.byte	0x36
 1181 0099 1E       		.byte	0x1e
 1182 009a 03       		.byte	0x3
 1183 009b 00000000 		.4byte	cfg_memset_list.4948
 1184 009f 22       		.byte	0x22
 1185 00a0 9F       		.byte	0x9f
 1186 00a1 00000000 		.4byte	0
 1187 00a5 00000000 		.4byte	0
 1188              		.section	.debug_aranges,"",%progbits
 1189 0000 34000000 		.4byte	0x34
 1190 0004 0200     		.2byte	0x2
 1191 0006 00000000 		.4byte	.Ldebug_info0
 1192 000a 04       		.byte	0x4
 1193 000b 00       		.byte	0
 1194 000c 0000     		.2byte	0
 1195 000e 0000     		.2byte	0
 1196 0010 00000000 		.4byte	.LFB5
 1197 0014 20000000 		.4byte	.LFE5-.LFB5
 1198 0018 00000000 		.4byte	.LFB1
 1199 001c 0C000000 		.4byte	.LFE1-.LFB1
 1200 0020 00000000 		.4byte	.LFB4
 1201 0024 C8000000 		.4byte	.LFE4-.LFB4
 1202 0028 C8000000 		.4byte	.LFB6
 1203 002c 4C010000 		.4byte	.LFE6-.LFB6
 1204 0030 00000000 		.4byte	0
 1205 0034 00000000 		.4byte	0
 1206              		.section	.debug_ranges,"",%progbits
 1207              	.Ldebug_ranges0:
 1208 0000 00000000 		.4byte	.LFB5
 1209 0004 20000000 		.4byte	.LFE5
 1210 0008 00000000 		.4byte	.LFB1
 1211 000c 0C000000 		.4byte	.LFE1
 1212 0010 00000000 		.4byte	.LFB4
 1213 0014 C8000000 		.4byte	.LFE4
 1214 0018 C8000000 		.4byte	.LFB6
ARM GAS  C:\Users\TT\AppData\Local\Temp\ccfbQwsa.s 			page 29


 1215 001c 14020000 		.4byte	.LFE6
 1216 0020 00000000 		.4byte	0
 1217 0024 00000000 		.4byte	0
 1218              		.section	.debug_line,"",%progbits
 1219              	.Ldebug_line0:
 1220 0000 6C010000 		.section	.debug_str,"MS",%progbits,1
 1220      0200E300 
 1220      00000201 
 1220      FB0E0D00 
 1220      01010101 
 1221              	.LASF19:
 1222 0000 72656733 		.ascii	"reg32\000"
 1222      3200
 1223              	.LASF12:
 1224 0006 73697A65 		.ascii	"size_t\000"
 1224      5F7400
 1225              	.LASF33:
 1226 000d 416E616C 		.ascii	"AnalogSetDefault\000"
 1226      6F675365 
 1226      74446566 
 1226      61756C74 
 1226      00
 1227              	.LASF28:
 1228 001e 4379496E 		.ascii	"CyIntSetVector\000"
 1228      74536574 
 1228      56656374 
 1228      6F7200
 1229              	.LASF25:
 1230 002d 6366675F 		.ascii	"cfg_memset_list\000"
 1230      6D656D73 
 1230      65745F6C 
 1230      69737400 
 1231              	.LASF21:
 1232 003d 436C6F63 		.ascii	"ClockSetup\000"
 1232      6B536574 
 1232      757000
 1233              	.LASF6:
 1234 0048 73686F72 		.ascii	"short unsigned int\000"
 1234      7420756E 
 1234      7369676E 
 1234      65642069 
 1234      6E7400
 1235              	.LASF32:
 1236 005b 433A5C55 		.ascii	"C:\\Users\\TT\\Documents\\Robotics\\IMU_Firmware_20"
 1236      73657273 
 1236      5C54545C 
 1236      446F6375 
 1236      6D656E74 
 1237 0089 32302D32 		.ascii	"20-21\\IMU Board Firmware.cydsn\000"
 1237      315C494D 
 1237      5520426F 
 1237      61726420 
 1237      4669726D 
 1238              	.LASF16:
 1239 00a8 666C6F61 		.ascii	"float\000"
 1239      7400
 1240              	.LASF23:
ARM GAS  C:\Users\TT\AppData\Local\Temp\ccfbQwsa.s 			page 30


 1241 00ae 73697A65 		.ascii	"size\000"
 1241      00
 1242              	.LASF18:
 1243 00b3 72656738 		.ascii	"reg8\000"
 1243      00
 1244              	.LASF8:
 1245 00b8 6C6F6E67 		.ascii	"long unsigned int\000"
 1245      20756E73 
 1245      69676E65 
 1245      6420696E 
 1245      7400
 1246              	.LASF13:
 1247 00ca 75696E74 		.ascii	"uint8\000"
 1247      3800
 1248              	.LASF26:
 1249 00d0 43795379 		.ascii	"CySysClkWcoStart\000"
 1249      73436C6B 
 1249      57636F53 
 1249      74617274 
 1249      00
 1250              	.LASF20:
 1251 00e1 43594D45 		.ascii	"CYMEMZERO\000"
 1251      4D5A4552 
 1251      4F00
 1252              	.LASF4:
 1253 00eb 756E7369 		.ascii	"unsigned char\000"
 1253      676E6564 
 1253      20636861 
 1253      7200
 1254              	.LASF35:
 1255 00f9 6D656D73 		.ascii	"memset\000"
 1255      657400
 1256              	.LASF17:
 1257 0100 646F7562 		.ascii	"double\000"
 1257      6C6500
 1258              	.LASF29:
 1259 0107 4379496E 		.ascii	"CyIntEnable\000"
 1259      74456E61 
 1259      626C6500 
 1260              	.LASF14:
 1261 0113 75696E74 		.ascii	"uint16\000"
 1261      313600
 1262              	.LASF15:
 1263 011a 75696E74 		.ascii	"uint32\000"
 1263      333200
 1264              	.LASF0:
 1265 0121 756E7369 		.ascii	"unsigned int\000"
 1265      676E6564 
 1265      20696E74 
 1265      00
 1266              	.LASF34:
 1267 012e 63796669 		.ascii	"cyfitter_cfg\000"
 1267      74746572 
 1267      5F636667 
 1267      00
 1268              	.LASF22:
 1269 013b 61646472 		.ascii	"address\000"
ARM GAS  C:\Users\TT\AppData\Local\Temp\ccfbQwsa.s 			page 31


 1269      65737300 
 1270              	.LASF9:
 1271 0143 6C6F6E67 		.ascii	"long long unsigned int\000"
 1271      206C6F6E 
 1271      6720756E 
 1271      7369676E 
 1271      65642069 
 1272              	.LASF30:
 1273 015a 474E5520 		.ascii	"GNU C11 5.4.1 20160609 (release) [ARM/embedded-5-br"
 1273      43313120 
 1273      352E342E 
 1273      31203230 
 1273      31363036 
 1274 018d 616E6368 		.ascii	"anch revision 237715] -mcpu=cortex-m0 -mthumb -g -O"
 1274      20726576 
 1274      6973696F 
 1274      6E203233 
 1274      37373135 
 1275 01c0 67202D66 		.ascii	"g -ffunction-sections -ffat-lto-objects\000"
 1275      66756E63 
 1275      74696F6E 
 1275      2D736563 
 1275      74696F6E 
 1276              	.LASF24:
 1277 01e8 6366675F 		.ascii	"cfg_memset_t\000"
 1277      6D656D73 
 1277      65745F74 
 1277      00
 1278              	.LASF10:
 1279 01f5 73697A65 		.ascii	"sizetype\000"
 1279      74797065 
 1279      00
 1280              	.LASF1:
 1281 01fe 6C6F6E67 		.ascii	"long long int\000"
 1281      206C6F6E 
 1281      6720696E 
 1281      7400
 1282              	.LASF11:
 1283 020c 63686172 		.ascii	"char\000"
 1283      00
 1284              	.LASF5:
 1285 0211 73686F72 		.ascii	"short int\000"
 1285      7420696E 
 1285      7400
 1286              	.LASF27:
 1287 021b 43795379 		.ascii	"CySysClkWriteImoFreq\000"
 1287      73436C6B 
 1287      57726974 
 1287      65496D6F 
 1287      46726571 
 1288              	.LASF7:
 1289 0230 6C6F6E67 		.ascii	"long int\000"
 1289      20696E74 
 1289      00
 1290              	.LASF2:
 1291 0239 6C6F6E67 		.ascii	"long double\000"
 1291      20646F75 
ARM GAS  C:\Users\TT\AppData\Local\Temp\ccfbQwsa.s 			page 32


 1291      626C6500 
 1292              	.LASF3:
 1293 0245 7369676E 		.ascii	"signed char\000"
 1293      65642063 
 1293      68617200 
 1294              	.LASF31:
 1295 0251 47656E65 		.ascii	"Generated_Source\\PSoC4\\cyfitter_cfg.c\000"
 1295      72617465 
 1295      645F536F 
 1295      75726365 
 1295      5C50536F 
 1296              		.ident	"GCC: (GNU Tools for ARM Embedded Processors) 5.4.1 20160609 (release) [ARM/embedded-5-bran
