Archive member included to satisfy reference by file (symbol)

.\CortexM0\ARM_GCC_541\Debug\IMU Board Firmware.a(CyLib.o)
                              .\CortexM0\ARM_GCC_541\Debug\cyfitter_cfg.o (CyIntEnable)
.\CortexM0\ARM_GCC_541\Debug\IMU Board Firmware.a(CyLFClk.o)
                              .\CortexM0\ARM_GCC_541\Debug\cyfitter_cfg.o (CySysClkWcoStart)
.\CortexM0\ARM_GCC_541\Debug\IMU Board Firmware.a(GPS_UART.o)
                              .\CortexM0\ARM_GCC_541\Debug\GPS.o (GPS_UART_Start)
.\CortexM0\ARM_GCC_541\Debug\IMU Board Firmware.a(GPS_UART_SPI_UART.o)
                              .\CortexM0\ARM_GCC_541\Debug\GPS.o (GPS_UART_SpiUartGetRxBufferSize)
.\CortexM0\ARM_GCC_541\Debug\IMU Board Firmware.a(GPS_UART_UART.o)
                              .\CortexM0\ARM_GCC_541\Debug\IMU Board Firmware.a(GPS_UART.o) (GPS_UART_UartInit)
.\CortexM0\ARM_GCC_541\Debug\IMU Board Firmware.a(UART_CLOCK.o)
                              .\CortexM0\ARM_GCC_541\Debug\GPS.o (UART_CLOCK_StartEx)
.\CortexM0\ARM_GCC_541\Debug\IMU Board Firmware.a(CAN.o)
                              .\CortexM0\ARM_GCC_541\Debug\PortIMUBoard.o (CAN_GlobalIntEnable)
.\CortexM0\ARM_GCC_541\Debug\IMU Board Firmware.a(CAN_INT.o)
                              .\CortexM0\ARM_GCC_541\Debug\IMU Board Firmware.a(CAN.o) (CAN_ISR)
.\CortexM0\ARM_GCC_541\Debug\IMU Board Firmware.a(CAN_TX_RX_func.o)
                              .\CortexM0\ARM_GCC_541\Debug\PortIMUBoard.o (CAN_SendMsg)
.\CortexM0\ARM_GCC_541\Debug\IMU Board Firmware.a(DIP1.o)
                              .\CortexM0\ARM_GCC_541\Debug\main.o (DIP1_Read)
.\CortexM0\ARM_GCC_541\Debug\IMU Board Firmware.a(DIP2.o)
                              .\CortexM0\ARM_GCC_541\Debug\main.o (DIP2_Read)
.\CortexM0\ARM_GCC_541\Debug\IMU Board Firmware.a(DIP3.o)
                              .\CortexM0\ARM_GCC_541\Debug\main.o (DIP3_Read)
.\CortexM0\ARM_GCC_541\Debug\IMU Board Firmware.a(DIP4.o)
                              .\CortexM0\ARM_GCC_541\Debug\main.o (DIP4_Read)
.\CortexM0\ARM_GCC_541\Debug\IMU Board Firmware.a(DBG.o)
                              .\CortexM0\ARM_GCC_541\Debug\main.o (DBG_Write)
.\CortexM0\ARM_GCC_541\Debug\IMU Board Firmware.a(IMU_I2C.o)
                              .\CortexM0\ARM_GCC_541\Debug\IMUDriver.o (IMU_I2C_Start)
.\CortexM0\ARM_GCC_541\Debug\IMU Board Firmware.a(IMU_I2C_I2C.o)
                              .\CortexM0\ARM_GCC_541\Debug\IMU Board Firmware.a(IMU_I2C.o) (IMU_I2C_I2CInit)
.\CortexM0\ARM_GCC_541\Debug\IMU Board Firmware.a(IMU_I2C_I2C_MASTER.o)
                              .\CortexM0\ARM_GCC_541\Debug\IMUDriver.o (IMU_I2C_I2CMasterSendStart)
.\CortexM0\ARM_GCC_541\Debug\IMU Board Firmware.a(IMU_RST.o)
                              .\CortexM0\ARM_GCC_541\Debug\IMUDriver.o (IMU_RST_Write)
.\CortexM0\ARM_GCC_541\Debug\IMU Board Firmware.a(DBG_UART.o)
                              .\CortexM0\ARM_GCC_541\Debug\main.o (DBG_UART_Start)
.\CortexM0\ARM_GCC_541\Debug\IMU Board Firmware.a(DBG_UART_UART.o)
                              .\CortexM0\ARM_GCC_541\Debug\IMU Board Firmware.a(DBG_UART.o) (DBG_UART_UartInit)
.\CortexM0\ARM_GCC_541\Debug\IMU Board Firmware.a(CyBootAsmGnu.o)
                              .\CortexM0\ARM_GCC_541\Debug\IMU Board Firmware.a(CyLib.o) (CyDelayCycles)
.\CortexM0\ARM_GCC_541\Debug\IMU Board Firmware.a(CyFlash.o)
                              .\CortexM0\ARM_GCC_541\Debug\IMU Board Firmware.a(CyLib.o) (CySysFlashSetWaitCycles)
.\CortexM0\ARM_GCC_541\Debug\IMU Board Firmware.a(GPS_UART_SPI_UART_INT.o)
                              .\CortexM0\ARM_GCC_541\Debug\IMU Board Firmware.a(GPS_UART_UART.o) (GPS_UART_SPI_UART_ISR)
.\CortexM0\ARM_GCC_541\Debug\IMU Board Firmware.a(IMU_I2C_I2C_INT.o)
                              .\CortexM0\ARM_GCC_541\Debug\IMU Board Firmware.a(IMU_I2C_I2C.o) (IMU_I2C_I2C_ISR)
.\CortexM0\ARM_GCC_541\Debug\IMU Board Firmware.a(DBG_UART_SPI_UART.o)
                              .\CortexM0\ARM_GCC_541\Debug\IMU Board Firmware.a(DBG_UART_UART.o) (DBG_UART_SpiUartReadRxData)
c:/program files (x86)/cypress/psoc creator/4.4/psoc creator/import/gnu/arm/5.4.1/bin/../lib/gcc/arm-none-eabi/5.4.1/armv6-m\libgcc.a(_udivsi3.o)
                              .\CortexM0\ARM_GCC_541\Debug\IMU Board Firmware.a(CyLib.o) (__aeabi_uidiv)
c:/program files (x86)/cypress/psoc creator/4.4/psoc creator/import/gnu/arm/5.4.1/bin/../lib/gcc/arm-none-eabi/5.4.1/armv6-m\libgcc.a(_divsi3.o)
                              .\CortexM0\ARM_GCC_541\Debug\IMU Board Firmware.a(CyLib.o) (__aeabi_idiv)
c:/program files (x86)/cypress/psoc creator/4.4/psoc creator/import/gnu/arm/5.4.1/bin/../lib/gcc/arm-none-eabi/5.4.1/armv6-m\libgcc.a(_dvmd_tls.o)
                              c:/program files (x86)/cypress/psoc creator/4.4/psoc creator/import/gnu/arm/5.4.1/bin/../lib/gcc/arm-none-eabi/5.4.1/armv6-m\libgcc.a(_udivsi3.o) (__aeabi_idiv0)
[...]
Memory Configuration

Name             Origin             Length             Attributes
rom              0x00000000         0x00040000         xr
ram              0x20000000         0x00008000         xrw
*default*        0x00000000         0xffffffff

Linker script and memory map

LOAD c:/program files (x86)/cypress/psoc creator/4.4/psoc creator/import/gnu/arm/5.4.1/bin/../lib/gcc/arm-none-eabi/5.4.1/armv6-m/crti.o
LOAD c:/program files (x86)/cypress/psoc creator/4.4/psoc creator/import/gnu/arm/5.4.1/bin/../lib/gcc/arm-none-eabi/5.4.1/armv6-m/crtbegin.o
LOAD c:/program files (x86)/cypress/psoc creator/4.4/psoc creator/import/gnu/arm/5.4.1/bin/../lib/gcc/arm-none-eabi/5.4.1/../../../../arm-none-eabi/lib/armv6-m/crt0.o
START GROUP
LOAD .\CortexM0\ARM_GCC_541\Debug\CANCommon.o
LOAD .\CortexM0\ARM_GCC_541\Debug\CANGPIO.o
LOAD .\CortexM0\ARM_GCC_541\Debug\CANLocalization.o
LOAD .\CortexM0\ARM_GCC_541\Debug\CANPacket.o
LOAD .\CortexM0\ARM_GCC_541\Debug\CANIMU.o
LOAD .\CortexM0\ARM_GCC_541\Debug\main.o
LOAD .\CortexM0\ARM_GCC_541\Debug\GPS.o
LOAD .\CortexM0\ARM_GCC_541\Debug\PortIMUBoard.o
LOAD .\CortexM0\ARM_GCC_541\Debug\IMU.o
LOAD .\CortexM0\ARM_GCC_541\Debug\IMUDriver.o
LOAD .\CortexM0\ARM_GCC_541\Debug\cyfitter_cfg.o
LOAD .\CortexM0\ARM_GCC_541\Debug\cymetadata.o
LOAD .\CortexM0\ARM_GCC_541\Debug\Cm0Start.o
LOAD .\CortexM0\ARM_GCC_541\Debug\IMU Board Firmware.a
END GROUP
START GROUP
LOAD c:/program files (x86)/cypress/psoc creator/4.4/psoc creator/import/gnu/arm/5.4.1/bin/../lib/gcc/arm-none-eabi/5.4.1/armv6-m\libgcc.a
LOAD c:/program files (x86)/cypress/psoc creator/4.4/psoc creator/import/gnu/arm/5.4.1/bin/../lib/gcc/arm-none-eabi/5.4.1/../../../../arm-none-eabi/lib/armv6-m\libg_nano.a
LOAD c:/program files (x86)/cypress/psoc creator/4.4/psoc creator/import/gnu/arm/5.4.1/bin/../lib/gcc/arm-none-eabi/5.4.1/../../../../arm-none-eabi/lib/armv6-m\libc_nano.a
END GROUP
START GROUP
LOAD c:/program files (x86)/cypress/psoc creator/4.4/psoc creator/import/gnu/arm/5.4.1/bin/../lib/gcc/arm-none-eabi/5.4.1/armv6-m\libgcc.a
LOAD c:/program files (x86)/cypress/psoc creator/4.4/psoc creator/import/gnu/arm/5.4.1/bin/../lib/gcc/arm-none-eabi/5.4.1/../../../../arm-none-eabi/lib/armv6-m\libc_nano.a
END GROUP
LOAD c:/program files (x86)/cypress/psoc creator/4.4/psoc creator/import/gnu/arm/5.4.1/bin/../lib/gcc/arm-none-eabi/5.4.1/armv6-m/crtend.o
LOAD c:/program files (x86)/cypress/psoc creator/4.4/psoc creator/import/gnu/arm/5.4.1/bin/../lib/gcc/arm-none-eabi/5.4.1/armv6-m/crtn.o
START GROUP
LOAD c:/program files (x86)/cypress/psoc creator/4.4/psoc creator/import/gnu/arm/5.4.1/bin/../lib/gcc/arm-none-eabi/5.4.1/armv6-m\libgcc.a
LOAD c:/program files (x86)/cypress/psoc creator/4.4/psoc creator/import/gnu/arm/5.4.1/bin/../lib/gcc/arm-none-eabi/5.4.1/../../../../arm-none-eabi/lib/armv6-m\libc.a
LOAD c:/program files (x86)/cypress/psoc creator/4.4/psoc creator/import/gnu/arm/5.4.1/bin/../lib/gcc/arm-none-eabi/5.4.1/../../../../arm-none-eabi/lib/armv6-m\libnosys.a
END GROUP
                0x00000000                CY_APPL_ORIGIN = 0x0
                0x00000100                CY_FLASH_ROW_SIZE = 0x100
                0x00000001                CY_APPL_NUM = 0x1
                0x00000001                CY_APPL_MAX = 0x1
                0x00000040                CY_METADATA_SIZE = 0x40
                0x00000000                CY_APPL_LOADABLE = 0x0
                0x00000000                CY_CHECKSUM_EXCLUDE_SIZE = ALIGN (0x0, CY_FLASH_ROW_SIZE)
                0x00000000                CY_APP_FOR_STACK_AND_COPIER = 0x0
                [!provide]                PROVIDE (__cy_heap_start, _end)
                0x00000001                PROVIDE (__cy_region_num, ((__cy_regions_end - __cy_regions) / 0x10))
                0x20008000                PROVIDE (__cy_stack, (ORIGIN (ram) + LENGTH (ram)))
                [!provide]                PROVIDE (__cy_heap_end, (__cy_stack - 0x800))

.cybootloader   0x00000000        0x0
 *(.cybootloader)
                0x00000000                appl1_start = CY_APPL_ORIGIN?CY_APPL_ORIGIN:ALIGN (CY_FLASH_ROW_SIZE)
                0x0001ff00                appl2_start = (appl1_start + ALIGN ((((LENGTH (rom) - appl1_start) - (0x2 * CY_FLASH_ROW_SIZE)) / 0x2), CY_FLASH_ROW_SIZE))
                0x00000000                appl_start = (CY_APPL_NUM == 0x1)?appl1_start:appl2_start
                0x00000001                cy_project_type_bootloader = (appl_start == 0x0)?0x1:0x0
                0x00000000                cy_project_type_app_for_stack_and_copier = (CY_APP_FOR_STACK_AND_COPIER == 0x1)?0x1:0x0

.text           0x00000000     0x2f50
 CREATE_OBJECT_SYMBOLS
                0x00000000                PROVIDE (__cy_interrupt_vector, RomVectors)
 *(.romvectors)
 .romvectors    0x00000000       0x10 .\CortexM0\ARM_GCC_541\Debug\Cm0Start.o
                0x00000000                RomVectors
                0x00000001                ASSERT ((. != __cy_interrupt_vector), No interrupt vector)
                0x00000001                ASSERT (CY_APPL_ORIGIN?(SIZEOF (.cybootloader) <= CY_APPL_ORIGIN):0x1, Wrong image location)
                0x00000010                PROVIDE (__cy_reset, Reset)
 *(.text.Reset)
 .text.Reset    0x00000010        0x8 .\CortexM0\ARM_GCC_541\Debug\Cm0Start.o
                0x00000010                Reset
                0x00000001                ASSERT ((. != __cy_reset), No reset code)
 *(.psocinit)
 .psocinit      0x00000018      0x214 .\CortexM0\ARM_GCC_541\Debug\cyfitter_cfg.o
                0x000000e0                cyfitter_cfg
                0x0000022c                . = MAX (., 0x100)
 *(.text .text.* .gnu.linkonce.t.*)
 .text          0x0000022c       0x60 c:/program files (x86)/cypress/psoc creator/4.4/psoc creator/import/gnu/arm/5.4.1/bin/../lib/gcc/arm-none-eabi/5.4.1/armv6-m/crtbegin.o
 .text.getSerialAddress
                0x0000028c       0x38 .\CortexM0\ARM_GCC_541\Debug\main.o
                0x0000028c                getSerialAddress
 .text.readAccOffset
                0x000002c4       0x80 .\CortexM0\ARM_GCC_541\Debug\main.o
                0x000002c4                readAccOffset
 .text.readMagOffset
                0x00000344       0x80 .\CortexM0\ARM_GCC_541\Debug\main.o
                0x00000344                readMagOffset
 .text.readRadiusOffset
                0x000003c4       0x70 .\CortexM0\ARM_GCC_541\Debug\main.o
                0x000003c4                readRadiusOffset
 .text.writeAccOffset
                0x00000434       0x48 .\CortexM0\ARM_GCC_541\Debug\main.o
                0x00000434                writeAccOffset
 .text.writeMagOffset
                0x0000047c       0x48 .\CortexM0\ARM_GCC_541\Debug\main.o
                0x0000047c                writeMagOffset
 .text.writeRadiusOffset
                0x000004c4      0x18c .\CortexM0\ARM_GCC_541\Debug\main.o
                0x000004c4                writeRadiusOffset
 .text.main     0x00000650       0x64 .\CortexM0\ARM_GCC_541\Debug\main.o
                0x00000650                main
 .text.gps_init
                0x000006b4       0x40 .\CortexM0\ARM_GCC_541\Debug\GPS.o
                0x000006b4                gps_init
 .text.InitCAN  0x000006f4       0x98 .\CortexM0\ARM_GCC_541\Debug\PortIMUBoard.o
                0x000006f4                InitCAN
 .text.countAddFIFO
                0x0000078c       0x50 .\CortexM0\ARM_GCC_541\Debug\PortIMUBoard.o
                0x0000078c                countAddFIFO
 .text.CAN_FLAG_ISR
                0x000007dc      0x12c .\CortexM0\ARM_GCC_541\Debug\PortIMUBoard.o
                0x000007dc                CAN_FLAG_ISR
 .text.bno055_init
                0x00000908       0xe8 .\CortexM0\ARM_GCC_541\Debug\IMU.o
                0x00000908                bno055_init
 .text.bno055_write_register
                0x000009f0       0x24 .\CortexM0\ARM_GCC_541\Debug\IMU.o
                0x000009f0                bno055_write_register
 .text.bno055_write_page_id
                0x00000a14       0x5c .\CortexM0\ARM_GCC_541\Debug\IMU.o
                0x00000a14                bno055_write_page_id
 .text.bno055_get_operation_mode
                0x00000a70       0x64 .\CortexM0\ARM_GCC_541\Debug\IMU.o
                0x00000a70                bno055_get_operation_mode
 .text.bno055_set_operation_mode
                0x00000ad4      0x114 .\CortexM0\ARM_GCC_541\Debug\IMU.o
                0x00000ad4                bno055_set_operation_mode
 .text.bno055_set_power_mode
                0x00000be8       0xa4 .\CortexM0\ARM_GCC_541\Debug\IMU.o
                0x00000be8                bno055_set_power_mode
 .text.bno055_read_accel_offset
                0x00000c8c       0xbc .\CortexM0\ARM_GCC_541\Debug\IMU.o
                0x00000c8c                bno055_read_accel_offset
 .text.bno055_write_accel_offset
                0x00000d48      0x214 .\CortexM0\ARM_GCC_541\Debug\IMU.o
                0x00000d48                bno055_write_accel_offset
 .text.bno055_read_mag_offset
                0x00000f5c       0xbc .\CortexM0\ARM_GCC_541\Debug\IMU.o
                0x00000f5c                bno055_read_mag_offset
 .text.bno055_write_mag_offset
                0x00001018      0x21c .\CortexM0\ARM_GCC_541\Debug\IMU.o
                0x00001018                bno055_write_mag_offset
 .text.BNO055_delay_msek
                0x00001234        0x8 .\CortexM0\ARM_GCC_541\Debug\IMUDriver.o
                0x00001234                BNO055_delay_msek
 .text.BNO055_I2C_bus_write
                0x0000123c       0x50 .\CortexM0\ARM_GCC_541\Debug\IMUDriver.o
                0x0000123c                BNO055_I2C_bus_write
 .text.BNO055_I2C_bus_read
                0x0000128c       0x68 .\CortexM0\ARM_GCC_541\Debug\IMUDriver.o
                0x0000128c                BNO055_I2C_bus_read
 .text.I2C_routine
                0x000012f4       0x28 .\CortexM0\ARM_GCC_541\Debug\IMUDriver.o
                0x000012f4                I2C_routine
 .text.imu_init
                0x0000131c       0x4c .\CortexM0\ARM_GCC_541\Debug\IMUDriver.o
                0x0000131c                imu_init
 .text.AnalogSetDefault
                0x00001368       0x20 .\CortexM0\ARM_GCC_541\Debug\cyfitter_cfg.o
 .text.CYMEMZERO
                0x00001388        0xc .\CortexM0\ARM_GCC_541\Debug\cyfitter_cfg.o
 .text.IntDefaultHandler
                0x00001394       0x10 .\CortexM0\ARM_GCC_541\Debug\Cm0Start.o
                0x00001394                IntDefaultHandler
 .text.Start_c  0x000013a4       0x48 .\CortexM0\ARM_GCC_541\Debug\Cm0Start.o
                0x000013a4                Start_c
 .text.initialize_psoc
                0x000013ec       0x4c .\CortexM0\ARM_GCC_541\Debug\Cm0Start.o
                0x000013ec                initialize_psoc
 .text.CySysClkImoSetPwrBgTrim5
                0x00001438       0x30 .\CortexM0\ARM_GCC_541\Debug\IMU Board Firmware.a(CyLib.o)
 .text.CySysClkImoSetImoTrims
                0x00001468       0xb0 .\CortexM0\ARM_GCC_541\Debug\IMU Board Firmware.a(CyLib.o)
 .text.CySysClkImoDisableWcoLock
                0x00001518       0x54 .\CortexM0\ARM_GCC_541\Debug\IMU Board Firmware.a(CyLib.o)
                0x00001518                CySysClkImoDisableWcoLock
 .text.CySysClkImoGetWcoLock
                0x0000156c       0x14 .\CortexM0\ARM_GCC_541\Debug\IMU Board Firmware.a(CyLib.o)
                0x0000156c                CySysClkImoGetWcoLock
 .text.CySysClkImoEnableUsbLock
                0x00001580       0x44 .\CortexM0\ARM_GCC_541\Debug\IMU Board Firmware.a(CyLib.o)
                0x00001580                CySysClkImoEnableUsbLock
 .text.CySysClkImoDisableUsbLock
                0x000015c4       0x74 .\CortexM0\ARM_GCC_541\Debug\IMU Board Firmware.a(CyLib.o)
                0x000015c4                CySysClkImoDisableUsbLock
 .text.CySysClkImoGetUsbLock
                0x00001638       0x14 .\CortexM0\ARM_GCC_541\Debug\IMU Board Firmware.a(CyLib.o)
                0x00001638                CySysClkImoGetUsbLock
 .text.CyIntEnable
                0x0000164c       0x14 .\CortexM0\ARM_GCC_541\Debug\IMU Board Firmware.a(CyLib.o)
                0x0000164c                CyIntEnable
 .text.CyIntDisable
                0x00001660       0x14 .\CortexM0\ARM_GCC_541\Debug\IMU Board Firmware.a(CyLib.o)
                0x00001660                CyIntDisable
 .text.CyHalt   0x00001674        0x4 .\CortexM0\ARM_GCC_541\Debug\IMU Board Firmware.a(CyLib.o)
                0x00001674                CyHalt
 .text.CyIntSetVector
                0x00001678       0x24 .\CortexM0\ARM_GCC_541\Debug\IMU Board Firmware.a(CyLib.o)
                0x00001678                CyIntSetVector
 .text.CyIntSetPriority
                0x0000169c       0x4c .\CortexM0\ARM_GCC_541\Debug\IMU Board Firmware.a(CyLib.o)
                0x0000169c                CyIntSetPriority
 .text.CyDelay  0x000016e8       0x30 .\CortexM0\ARM_GCC_541\Debug\IMU Board Firmware.a(CyLib.o)
                0x000016e8                CyDelay
 .text.CySysClkImoEnableWcoLock
                0x00001718      0x104 .\CortexM0\ARM_GCC_541\Debug\IMU Board Firmware.a(CyLib.o)
                0x00001718                CySysClkImoEnableWcoLock
 .text.CyDelayUs
                0x0000181c       0x14 .\CortexM0\ARM_GCC_541\Debug\IMU Board Firmware.a(CyLib.o)
                0x0000181c                CyDelayUs
 .text.CySysClkWriteImoFreq
                0x00001830      0x1bc .\CortexM0\ARM_GCC_541\Debug\IMU Board Firmware.a(CyLib.o)
                0x00001830                CySysClkWriteImoFreq
 .text.CySysWdtLocked
                0x000019ec       0x14 .\CortexM0\ARM_GCC_541\Debug\IMU Board Firmware.a(CyLFClk.o)
 .text.CySysClkWcoStart
                0x00001a00       0x40 .\CortexM0\ARM_GCC_541\Debug\IMU Board Firmware.a(CyLFClk.o)
                0x00001a00                CySysClkWcoStart
 .text.CySysClkWcoEnabled
                0x00001a40       0x14 .\CortexM0\ARM_GCC_541\Debug\IMU Board Firmware.a(CyLFClk.o)
                0x00001a40                CySysClkWcoEnabled
 .text.CySysWdtLock
                0x00001a54       0x1c .\CortexM0\ARM_GCC_541\Debug\IMU Board Firmware.a(CyLFClk.o)
                0x00001a54                CySysWdtLock
 .text.CySysWdtUnlock
                0x00001a70       0x30 .\CortexM0\ARM_GCC_541\Debug\IMU Board Firmware.a(CyLFClk.o)
                0x00001a70                CySysWdtUnlock
 .text.CySysWdtClearInterrupt
                0x00001aa0       0x4c .\CortexM0\ARM_GCC_541\Debug\IMU Board Firmware.a(CyLFClk.o)
                0x00001aa0                CySysWdtClearInterrupt
 .text.CySysWdtIsr
                0x00001aec       0xa4 .\CortexM0\ARM_GCC_541\Debug\IMU Board Firmware.a(CyLFClk.o)
                0x00001aec                CySysWdtIsr
 .text.GPS_UART_ScbEnableIntr
                0x00001b90        0xc .\CortexM0\ARM_GCC_541\Debug\IMU Board Firmware.a(GPS_UART.o)
 .text.GPS_UART_ScbModePostEnable
                0x00001b9c        0x8 .\CortexM0\ARM_GCC_541\Debug\IMU Board Firmware.a(GPS_UART.o)
 .text.GPS_UART_Init
                0x00001ba4        0x8 .\CortexM0\ARM_GCC_541\Debug\IMU Board Firmware.a(GPS_UART.o)
                0x00001ba4                GPS_UART_Init
 .text.GPS_UART_Enable
                0x00001bac       0x1c .\CortexM0\ARM_GCC_541\Debug\IMU Board Firmware.a(GPS_UART.o)
                0x00001bac                GPS_UART_Enable
 .text.GPS_UART_Start
                0x00001bc8       0x20 .\CortexM0\ARM_GCC_541\Debug\IMU Board Firmware.a(GPS_UART.o)
                0x00001bc8                GPS_UART_Start
 .text.GPS_UART_SpiUartWriteTxData
                0x00001be8       0x1c .\CortexM0\ARM_GCC_541\Debug\IMU Board Firmware.a(GPS_UART_SPI_UART.o)
                0x00001be8                GPS_UART_SpiUartWriteTxData
 .text.GPS_UART_UartInit
                0x00001c04       0xc4 .\CortexM0\ARM_GCC_541\Debug\IMU Board Firmware.a(GPS_UART_UART.o)
                0x00001c04                GPS_UART_UartInit
 .text.GPS_UART_UartPostEnable
                0x00001cc8       0x24 .\CortexM0\ARM_GCC_541\Debug\IMU Board Firmware.a(GPS_UART_UART.o)
                0x00001cc8                GPS_UART_UartPostEnable
 .text.GPS_UART_UartPutString
                0x00001cec       0x18 .\CortexM0\ARM_GCC_541\Debug\IMU Board Firmware.a(GPS_UART_UART.o)
                0x00001cec                GPS_UART_UartPutString
 .text.UART_CLOCK_StartEx
                0x00001d04       0x1c .\CortexM0\ARM_GCC_541\Debug\IMU Board Firmware.a(UART_CLOCK.o)
                0x00001d04                UART_CLOCK_StartEx
 .text.UART_CLOCK_SetFractionalDividerRegister
                0x00001d20       0x20 .\CortexM0\ARM_GCC_541\Debug\IMU Board Firmware.a(UART_CLOCK.o)
                0x00001d20                UART_CLOCK_SetFractionalDividerRegister
 .text.CAN_GlobalIntEnable
                0x00001d40       0x1c .\CortexM0\ARM_GCC_541\Debug\IMU Board Firmware.a(CAN.o)
                0x00001d40                CAN_GlobalIntEnable
 .text.CAN_Enable
                0x00001d5c       0x48 .\CortexM0\ARM_GCC_541\Debug\IMU Board Firmware.a(CAN.o)
                0x00001d5c                CAN_Enable
 .text.CAN_SetPreScaler
                0x00001da4       0x38 .\CortexM0\ARM_GCC_541\Debug\IMU Board Firmware.a(CAN.o)
                0x00001da4                CAN_SetPreScaler
 .text.CAN_SetArbiter
                0x00001ddc       0x40 .\CortexM0\ARM_GCC_541\Debug\IMU Board Firmware.a(CAN.o)
                0x00001ddc                CAN_SetArbiter
 .text.CAN_SetTsegSample
                0x00001e1c       0xa0 .\CortexM0\ARM_GCC_541\Debug\IMU Board Firmware.a(CAN.o)
                0x00001e1c                CAN_SetTsegSample
 .text.CAN_SetRestartType
                0x00001ebc       0x38 .\CortexM0\ARM_GCC_541\Debug\IMU Board Firmware.a(CAN.o)
                0x00001ebc                CAN_SetRestartType
 .text.CAN_SetEdgeMode
                0x00001ef4       0x38 .\CortexM0\ARM_GCC_541\Debug\IMU Board Firmware.a(CAN.o)
                0x00001ef4                CAN_SetEdgeMode
 .text.CAN_SetIrqMask
                0x00001f2c       0x1c .\CortexM0\ARM_GCC_541\Debug\IMU Board Firmware.a(CAN.o)
                0x00001f2c                CAN_SetIrqMask
 .text.CAN_RxBufConfig
                0x00001f48       0x98 .\CortexM0\ARM_GCC_541\Debug\IMU Board Firmware.a(CAN.o)
                0x00001f48                CAN_RxBufConfig
 .text.CAN_TxBufConfig
                0x00001fe0       0x58 .\CortexM0\ARM_GCC_541\Debug\IMU Board Firmware.a(CAN.o)
                0x00001fe0                CAN_TxBufConfig
 .text.CAN_RxTxBuffersConfig
                0x00002038       0x54 .\CortexM0\ARM_GCC_541\Debug\IMU Board Firmware.a(CAN.o)
                0x00002038                CAN_RxTxBuffersConfig
 .text.CAN_SetSwapDataEndianness
                0x0000208c       0x40 .\CortexM0\ARM_GCC_541\Debug\IMU Board Firmware.a(CAN.o)
                0x0000208c                CAN_SetSwapDataEndianness
 .text.CAN_Init
                0x000020cc       0xe4 .\CortexM0\ARM_GCC_541\Debug\IMU Board Firmware.a(CAN.o)
                0x000020cc                CAN_Init
 .text.CAN_Start
                0x000021b0       0x28 .\CortexM0\ARM_GCC_541\Debug\IMU Board Firmware.a(CAN.o)
                0x000021b0                CAN_Start
 .text.CAN_ISR  0x000021d8        0x4 .\CortexM0\ARM_GCC_541\Debug\IMU Board Firmware.a(CAN_INT.o)
                0x000021d8                CAN_ISR
 .text.DIP1_Read
                0x000021dc       0x10 .\CortexM0\ARM_GCC_541\Debug\IMU Board Firmware.a(DIP1.o)
                0x000021dc                DIP1_Read
 .text.DIP2_Read
                0x000021ec       0x10 .\CortexM0\ARM_GCC_541\Debug\IMU Board Firmware.a(DIP2.o)
                0x000021ec                DIP2_Read
 .text.DIP3_Read
                0x000021fc       0x10 .\CortexM0\ARM_GCC_541\Debug\IMU Board Firmware.a(DIP3.o)
                0x000021fc                DIP3_Read
 .text.DIP4_Read
                0x0000220c       0x10 .\CortexM0\ARM_GCC_541\Debug\IMU Board Firmware.a(DIP4.o)
                0x0000220c                DIP4_Read
 .text.DBG_Write
                0x0000221c       0x18 .\CortexM0\ARM_GCC_541\Debug\IMU Board Firmware.a(DBG.o)
                0x0000221c                DBG_Write
 .text.DBG_Read
                0x00002234       0x10 .\CortexM0\ARM_GCC_541\Debug\IMU Board Firmware.a(DBG.o)
                0x00002234                DBG_Read
 .text.IMU_I2C_ScbEnableIntr
                0x00002244        0xc .\CortexM0\ARM_GCC_541\Debug\IMU Board Firmware.a(IMU_I2C.o)
 .text.IMU_I2C_Init
                0x00002250        0x8 .\CortexM0\ARM_GCC_541\Debug\IMU Board Firmware.a(IMU_I2C.o)
                0x00002250                IMU_I2C_Init
 .text.IMU_I2C_Enable
                0x00002258       0x18 .\CortexM0\ARM_GCC_541\Debug\IMU Board Firmware.a(IMU_I2C.o)
                0x00002258                IMU_I2C_Enable
 .text.IMU_I2C_Start
                0x00002270       0x20 .\CortexM0\ARM_GCC_541\Debug\IMU Board Firmware.a(IMU_I2C.o)
                0x00002270                IMU_I2C_Start
 .text.IMU_I2C_I2CInit
                0x00002290       0xb8 .\CortexM0\ARM_GCC_541\Debug\IMU Board Firmware.a(IMU_I2C_I2C.o)
                0x00002290                IMU_I2C_I2CInit
 .text.IMU_I2C_I2CFwBlockReset
                0x00002348       0x5c .\CortexM0\ARM_GCC_541\Debug\IMU Board Firmware.a(IMU_I2C_I2C.o)
                0x00002348                IMU_I2C_I2CFwBlockReset
 .text.IMU_I2C_I2CMasterWaitOneUnit
                0x000023a4       0x28 .\CortexM0\ARM_GCC_541\Debug\IMU Board Firmware.a(IMU_I2C_I2C_MASTER.o)
 .text.IMU_I2C_I2CMasterHandleStatus
                0x000023cc       0xc4 .\CortexM0\ARM_GCC_541\Debug\IMU Board Firmware.a(IMU_I2C_I2C_MASTER.o)
 .text.IMU_I2C_I2CMasterSendStart
                0x00002490       0xc4 .\CortexM0\ARM_GCC_541\Debug\IMU Board Firmware.a(IMU_I2C_I2C_MASTER.o)
                0x00002490                IMU_I2C_I2CMasterSendStart
 .text.IMU_I2C_I2CMasterSendStop
                0x00002554       0x58 .\CortexM0\ARM_GCC_541\Debug\IMU Board Firmware.a(IMU_I2C_I2C_MASTER.o)
                0x00002554                IMU_I2C_I2CMasterSendStop
 .text.IMU_I2C_I2CMasterWriteByte
                0x000025ac       0x48 .\CortexM0\ARM_GCC_541\Debug\IMU Board Firmware.a(IMU_I2C_I2C_MASTER.o)
                0x000025ac                IMU_I2C_I2CMasterWriteByte
 .text.IMU_I2C_I2CMasterReadByte
                0x000025f4       0x7c .\CortexM0\ARM_GCC_541\Debug\IMU Board Firmware.a(IMU_I2C_I2C_MASTER.o)
                0x000025f4                IMU_I2C_I2CMasterReadByte
 .text.IMU_I2C_I2CMasterStatus
                0x00002670       0x30 .\CortexM0\ARM_GCC_541\Debug\IMU Board Firmware.a(IMU_I2C_I2C_MASTER.o)
                0x00002670                IMU_I2C_I2CMasterStatus
 .text.IMU_I2C_I2CMasterClearStatus
                0x000026a0       0x20 .\CortexM0\ARM_GCC_541\Debug\IMU Board Firmware.a(IMU_I2C_I2C_MASTER.o)
                0x000026a0                IMU_I2C_I2CMasterClearStatus
 .text.IMU_I2C_I2CReStartGeneration
                0x000026c0       0x20 .\CortexM0\ARM_GCC_541\Debug\IMU Board Firmware.a(IMU_I2C_I2C_MASTER.o)
                0x000026c0                IMU_I2C_I2CReStartGeneration
 .text.IMU_I2C_I2CMasterWriteBuf
                0x000026e0       0xf8 .\CortexM0\ARM_GCC_541\Debug\IMU Board Firmware.a(IMU_I2C_I2C_MASTER.o)
                0x000026e0                IMU_I2C_I2CMasterWriteBuf
 .text.IMU_RST_Write
                0x000027d8       0x18 .\CortexM0\ARM_GCC_541\Debug\IMU Board Firmware.a(IMU_RST.o)
                0x000027d8                IMU_RST_Write
 .text.IMU_RST_Read
                0x000027f0       0x10 .\CortexM0\ARM_GCC_541\Debug\IMU Board Firmware.a(IMU_RST.o)
                0x000027f0                IMU_RST_Read
 .text.DBG_UART_ScbModePostEnable
                0x00002800        0x8 .\CortexM0\ARM_GCC_541\Debug\IMU Board Firmware.a(DBG_UART.o)
 .text.DBG_UART_Init
                0x00002808        0x8 .\CortexM0\ARM_GCC_541\Debug\IMU Board Firmware.a(DBG_UART.o)
                0x00002808                DBG_UART_Init
 .text.DBG_UART_Enable
                0x00002810       0x18 .\CortexM0\ARM_GCC_541\Debug\IMU Board Firmware.a(DBG_UART.o)
                0x00002810                DBG_UART_Enable
 .text.DBG_UART_Start
                0x00002828       0x20 .\CortexM0\ARM_GCC_541\Debug\IMU Board Firmware.a(DBG_UART.o)
                0x00002828                DBG_UART_Start
 .text.DBG_UART_UartInit
                0x00002848       0xa8 .\CortexM0\ARM_GCC_541\Debug\IMU Board Firmware.a(DBG_UART_UART.o)
                0x00002848                DBG_UART_UartInit
 .text.DBG_UART_UartPostEnable
                0x000028f0       0x24 .\CortexM0\ARM_GCC_541\Debug\IMU Board Firmware.a(DBG_UART_UART.o)
                0x000028f0                DBG_UART_UartPostEnable
 .text.DBG_UART_UartPutString
                0x00002914       0x18 .\CortexM0\ARM_GCC_541\Debug\IMU Board Firmware.a(DBG_UART_UART.o)
                0x00002914                DBG_UART_UartPutString
 *fill*         0x0000292c        0x4 
 .text          0x00002930       0x20 .\CortexM0\ARM_GCC_541\Debug\IMU Board Firmware.a(CyBootAsmGnu.o)
                0x00002930                CyDelayCycles
                0x00002942                CyEnterCriticalSection
                0x0000294a                CyExitCriticalSection
 .text.CySysFlashSetWaitCycles
                0x00002950       0x54 .\CortexM0\ARM_GCC_541\Debug\IMU Board Firmware.a(CyFlash.o)
                0x00002950                CySysFlashSetWaitCycles
 .text.GPS_UART_SPI_UART_ISR
                0x000029a4       0x14 .\CortexM0\ARM_GCC_541\Debug\IMU Board Firmware.a(GPS_UART_SPI_UART_INT.o)
                0x000029a4                GPS_UART_SPI_UART_ISR
 .text.IMU_I2C_I2C_ISR
                0x000029b8      0x340 .\CortexM0\ARM_GCC_541\Debug\IMU Board Firmware.a(IMU_I2C_I2C_INT.o)
                0x000029b8                IMU_I2C_I2C_ISR
 .text.DBG_UART_SpiUartWriteTxData
                0x00002cf8       0x1c .\CortexM0\ARM_GCC_541\Debug\IMU Board Firmware.a(DBG_UART_SPI_UART.o)
                0x00002cf8                DBG_UART_SpiUartWriteTxData
 .text          0x00002d14      0x114 c:/program files (x86)/cypress/psoc creator/4.4/psoc creator/import/gnu/arm/5.4.1/bin/../lib/gcc/arm-none-eabi/5.4.1/armv6-m\libgcc.a(_udivsi3.o)
                0x00002d14                __aeabi_uidiv
                0x00002d14                __udivsi3
                0x00002e20                __aeabi_uidivmod
 .text          0x00002e28        0x4 c:/program files (x86)/cypress/psoc creator/4.4/psoc creator/import/gnu/arm/5.4.1/bin/../lib/gcc/arm-none-eabi/5.4.1/armv6-m\libgcc.a(_dvmd_tls.o)
                0x00002e28                __aeabi_idiv0
                0x00002e28                __aeabi_ldiv0
 .text.__errno  0x00002e2c        0xc c:/program files (x86)/cypress/psoc creator/4.4/psoc creator/import/gnu/arm/5.4.1/bin/../lib/gcc/arm-none-eabi/5.4.1/../../../../arm-none-eabi/lib/armv6-m\libg_nano.a(lib_a-errno.o)
                0x00002e2c                __errno
 .text.__libc_init_array
                0x00002e38       0x4c c:/program files (x86)/cypress/psoc creator/4.4/psoc creator/import/gnu/arm/5.4.1/bin/../lib/gcc/arm-none-eabi/5.4.1/../../../../arm-none-eabi/lib/armv6-m\libg_nano.a(lib_a-init.o)
                0x00002e38                __libc_init_array
 .text.__itoa   0x00002e84       0x2e c:/program files (x86)/cypress/psoc creator/4.4/psoc creator/import/gnu/arm/5.4.1/bin/../lib/gcc/arm-none-eabi/5.4.1/../../../../arm-none-eabi/lib/armv6-m\libg_nano.a(lib_a-itoa.o)
                0x00002e84                __itoa
 .text.itoa     0x00002eb2        0x8 c:/program files (x86)/cypress/psoc creator/4.4/psoc creator/import/gnu/arm/5.4.1/bin/../lib/gcc/arm-none-eabi/5.4.1/../../../../arm-none-eabi/lib/armv6-m\libg_nano.a(lib_a-itoa.o)
                0x00002eb2                itoa
 .text.memcpy   0x00002eba       0x12 c:/program files (x86)/cypress/psoc creator/4.4/psoc creator/import/gnu/arm/5.4.1/bin/../lib/gcc/arm-none-eabi/5.4.1/../../../../arm-none-eabi/lib/armv6-m\libg_nano.a(lib_a-memcpy-stub.o)
                0x00002eba                memcpy
 .text.memset   0x00002ecc       0x10 c:/program files (x86)/cypress/psoc creator/4.4/psoc creator/import/gnu/arm/5.4.1/bin/../lib/gcc/arm-none-eabi/5.4.1/../../../../arm-none-eabi/lib/armv6-m\libg_nano.a(lib_a-memset.o)
                0x00002ecc                memset
 .text.__utoa   0x00002edc       0x74 c:/program files (x86)/cypress/psoc creator/4.4/psoc creator/import/gnu/arm/5.4.1/bin/../lib/gcc/arm-none-eabi/5.4.1/../../../../arm-none-eabi/lib/armv6-m\libg_nano.a(lib_a-utoa.o)
                0x00002edc                __utoa
 *(.plt)
 *(.gnu.warning)
 *(.glue_7t)
 .glue_7t       0x00002f50        0x0 linker stubs
 *(.glue_7)
 .glue_7        0x00002f50        0x0 linker stubs
 *(.vfp11_veneer)
 .vfp11_veneer  0x00002f50        0x0 linker stubs
 *(.bootloader)
 *(.ARM.extab* .gnu.linkonce.armextab.*)
 *(.gcc_except_table)

.v4_bx          0x00002f50        0x0
 .v4_bx         0x00002f50        0x0 linker stubs

.iplt           0x00002f50        0x0
 .iplt          0x00002f50        0x0 c:/program files (x86)/cypress/psoc creator/4.4/psoc creator/import/gnu/arm/5.4.1/bin/../lib/gcc/arm-none-eabi/5.4.1/armv6-m/crtbegin.o

.eh_frame_hdr
 *(.eh_frame_hdr)

.eh_frame       0x00002f50        0x4
 *(.eh_frame)
 .eh_frame      0x00002f50        0x0 c:/program files (x86)/cypress/psoc creator/4.4/psoc creator/import/gnu/arm/5.4.1/bin/../lib/gcc/arm-none-eabi/5.4.1/armv6-m/crtbegin.o
 .eh_frame      0x00002f50        0x4 c:/program files (x86)/cypress/psoc creator/4.4/psoc creator/import/gnu/arm/5.4.1/bin/../lib/gcc/arm-none-eabi/5.4.1/armv6-m/crtend.o
                [!provide]                PROVIDE (__exidx_start, .)

.ARM.exidx
 *(.ARM.exidx* .gnu.linkonce.armexidx.*)
                0x00002f54                __exidx_end = .

.rodata         0x00002f54      0x45c
 *(.rodata .rodata.* .gnu.linkonce.r.*)
 .rodata.str1.4
                0x00002f54      0x1d4 .\CortexM0\ARM_GCC_541\Debug\main.o
                                0x1d8 (size before relaxing)
 .rodata.str1.4
                0x00003128       0x90 .\CortexM0\ARM_GCC_541\Debug\GPS.o
                                 0x8e (size before relaxing)
 .rodata        0x000031b8        0xc .\CortexM0\ARM_GCC_541\Debug\cyfitter_cfg.o
 .rodata        0x000031c4       0x2e .\CortexM0\ARM_GCC_541\Debug\IMU Board Firmware.a(CyLib.o)
                0x000031c4                cyImoFreqMhz2Reg
 *fill*         0x000031f2        0x2 
 .rodata        0x000031f4      0x160 .\CortexM0\ARM_GCC_541\Debug\IMU Board Firmware.a(CAN.o)
 .rodata.str1.1
                0x00003354        0x2 c:/program files (x86)/cypress/psoc creator/4.4/psoc creator/import/gnu/arm/5.4.1/bin/../lib/gcc/arm-none-eabi/5.4.1/../../../../arm-none-eabi/lib/armv6-m\libg_nano.a(lib_a-impure.o)
 .rodata.str1.1
                0x00003356       0x25 c:/program files (x86)/cypress/psoc creator/4.4/psoc creator/import/gnu/arm/5.4.1/bin/../lib/gcc/arm-none-eabi/5.4.1/../../../../arm-none-eabi/lib/armv6-m\libg_nano.a(lib_a-utoa.o)
                0x0000337c                . = ALIGN (0x4)
 *fill*         0x0000337b        0x1 
 *(.init)
 .init          0x0000337c        0x4 c:/program files (x86)/cypress/psoc creator/4.4/psoc creator/import/gnu/arm/5.4.1/bin/../lib/gcc/arm-none-eabi/5.4.1/armv6-m/crti.o
                0x0000337c                _init
 .init          0x00003380        0x8 c:/program files (x86)/cypress/psoc creator/4.4/psoc creator/import/gnu/arm/5.4.1/bin/../lib/gcc/arm-none-eabi/5.4.1/armv6-m/crtn.o
                0x00003388                . = ALIGN (0x4)
                0x00003388                __preinit_array_start = .
 *(.preinit_array)
                0x00003388                __preinit_array_end = .
                0x00003388                . = ALIGN (0x4)
                0x00003388                __init_array_start = .
 *(SORT(.init_array.*))
 *(.init_array)
 .init_array    0x00003388        0x4 c:/program files (x86)/cypress/psoc creator/4.4/psoc creator/import/gnu/arm/5.4.1/bin/../lib/gcc/arm-none-eabi/5.4.1/armv6-m/crtbegin.o
 .init_array    0x0000338c        0x4 .\CortexM0\ARM_GCC_541\Debug\Cm0Start.o
                0x00003390                __init_array_end = .
                0x00003390                . = ALIGN (0x4)
 *(.fini)
 .fini          0x00003390        0x4 c:/program files (x86)/cypress/psoc creator/4.4/psoc creator/import/gnu/arm/5.4.1/bin/../lib/gcc/arm-none-eabi/5.4.1/armv6-m/crti.o
                0x00003390                _fini
 .fini          0x00003394        0x8 c:/program files (x86)/cypress/psoc creator/4.4/psoc creator/import/gnu/arm/5.4.1/bin/../lib/gcc/arm-none-eabi/5.4.1/armv6-m/crtn.o
                0x0000339c                . = ALIGN (0x4)
                0x0000339c                __fini_array_start = .
 *(.fini_array)
 .fini_array    0x0000339c        0x4 c:/program files (x86)/cypress/psoc creator/4.4/psoc creator/import/gnu/arm/5.4.1/bin/../lib/gcc/arm-none-eabi/5.4.1/armv6-m/crtbegin.o
 *(SORT(.fini_array.*))
                0x000033a0                __fini_array_end = .
                0x000033a0                . = ALIGN (0x4)
 *crtbegin.o(.ctors)
 *(EXCLUDE_FILE(*crtend.o) .ctors)
 *(SORT(.ctors.*))
 *crtend.o(.ctors)
                0x000033a0                . = ALIGN (0x4)
 *crtbegin.o(.dtors)
 *(EXCLUDE_FILE(*crtend.o) .dtors)
 *(SORT(.dtors.*))
 *crtend.o(.dtors)
                0x000033a0                . = ALIGN (0x4)
                0x000033a0                __cy_regions = .
                0x000033a0        0x4 LONG 0x33b0 __cy_region_init_ram
                0x000033a4        0x4 LONG 0x200000c0 __cy_region_start_data
                0x000033a8        0x4 LONG 0x88 __cy_region_init_size_ram
                0x000033ac        0x4 LONG 0x3b8 __cy_region_zero_size_ram
                0x000033b0                __cy_regions_end = .
                0x000033b0                . = ALIGN (0x8)
                0x000033b0                _etext = .

.cy_checksum_exclude
                0x000033b0        0x0
 *(.cy_checksum_exclude)

.ramvectors     0x20000000       0xc0
                0x20000000                __cy_region_start_ram = .
 *(.ramvectors)
 .ramvectors    0x20000000       0xc0 .\CortexM0\ARM_GCC_541\Debug\Cm0Start.o
                0x20000000                CyRamVectors

.noinit
 *(.noinit)

.data           0x200000c0       0x88 load address 0x000033b0
                0x200000c0                __cy_region_start_data = .
 *(.jcr)
 .jcr           0x200000c0        0x0 c:/program files (x86)/cypress/psoc creator/4.4/psoc creator/import/gnu/arm/5.4.1/bin/../lib/gcc/arm-none-eabi/5.4.1/armv6-m/crtbegin.o
 .jcr           0x200000c0        0x4 c:/program files (x86)/cypress/psoc creator/4.4/psoc creator/import/gnu/arm/5.4.1/bin/../lib/gcc/arm-none-eabi/5.4.1/armv6-m/crtend.o
 *(.got.plt)
 *(.got)
 *(.shdata)
 *(.data .data.* .gnu.linkonce.d.*)
 .data          0x200000c4       0x14 .\CortexM0\ARM_GCC_541\Debug\IMU Board Firmware.a(CyLib.o)
                0x200000c4                CySysClkPumpConfig
                0x200000c8                cydelay32kMs
                0x200000cc                cydelayFreqKhz
                0x200000d0                cydelayFreqMhz
                0x200000d4                cydelayFreqHz
 .data          0x200000d8        0x8 .\CortexM0\ARM_GCC_541\Debug\IMU Board Firmware.a(CyLFClk.o)
 .data.impure_data
                0x200000e0       0x60 c:/program files (x86)/cypress/psoc creator/4.4/psoc creator/import/gnu/arm/5.4.1/bin/../lib/gcc/arm-none-eabi/5.4.1/../../../../arm-none-eabi/lib/armv6-m\libg_nano.a(lib_a-impure.o)
 .data._impure_ptr
                0x20000140        0x4 c:/program files (x86)/cypress/psoc creator/4.4/psoc creator/import/gnu/arm/5.4.1/bin/../lib/gcc/arm-none-eabi/5.4.1/../../../../arm-none-eabi/lib/armv6-m\libg_nano.a(lib_a-impure.o)
                0x20000140                _impure_ptr
                0x20000148                . = ALIGN (0x8)
 *fill*         0x20000144        0x4 
 *(.ram)
                0x20000148                _edata = .

.igot.plt       0x20000148        0x0 load address 0x00003438
 .igot.plt      0x20000148        0x0 c:/program files (x86)/cypress/psoc creator/4.4/psoc creator/import/gnu/arm/5.4.1/bin/../lib/gcc/arm-none-eabi/5.4.1/armv6-m/crtbegin.o

.bss            0x20000148      0x3b8 load address 0x00003438
                0x20000148                PROVIDE (__bss_start__, .)
 *(.shbss)
 *(.bss .bss.* .gnu.linkonce.b.*)
 .bss           0x20000148       0x1c c:/program files (x86)/cypress/psoc creator/4.4/psoc creator/import/gnu/arm/5.4.1/bin/../lib/gcc/arm-none-eabi/5.4.1/armv6-m/crtbegin.o
 .bss           0x20000164        0x4 .\CortexM0\ARM_GCC_541\Debug\PortIMUBoard.o
                0x20000164                latestMessageFull
                0x20000165                latestMessageHead
                0x20000166                latestMessageTail
                0x20000167                messageReadFlag
 .bss           0x20000168        0x4 .\CortexM0\ARM_GCC_541\Debug\IMU.o
 .bss           0x2000016c       0x20 .\CortexM0\ARM_GCC_541\Debug\IMU Board Firmware.a(CyLib.o)
                0x2000016c                CySysClkImoTrim4
                0x20000170                CySysClkImoTrim5
                0x20000188                CySysTickInitVar
 .bss           0x2000018c       0x28 .\CortexM0\ARM_GCC_541\Debug\IMU Board Firmware.a(CyLFClk.o)
 .bss           0x200001b4        0xa .\CortexM0\ARM_GCC_541\Debug\IMU Board Firmware.a(GPS_UART.o)
                0x200001b4                GPS_UART_initVar
                0x200001b8                GPS_UART_customIntrHandler
                0x200001bc                GPS_UART_IntrTxMask
 .bss           0x200001be        0x1 .\CortexM0\ARM_GCC_541\Debug\IMU Board Firmware.a(CAN.o)
                0x200001be                CAN_initVar
 *fill*         0x200001bf        0x1 
 .bss           0x200001c0        0x8 .\CortexM0\ARM_GCC_541\Debug\IMU Board Firmware.a(IMU_I2C.o)
                0x200001c0                IMU_I2C_initVar
                0x200001c4                IMU_I2C_customIntrHandler
 .bss           0x200001c8        0x4 .\CortexM0\ARM_GCC_541\Debug\IMU Board Firmware.a(DBG_UART.o)
                0x200001c8                DBG_UART_initVar
                0x200001ca                DBG_UART_IntrTxMask
 *(COMMON)
 *fill*         0x200001cc        0x4 
 COMMON         0x200001d0      0x230 .\CortexM0\ARM_GCC_541\Debug\main.o
                0x200001d0                euler_data_p
                0x200001d8                d_gyro_xyz
                0x200001f0                accel_datay
                0x200001f4                quaternion_wxyz
                0x200001fc                mag_xyz
                0x20000202                mag_datax
                0x20000204                gravity_xyz
                0x2000020a                gyro_dataz
                0x2000020c                quaternion_data_w
                0x2000020e                linear_accel_data_x
                0x20000210                gyro_xyz
                0x20000216                euler_data_h
                0x20000218                gyro_datax
                0x20000220                d_mag_dataz
                0x20000228                bno055
                0x20000240                d_mag_xyz
                0x20000258                power_mode
                0x20000260                d_gravity_data_y
                0x20000268                d_gravity_data_z
                0x20000270                gravity_data_z
                0x20000274                send
                0x20000280                d_mag_datax
                0x20000288                debugOutput
                0x200002a8                quaternion_data_z
                0x200002aa                mag_datay
                0x200002ac                gyro_datay
                0x200002b0                d_euler_data_r
                0x200002b8                accel_xyz
                0x200002c0                d_linear_accel_xyz
                0x200002d8                accel_datax
                0x200002da                linear_accel_data_z
                0x200002e0                d_euler_data_h
                0x200002e8                d_gyro_datay
                0x200002f0                gpsData
                0x20000300                d_accel_datay
                0x20000308                quaternion_data_y
                0x20000310                d_accel_xyz
                0x20000328                d_gyro_datax
                0x20000330                linear_acce_xyz
                0x20000336                linear_accel_data_y
                0x20000338                d_linear_accel_datay
                0x20000340                gpsRawData
                0x20000368                d_gravity_data_x
                0x20000370                d_gravity_xyz
                0x20000388                d_mag_datay
                0x20000390                d_accel_datax
                0x20000398                d_linear_accel_dataz
                0x200003a0                euler_data_r
                0x200003a4                comres
                0x200003a8                receive
                0x200003b4                quaternion_data_x
                0x200003b6                mag_dataz
                0x200003b8                d_euler_data_p
                0x200003c0                d_accel_dataz
                0x200003c8                d_gyro_dataz
                0x200003d0                euler_hrp
                0x200003d8                d_euler_hpr
                0x200003f0                gravity_data_x
                0x200003f2                gravity_data_y
                0x200003f4                accel_dataz
                0x200003f8                d_linear_accel_datax
 COMMON         0x20000400       0xd8 .\CortexM0\ARM_GCC_541\Debug\PortIMUBoard.o
                0x20000400                deviceGroup
                0x20000404                rxMailbox
                0x20000414                deviceAddress
                0x20000418                latestMessage
 COMMON         0x200004d8        0x1 .\CortexM0\ARM_GCC_541\Debug\IMU Board Firmware.a(IMU_I2C_I2C.o)
                0x200004d8                IMU_I2C_state
 *fill*         0x200004d9        0x3 
 COMMON         0x200004dc       0x24 .\CortexM0\ARM_GCC_541\Debug\IMU Board Firmware.a(IMU_I2C_I2C_MASTER.o)
                0x200004dc                IMU_I2C_mstrControl
                0x200004e0                IMU_I2C_mstrRdBufPtr
                0x200004e4                IMU_I2C_mstrStatus
                0x200004e8                IMU_I2C_mstrRdBufIndex
                0x200004ec                IMU_I2C_mstrWrBufIndexTmp
                0x200004f0                IMU_I2C_mstrRdBufSize
                0x200004f4                IMU_I2C_mstrWrBufSize
                0x200004f8                IMU_I2C_mstrWrBufPtr
                0x200004fc                IMU_I2C_mstrWrBufIndex
                0x20000500                . = ALIGN (0x8)
 *(.ram.b)
                0x20000500                _end = .
                0x20000500                __end = .
                0x20000500                PROVIDE (end, .)
                0x20000500                PROVIDE (__bss_end__, .)
                0x000033b0                __cy_region_init_ram = LOADADDR (.data)
                0x00000088                __cy_region_init_size_ram = (_edata - ADDR (.data))
                0x000003b8                __cy_region_zero_size_ram = (_end - _edata)

.heap           0x20000500       0x80 load address 0x00003438
                0x20000500                . = _end
                0x20000580                . = (. + 0x80)
 *fill*         0x20000500       0x80 
                0x20000580                __cy_heap_limit = .

.stack          0x20007800      0x800
                0x20007800                __cy_stack_limit = .
                0x20008000                . = (. + 0x800)
 *fill*         0x20007800      0x800 
                0x00000001                ASSERT ((__cy_stack_limit >= __cy_heap_limit), region RAM overflowed with stack)
                0x00000000                cy_checksum_exclude_size = (CY_APPL_LOADABLE == 0x1)?SIZEOF (.cy_checksum_exclude):0x0
                0x00000001                ASSERT ((cy_checksum_exclude_size <= CY_CHECKSUM_EXCLUDE_SIZE), CY_BOOT: Section .cy_checksum_exclude size exceedes specified limit.)
                0x0003ffc0                cyloadermeta_start = (cy_project_type_bootloader || cy_project_type_app_for_stack_and_copier)?(LENGTH (rom) - CY_METADATA_SIZE):0xf0000000

.cyloadermeta
 *(.cyloadermeta)
                0x0003ffc0                cyloadablemeta_start = cy_project_type_app_for_stack_and_copier?((LENGTH (rom) - CY_FLASH_ROW_SIZE) - CY_METADATA_SIZE):((LENGTH (rom) - (CY_FLASH_ROW_SIZE * (CY_APPL_NUM - 0x1))) - CY_METADATA_SIZE)

.cyloadablemeta
 *(.cyloadablemeta)

.cyflashprotect
                0x90400000       0x80
 *(.cyflashprotect)
 .cyflashprotect
                0x90400000       0x80 .\CortexM0\ARM_GCC_541\Debug\cymetadata.o
                0x90400000                cy_meta_flashprotect

.cymeta         0x90500000        0xc
 *(.cymeta)
 .cymeta        0x90500000        0xc .\CortexM0\ARM_GCC_541\Debug\cymetadata.o
                0x90500000                cy_metadata

.cychipprotect  0x90600000        0x1
 *(.cychipprotect)
 .cychipprotect
                0x90600000        0x1 .\CortexM0\ARM_GCC_541\Debug\cymetadata.o
                0x90600000                cy_meta_chipprotect

.rel.dyn        0x00003438        0x0 load address 0x90600004
 .rel.iplt      0x00003438        0x0 c:/program files (x86)/cypress/psoc creator/4.4/psoc creator/import/gnu/arm/5.4.1/bin/../lib/gcc/arm-none-eabi/5.4.1/armv6-m/crtbegin.o

.stab
 *(.stab)

.stabstr
 *(.stabstr)

.debug
 *(.debug)

.line
 *(.line)

.debug_srcinfo
 *(.debug_srcinfo)

.debug_sfnames
 *(.debug_sfnames)

.debug_aranges  0x00000000     0x1950
 *(.debug_aranges)
 .debug_aranges
                0x00000000       0xc0 .\CortexM0\ARM_GCC_541\Debug\CANCommon.o
 .debug_aranges
                0x000000c0       0x88 .\CortexM0\ARM_GCC_541\Debug\CANGPIO.o
 .debug_aranges
                0x00000148       0x18 .\CortexM0\ARM_GCC_541\Debug\CANLocalization.o
 .debug_aranges
                0x00000160       0xa8 .\CortexM0\ARM_GCC_541\Debug\CANPacket.o
 .debug_aranges
                0x00000208       0xd8 .\CortexM0\ARM_GCC_541\Debug\CANIMU.o
 .debug_aranges
                0x000002e0       0x88 .\CortexM0\ARM_GCC_541\Debug\main.o
 .debug_aranges
                0x00000368       0x68 .\CortexM0\ARM_GCC_541\Debug\GPS.o
 .debug_aranges
                0x000003d0       0x68 .\CortexM0\ARM_GCC_541\Debug\PortIMUBoard.o
 .debug_aranges
                0x00000438      0x8b0 .\CortexM0\ARM_GCC_541\Debug\IMU.o
 .debug_aranges
                0x00000ce8       0x48 .\CortexM0\ARM_GCC_541\Debug\IMUDriver.o
 .debug_aranges
                0x00000d30       0x38 .\CortexM0\ARM_GCC_541\Debug\cyfitter_cfg.o
 .debug_aranges
                0x00000d68       0x18 .\CortexM0\ARM_GCC_541\Debug\cymetadata.o
 .debug_aranges
                0x00000d80       0x48 .\CortexM0\ARM_GCC_541\Debug\Cm0Start.o
 .debug_aranges
                0x00000dc8      0x270 .\CortexM0\ARM_GCC_541\Debug\IMU Board Firmware.a(CyLib.o)
 .debug_aranges
                0x00001038      0x188 .\CortexM0\ARM_GCC_541\Debug\IMU Board Firmware.a(CyLFClk.o)
 .debug_aranges
                0x000011c0       0x68 .\CortexM0\ARM_GCC_541\Debug\IMU Board Firmware.a(GPS_UART.o)
 .debug_aranges
                0x00001228       0x60 .\CortexM0\ARM_GCC_541\Debug\IMU Board Firmware.a(GPS_UART_SPI_UART.o)
 .debug_aranges
                0x00001288       0x90 .\CortexM0\ARM_GCC_541\Debug\IMU Board Firmware.a(GPS_UART_UART.o)
 .debug_aranges
                0x00001318       0x40 .\CortexM0\ARM_GCC_541\Debug\IMU Board Firmware.a(UART_CLOCK.o)
 .debug_aranges
                0x00001358       0xe8 .\CortexM0\ARM_GCC_541\Debug\IMU Board Firmware.a(CAN.o)
 .debug_aranges
                0x00001440       0x20 .\CortexM0\ARM_GCC_541\Debug\IMU Board Firmware.a(CAN_INT.o)
 .debug_aranges
                0x00001460       0x30 .\CortexM0\ARM_GCC_541\Debug\IMU Board Firmware.a(CAN_TX_RX_func.o)
 .debug_aranges
                0x00001490       0x48 .\CortexM0\ARM_GCC_541\Debug\IMU Board Firmware.a(DIP1.o)
 .debug_aranges
                0x000014d8       0x48 .\CortexM0\ARM_GCC_541\Debug\IMU Board Firmware.a(DIP2.o)
 .debug_aranges
                0x00001520       0x48 .\CortexM0\ARM_GCC_541\Debug\IMU Board Firmware.a(DIP3.o)
 .debug_aranges
                0x00001568       0x48 .\CortexM0\ARM_GCC_541\Debug\IMU Board Firmware.a(DIP4.o)
 .debug_aranges
                0x000015b0       0x48 .\CortexM0\ARM_GCC_541\Debug\IMU Board Firmware.a(DBG.o)
 .debug_aranges
                0x000015f8       0x60 .\CortexM0\ARM_GCC_541\Debug\IMU Board Firmware.a(IMU_I2C.o)
 .debug_aranges
                0x00001658       0x30 .\CortexM0\ARM_GCC_541\Debug\IMU Board Firmware.a(IMU_I2C_I2C.o)
 .debug_aranges
                0x00001688       0x98 .\CortexM0\ARM_GCC_541\Debug\IMU Board Firmware.a(IMU_I2C_I2C_MASTER.o)
 .debug_aranges
                0x00001720       0x48 .\CortexM0\ARM_GCC_541\Debug\IMU Board Firmware.a(IMU_RST.o)
 .debug_aranges
                0x00001768       0x58 .\CortexM0\ARM_GCC_541\Debug\IMU Board Firmware.a(DBG_UART.o)
 .debug_aranges
                0x000017c0       0x90 .\CortexM0\ARM_GCC_541\Debug\IMU Board Firmware.a(DBG_UART_UART.o)
 .debug_aranges
                0x00001850       0x20 .\CortexM0\ARM_GCC_541\Debug\IMU Board Firmware.a(CyBootAsmGnu.o)
 .debug_aranges
                0x00001870       0x40 .\CortexM0\ARM_GCC_541\Debug\IMU Board Firmware.a(CyFlash.o)
 .debug_aranges
                0x000018b0       0x20 .\CortexM0\ARM_GCC_541\Debug\IMU Board Firmware.a(GPS_UART_SPI_UART_INT.o)
 .debug_aranges
                0x000018d0       0x20 .\CortexM0\ARM_GCC_541\Debug\IMU Board Firmware.a(IMU_I2C_I2C_INT.o)
 .debug_aranges
                0x000018f0       0x60 .\CortexM0\ARM_GCC_541\Debug\IMU Board Firmware.a(DBG_UART_SPI_UART.o)

.debug_pubnames
 *(.debug_pubnames)

.debug_info     0x00000000    0x18c9e
 *(.debug_info .gnu.linkonce.wi.*)
 .debug_info    0x00000000      0xa46 .\CortexM0\ARM_GCC_541\Debug\CANCommon.o
 .debug_info    0x00000a46      0x60d .\CortexM0\ARM_GCC_541\Debug\CANGPIO.o
 .debug_info    0x00001053       0x6b .\CortexM0\ARM_GCC_541\Debug\CANLocalization.o
 .debug_info    0x000010be      0x636 .\CortexM0\ARM_GCC_541\Debug\CANPacket.o
 .debug_info    0x000016f4     0x1110 .\CortexM0\ARM_GCC_541\Debug\CANIMU.o
 .debug_info    0x00002804     0x1852 .\CortexM0\ARM_GCC_541\Debug\main.o
 .debug_info    0x00004056      0x6da .\CortexM0\ARM_GCC_541\Debug\GPS.o
 .debug_info    0x00004730      0x639 .\CortexM0\ARM_GCC_541\Debug\PortIMUBoard.o
 .debug_info    0x00004d69     0xbfe3 .\CortexM0\ARM_GCC_541\Debug\IMU.o
 .debug_info    0x00010d4c     0x130d .\CortexM0\ARM_GCC_541\Debug\IMUDriver.o
 .debug_info    0x00012059      0x2ad .\CortexM0\ARM_GCC_541\Debug\cyfitter_cfg.o
 .debug_info    0x00012306       0xf8 .\CortexM0\ARM_GCC_541\Debug\cymetadata.o
 .debug_info    0x000123fe      0x3a2 .\CortexM0\ARM_GCC_541\Debug\Cm0Start.o
 .debug_info    0x000127a0     0x17e4 .\CortexM0\ARM_GCC_541\Debug\IMU Board Firmware.a(CyLib.o)
 .debug_info    0x00013f84     0x1058 .\CortexM0\ARM_GCC_541\Debug\IMU Board Firmware.a(CyLFClk.o)
 .debug_info    0x00014fdc      0x2e9 .\CortexM0\ARM_GCC_541\Debug\IMU Board Firmware.a(GPS_UART.o)
 .debug_info    0x000152c5      0x220 .\CortexM0\ARM_GCC_541\Debug\IMU Board Firmware.a(GPS_UART_SPI_UART.o)
 .debug_info    0x000154e5      0x421 .\CortexM0\ARM_GCC_541\Debug\IMU Board Firmware.a(GPS_UART_UART.o)
 .debug_info    0x00015906      0x166 .\CortexM0\ARM_GCC_541\Debug\IMU Board Firmware.a(UART_CLOCK.o)
 .debug_info    0x00015a6c      0x9c6 .\CortexM0\ARM_GCC_541\Debug\IMU Board Firmware.a(CAN.o)
 .debug_info    0x00016432       0xa0 .\CortexM0\ARM_GCC_541\Debug\IMU Board Firmware.a(CAN_INT.o)
 .debug_info    0x000164d2      0x37e .\CortexM0\ARM_GCC_541\Debug\IMU Board Firmware.a(CAN_TX_RX_func.o)
 .debug_info    0x00016850      0x19b .\CortexM0\ARM_GCC_541\Debug\IMU Board Firmware.a(DIP1.o)
 .debug_info    0x000169eb      0x19d .\CortexM0\ARM_GCC_541\Debug\IMU Board Firmware.a(DIP2.o)
 .debug_info    0x00016b88      0x19d .\CortexM0\ARM_GCC_541\Debug\IMU Board Firmware.a(DIP3.o)
 .debug_info    0x00016d25      0x19d .\CortexM0\ARM_GCC_541\Debug\IMU Board Firmware.a(DIP4.o)
 .debug_info    0x00016ec2      0x19d .\CortexM0\ARM_GCC_541\Debug\IMU Board Firmware.a(DBG.o)
 .debug_info    0x0001705f      0x298 .\CortexM0\ARM_GCC_541\Debug\IMU Board Firmware.a(IMU_I2C.o)
 .debug_info    0x000172f7      0x195 .\CortexM0\ARM_GCC_541\Debug\IMU Board Firmware.a(IMU_I2C_I2C.o)
 .debug_info    0x0001748c      0x813 .\CortexM0\ARM_GCC_541\Debug\IMU Board Firmware.a(IMU_I2C_I2C_MASTER.o)
 .debug_info    0x00017c9f      0x19d .\CortexM0\ARM_GCC_541\Debug\IMU Board Firmware.a(IMU_RST.o)
 .debug_info    0x00017e3c      0x23a .\CortexM0\ARM_GCC_541\Debug\IMU Board Firmware.a(DBG_UART.o)
 .debug_info    0x00018076      0x3b5 .\CortexM0\ARM_GCC_541\Debug\IMU Board Firmware.a(DBG_UART_UART.o)
 .debug_info    0x0001842b       0x9b .\CortexM0\ARM_GCC_541\Debug\IMU Board Firmware.a(CyBootAsmGnu.o)
 .debug_info    0x000184c6      0x352 .\CortexM0\ARM_GCC_541\Debug\IMU Board Firmware.a(CyFlash.o)
 .debug_info    0x00018818       0xbe .\CortexM0\ARM_GCC_541\Debug\IMU Board Firmware.a(GPS_UART_SPI_UART_INT.o)
 .debug_info    0x000188d6      0x1a8 .\CortexM0\ARM_GCC_541\Debug\IMU Board Firmware.a(IMU_I2C_I2C_INT.o)
 .debug_info    0x00018a7e      0x220 .\CortexM0\ARM_GCC_541\Debug\IMU Board Firmware.a(DBG_UART_SPI_UART.o)

.debug_abbrev   0x00000000     0x2cec
 *(.debug_abbrev)
 .debug_abbrev  0x00000000      0x149 .\CortexM0\ARM_GCC_541\Debug\CANCommon.o
 .debug_abbrev  0x00000149      0x106 .\CortexM0\ARM_GCC_541\Debug\CANGPIO.o
 .debug_abbrev  0x0000024f       0x26 .\CortexM0\ARM_GCC_541\Debug\CANLocalization.o
 .debug_abbrev  0x00000275      0x168 .\CortexM0\ARM_GCC_541\Debug\CANPacket.o
 .debug_abbrev  0x000003dd      0x1bb .\CortexM0\ARM_GCC_541\Debug\CANIMU.o
 .debug_abbrev  0x00000598      0x23e .\CortexM0\ARM_GCC_541\Debug\main.o
 .debug_abbrev  0x000007d6      0x160 .\CortexM0\ARM_GCC_541\Debug\GPS.o
 .debug_abbrev  0x00000936      0x1ad .\CortexM0\ARM_GCC_541\Debug\PortIMUBoard.o
 .debug_abbrev  0x00000ae3      0x1c1 .\CortexM0\ARM_GCC_541\Debug\IMU.o
 .debug_abbrev  0x00000ca4      0x1fe .\CortexM0\ARM_GCC_541\Debug\IMUDriver.o
 .debug_abbrev  0x00000ea2      0x166 .\CortexM0\ARM_GCC_541\Debug\cyfitter_cfg.o
 .debug_abbrev  0x00001008       0x5d .\CortexM0\ARM_GCC_541\Debug\cymetadata.o
 .debug_abbrev  0x00001065      0x1d7 .\CortexM0\ARM_GCC_541\Debug\Cm0Start.o
 .debug_abbrev  0x0000123c      0x293 .\CortexM0\ARM_GCC_541\Debug\IMU Board Firmware.a(CyLib.o)
 .debug_abbrev  0x000014cf      0x248 .\CortexM0\ARM_GCC_541\Debug\IMU Board Firmware.a(CyLFClk.o)
 .debug_abbrev  0x00001717      0x118 .\CortexM0\ARM_GCC_541\Debug\IMU Board Firmware.a(GPS_UART.o)
 .debug_abbrev  0x0000182f      0x14f .\CortexM0\ARM_GCC_541\Debug\IMU Board Firmware.a(GPS_UART_SPI_UART.o)
 .debug_abbrev  0x0000197e      0x145 .\CortexM0\ARM_GCC_541\Debug\IMU Board Firmware.a(GPS_UART_UART.o)
 .debug_abbrev  0x00001ac3       0xb7 .\CortexM0\ARM_GCC_541\Debug\IMU Board Firmware.a(UART_CLOCK.o)
 .debug_abbrev  0x00001b7a      0x186 .\CortexM0\ARM_GCC_541\Debug\IMU Board Firmware.a(CAN.o)
 .debug_abbrev  0x00001d00       0x42 .\CortexM0\ARM_GCC_541\Debug\IMU Board Firmware.a(CAN_INT.o)
 .debug_abbrev  0x00001d42      0x159 .\CortexM0\ARM_GCC_541\Debug\IMU Board Firmware.a(CAN_TX_RX_func.o)
 .debug_abbrev  0x00001e9b       0xc8 .\CortexM0\ARM_GCC_541\Debug\IMU Board Firmware.a(DIP1.o)
 .debug_abbrev  0x00001f63       0xc8 .\CortexM0\ARM_GCC_541\Debug\IMU Board Firmware.a(DIP2.o)
 .debug_abbrev  0x0000202b       0xc8 .\CortexM0\ARM_GCC_541\Debug\IMU Board Firmware.a(DIP3.o)
 .debug_abbrev  0x000020f3       0xc8 .\CortexM0\ARM_GCC_541\Debug\IMU Board Firmware.a(DIP4.o)
 .debug_abbrev  0x000021bb       0xc8 .\CortexM0\ARM_GCC_541\Debug\IMU Board Firmware.a(DBG.o)
 .debug_abbrev  0x00002283      0x118 .\CortexM0\ARM_GCC_541\Debug\IMU Board Firmware.a(IMU_I2C.o)
 .debug_abbrev  0x0000239b       0xc7 .\CortexM0\ARM_GCC_541\Debug\IMU Board Firmware.a(IMU_I2C_I2C.o)
 .debug_abbrev  0x00002462      0x1c2 .\CortexM0\ARM_GCC_541\Debug\IMU Board Firmware.a(IMU_I2C_I2C_MASTER.o)
 .debug_abbrev  0x00002624       0xc8 .\CortexM0\ARM_GCC_541\Debug\IMU Board Firmware.a(IMU_RST.o)
 .debug_abbrev  0x000026ec       0xd5 .\CortexM0\ARM_GCC_541\Debug\IMU Board Firmware.a(DBG_UART.o)
 .debug_abbrev  0x000027c1      0x132 .\CortexM0\ARM_GCC_541\Debug\IMU Board Firmware.a(DBG_UART_UART.o)
 .debug_abbrev  0x000028f3       0x14 .\CortexM0\ARM_GCC_541\Debug\IMU Board Firmware.a(CyBootAsmGnu.o)
 .debug_abbrev  0x00002907      0x182 .\CortexM0\ARM_GCC_541\Debug\IMU Board Firmware.a(CyFlash.o)
 .debug_abbrev  0x00002a89       0x70 .\CortexM0\ARM_GCC_541\Debug\IMU Board Firmware.a(GPS_UART_SPI_UART_INT.o)
 .debug_abbrev  0x00002af9       0xa4 .\CortexM0\ARM_GCC_541\Debug\IMU Board Firmware.a(IMU_I2C_I2C_INT.o)
 .debug_abbrev  0x00002b9d      0x14f .\CortexM0\ARM_GCC_541\Debug\IMU Board Firmware.a(DBG_UART_SPI_UART.o)

.debug_line     0x00000000     0x7324
 *(.debug_line)
 .debug_line    0x00000000      0x2f6 .\CortexM0\ARM_GCC_541\Debug\CANCommon.o
 .debug_line    0x000002f6      0x251 .\CortexM0\ARM_GCC_541\Debug\CANGPIO.o
 .debug_line    0x00000547       0x1d .\CortexM0\ARM_GCC_541\Debug\CANLocalization.o
 .debug_line    0x00000564      0x2df .\CortexM0\ARM_GCC_541\Debug\CANPacket.o
 .debug_line    0x00000843      0x35b .\CortexM0\ARM_GCC_541\Debug\CANIMU.o
 .debug_line    0x00000b9e      0x447 .\CortexM0\ARM_GCC_541\Debug\main.o
 .debug_line    0x00000fe5      0x21a .\CortexM0\ARM_GCC_541\Debug\GPS.o
 .debug_line    0x000011ff      0x2ca .\CortexM0\ARM_GCC_541\Debug\PortIMUBoard.o
 .debug_line    0x000014c9     0x2d90 .\CortexM0\ARM_GCC_541\Debug\IMU.o
 .debug_line    0x00004259      0x1b2 .\CortexM0\ARM_GCC_541\Debug\IMUDriver.o
 .debug_line    0x0000440b      0x170 .\CortexM0\ARM_GCC_541\Debug\cyfitter_cfg.o
 .debug_line    0x0000457b      0x141 .\CortexM0\ARM_GCC_541\Debug\cymetadata.o
 .debug_line    0x000046bc      0x236 .\CortexM0\ARM_GCC_541\Debug\Cm0Start.o
 .debug_line    0x000048f2      0x8ef .\CortexM0\ARM_GCC_541\Debug\IMU Board Firmware.a(CyLib.o)
 .debug_line    0x000051e1      0x5d1 .\CortexM0\ARM_GCC_541\Debug\IMU Board Firmware.a(CyLFClk.o)
 .debug_line    0x000057b2      0x144 .\CortexM0\ARM_GCC_541\Debug\IMU Board Firmware.a(GPS_UART.o)
 .debug_line    0x000058f6      0x11e .\CortexM0\ARM_GCC_541\Debug\IMU Board Firmware.a(GPS_UART_SPI_UART.o)
 .debug_line    0x00005a14      0x1e9 .\CortexM0\ARM_GCC_541\Debug\IMU Board Firmware.a(GPS_UART_UART.o)
 .debug_line    0x00005bfd       0xbd .\CortexM0\ARM_GCC_541\Debug\IMU Board Firmware.a(UART_CLOCK.o)
 .debug_line    0x00005cba      0x3e7 .\CortexM0\ARM_GCC_541\Debug\IMU Board Firmware.a(CAN.o)
 .debug_line    0x000060a1       0x53 .\CortexM0\ARM_GCC_541\Debug\IMU Board Firmware.a(CAN_INT.o)
 .debug_line    0x000060f4       0xfc .\CortexM0\ARM_GCC_541\Debug\IMU Board Firmware.a(CAN_TX_RX_func.o)
 .debug_line    0x000061f0       0xbb .\CortexM0\ARM_GCC_541\Debug\IMU Board Firmware.a(DIP1.o)
 .debug_line    0x000062ab       0xbc .\CortexM0\ARM_GCC_541\Debug\IMU Board Firmware.a(DIP2.o)
 .debug_line    0x00006367       0xbc .\CortexM0\ARM_GCC_541\Debug\IMU Board Firmware.a(DIP3.o)
 .debug_line    0x00006423       0xbc .\CortexM0\ARM_GCC_541\Debug\IMU Board Firmware.a(DIP4.o)
 .debug_line    0x000064df       0xbb .\CortexM0\ARM_GCC_541\Debug\IMU Board Firmware.a(DBG.o)
 .debug_line    0x0000659a      0x12c .\CortexM0\ARM_GCC_541\Debug\IMU Board Firmware.a(IMU_I2C.o)
 .debug_line    0x000066c6       0xca .\CortexM0\ARM_GCC_541\Debug\IMU Board Firmware.a(IMU_I2C_I2C.o)
 .debug_line    0x00006790      0x304 .\CortexM0\ARM_GCC_541\Debug\IMU Board Firmware.a(IMU_I2C_I2C_MASTER.o)
 .debug_line    0x00006a94       0xbf .\CortexM0\ARM_GCC_541\Debug\IMU Board Firmware.a(IMU_RST.o)
 .debug_line    0x00006b53      0x110 .\CortexM0\ARM_GCC_541\Debug\IMU Board Firmware.a(DBG_UART.o)
 .debug_line    0x00006c63      0x1db .\CortexM0\ARM_GCC_541\Debug\IMU Board Firmware.a(DBG_UART_UART.o)
 .debug_line    0x00006e3e       0x68 .\CortexM0\ARM_GCC_541\Debug\IMU Board Firmware.a(CyBootAsmGnu.o)
 .debug_line    0x00006ea6      0x173 .\CortexM0\ARM_GCC_541\Debug\IMU Board Firmware.a(CyFlash.o)
 .debug_line    0x00007019       0x85 .\CortexM0\ARM_GCC_541\Debug\IMU Board Firmware.a(GPS_UART_SPI_UART_INT.o)
 .debug_line    0x0000709e      0x168 .\CortexM0\ARM_GCC_541\Debug\IMU Board Firmware.a(IMU_I2C_I2C_INT.o)
 .debug_line    0x00007206      0x11e .\CortexM0\ARM_GCC_541\Debug\IMU Board Firmware.a(DBG_UART_SPI_UART.o)

.debug_frame    0x00000000     0x5dac
 *(.debug_frame)
 .debug_frame   0x00000000      0x27c .\CortexM0\ARM_GCC_541\Debug\CANCommon.o
 .debug_frame   0x0000027c      0x178 .\CortexM0\ARM_GCC_541\Debug\CANGPIO.o
 .debug_frame   0x000003f4      0x1a4 .\CortexM0\ARM_GCC_541\Debug\CANPacket.o
 .debug_frame   0x00000598      0x30c .\CortexM0\ARM_GCC_541\Debug\CANIMU.o
 .debug_frame   0x000008a4      0x1bc .\CortexM0\ARM_GCC_541\Debug\main.o
 .debug_frame   0x00000a60      0x138 .\CortexM0\ARM_GCC_541\Debug\GPS.o
 .debug_frame   0x00000b98       0xfc .\CortexM0\ARM_GCC_541\Debug\PortIMUBoard.o
 .debug_frame   0x00000c94     0x26d0 .\CortexM0\ARM_GCC_541\Debug\IMU.o
 .debug_frame   0x00003364       0xdc .\CortexM0\ARM_GCC_541\Debug\IMUDriver.o
 .debug_frame   0x00003440       0x74 .\CortexM0\ARM_GCC_541\Debug\cyfitter_cfg.o
 .debug_frame   0x000034b4       0xbc .\CortexM0\ARM_GCC_541\Debug\Cm0Start.o
 .debug_frame   0x00003570      0x718 .\CortexM0\ARM_GCC_541\Debug\IMU Board Firmware.a(CyLib.o)
 .debug_frame   0x00003c88      0x4a4 .\CortexM0\ARM_GCC_541\Debug\IMU Board Firmware.a(CyLFClk.o)
 .debug_frame   0x0000412c      0x104 .\CortexM0\ARM_GCC_541\Debug\IMU Board Firmware.a(GPS_UART.o)
 .debug_frame   0x00004230       0xb0 .\CortexM0\ARM_GCC_541\Debug\IMU Board Firmware.a(GPS_UART_SPI_UART.o)
 .debug_frame   0x000042e0      0x150 .\CortexM0\ARM_GCC_541\Debug\IMU Board Firmware.a(GPS_UART_UART.o)
 .debug_frame   0x00004430       0x6c .\CortexM0\ARM_GCC_541\Debug\IMU Board Firmware.a(UART_CLOCK.o)
 .debug_frame   0x0000449c      0x238 .\CortexM0\ARM_GCC_541\Debug\IMU Board Firmware.a(CAN.o)
 .debug_frame   0x000046d4       0x20 .\CortexM0\ARM_GCC_541\Debug\IMU Board Firmware.a(CAN_INT.o)
 .debug_frame   0x000046f4       0x60 .\CortexM0\ARM_GCC_541\Debug\IMU Board Firmware.a(CAN_TX_RX_func.o)
 .debug_frame   0x00004754       0x70 .\CortexM0\ARM_GCC_541\Debug\IMU Board Firmware.a(DIP1.o)
 .debug_frame   0x000047c4       0x70 .\CortexM0\ARM_GCC_541\Debug\IMU Board Firmware.a(DIP2.o)
 .debug_frame   0x00004834       0x70 .\CortexM0\ARM_GCC_541\Debug\IMU Board Firmware.a(DIP3.o)
 .debug_frame   0x000048a4       0x70 .\CortexM0\ARM_GCC_541\Debug\IMU Board Firmware.a(DIP4.o)
 .debug_frame   0x00004914       0x70 .\CortexM0\ARM_GCC_541\Debug\IMU Board Firmware.a(DBG.o)
 .debug_frame   0x00004984       0xe8 .\CortexM0\ARM_GCC_541\Debug\IMU Board Firmware.a(IMU_I2C.o)
 .debug_frame   0x00004a6c       0x58 .\CortexM0\ARM_GCC_541\Debug\IMU Board Firmware.a(IMU_I2C_I2C.o)
 .debug_frame   0x00004ac4      0x1d8 .\CortexM0\ARM_GCC_541\Debug\IMU Board Firmware.a(IMU_I2C_I2C_MASTER.o)
 .debug_frame   0x00004c9c       0x70 .\CortexM0\ARM_GCC_541\Debug\IMU Board Firmware.a(IMU_RST.o)
 .debug_frame   0x00004d0c       0xd8 .\CortexM0\ARM_GCC_541\Debug\IMU Board Firmware.a(DBG_UART.o)
 .debug_frame   0x00004de4      0x144 .\CortexM0\ARM_GCC_541\Debug\IMU Board Firmware.a(DBG_UART_UART.o)
 .debug_frame   0x00004f28       0x90 .\CortexM0\ARM_GCC_541\Debug\IMU Board Firmware.a(CyFlash.o)
 .debug_frame   0x00004fb8       0x2c .\CortexM0\ARM_GCC_541\Debug\IMU Board Firmware.a(GPS_UART_SPI_UART_INT.o)
 .debug_frame   0x00004fe4       0x2c .\CortexM0\ARM_GCC_541\Debug\IMU Board Firmware.a(IMU_I2C_I2C_INT.o)
 .debug_frame   0x00005010       0xb0 .\CortexM0\ARM_GCC_541\Debug\IMU Board Firmware.a(DBG_UART_SPI_UART.o)
 .debug_frame   0x000050c0       0x20 c:/program files (x86)/cypress/psoc creator/4.4/psoc creator/import/gnu/arm/5.4.1/bin/../lib/gcc/arm-none-eabi/5.4.1/armv6-m\libgcc.a(_udivsi3.o)
 .debug_frame   0x000050e0       0x20 c:/program files (x86)/cypress/psoc creator/4.4/psoc creator/import/gnu/arm/5.4.1/bin/../lib/gcc/arm-none-eabi/5.4.1/armv6-m\libgcc.a(_divsi3.o)
 .debug_frame   0x00005100       0x28 c:/program files (x86)/cypress/psoc creator/4.4/psoc creator/import/gnu/arm/5.4.1/bin/../lib/gcc/arm-none-eabi/5.4.1/armv6-m\libgcc.a(_fixunssfsi.o)
 .debug_frame   0x00005128       0x30 c:/program files (x86)/cypress/psoc creator/4.4/psoc creator/import/gnu/arm/5.4.1/bin/../lib/gcc/arm-none-eabi/5.4.1/armv6-m\libgcc.a(addsf3.o)
 .debug_frame   0x00005158       0x30 c:/program files (x86)/cypress/psoc creator/4.4/psoc creator/import/gnu/arm/5.4.1/bin/../lib/gcc/arm-none-eabi/5.4.1/armv6-m\libgcc.a(subsf3.o)
 .debug_frame   0x00005188       0x20 c:/program files (x86)/cypress/psoc creator/4.4/psoc creator/import/gnu/arm/5.4.1/bin/../lib/gcc/arm-none-eabi/5.4.1/armv6-m\libgcc.a(fixsfsi.o)
 .debug_frame   0x000051a8       0x3c c:/program files (x86)/cypress/psoc creator/4.4/psoc creator/import/gnu/arm/5.4.1/bin/../lib/gcc/arm-none-eabi/5.4.1/armv6-m\libgcc.a(adddf3.o)
 .debug_frame   0x000051e4       0x3c c:/program files (x86)/cypress/psoc creator/4.4/psoc creator/import/gnu/arm/5.4.1/bin/../lib/gcc/arm-none-eabi/5.4.1/armv6-m\libgcc.a(divdf3.o)
 .debug_frame   0x00005220       0x3c c:/program files (x86)/cypress/psoc creator/4.4/psoc creator/import/gnu/arm/5.4.1/bin/../lib/gcc/arm-none-eabi/5.4.1/armv6-m\libgcc.a(muldf3.o)
 .debug_frame   0x0000525c       0x38 c:/program files (x86)/cypress/psoc creator/4.4/psoc creator/import/gnu/arm/5.4.1/bin/../lib/gcc/arm-none-eabi/5.4.1/armv6-m\libgcc.a(subdf3.o)
 .debug_frame   0x00005294       0x2c c:/program files (x86)/cypress/psoc creator/4.4/psoc creator/import/gnu/arm/5.4.1/bin/../lib/gcc/arm-none-eabi/5.4.1/armv6-m\libgcc.a(fixdfsi.o)
 .debug_frame   0x000052c0       0x2c c:/program files (x86)/cypress/psoc creator/4.4/psoc creator/import/gnu/arm/5.4.1/bin/../lib/gcc/arm-none-eabi/5.4.1/armv6-m\libgcc.a(floatsidf.o)
 .debug_frame   0x000052ec       0x2c c:/program files (x86)/cypress/psoc creator/4.4/psoc creator/import/gnu/arm/5.4.1/bin/../lib/gcc/arm-none-eabi/5.4.1/armv6-m\libgcc.a(extendsfdf2.o)
 .debug_frame   0x00005318       0x2c c:/program files (x86)/cypress/psoc creator/4.4/psoc creator/import/gnu/arm/5.4.1/bin/../lib/gcc/arm-none-eabi/5.4.1/armv6-m\libgcc.a(truncdfsf2.o)
 .debug_frame   0x00005344       0x2c c:/program files (x86)/cypress/psoc creator/4.4/psoc creator/import/gnu/arm/5.4.1/bin/../lib/gcc/arm-none-eabi/5.4.1/armv6-m\libgcc.a(eqsf2.o)
 .debug_frame   0x00005370       0x30 c:/program files (x86)/cypress/psoc creator/4.4/psoc creator/import/gnu/arm/5.4.1/bin/../lib/gcc/arm-none-eabi/5.4.1/armv6-m\libgcc.a(gesf2.o)
 .debug_frame   0x000053a0       0x30 c:/program files (x86)/cypress/psoc creator/4.4/psoc creator/import/gnu/arm/5.4.1/bin/../lib/gcc/arm-none-eabi/5.4.1/armv6-m\libgcc.a(lesf2.o)
 .debug_frame   0x000053d0       0x28 c:/program files (x86)/cypress/psoc creator/4.4/psoc creator/import/gnu/arm/5.4.1/bin/../lib/gcc/arm-none-eabi/5.4.1/../../../../arm-none-eabi/lib/armv6-m\libg_nano.a(lib_a-atof.o)
 .debug_frame   0x000053f8       0x40 c:/program files (x86)/cypress/psoc creator/4.4/psoc creator/import/gnu/arm/5.4.1/bin/../lib/gcc/arm-none-eabi/5.4.1/../../../../arm-none-eabi/lib/armv6-m\libg_nano.a(lib_a-atoi.o)
 .debug_frame   0x00005438       0x20 c:/program files (x86)/cypress/psoc creator/4.4/psoc creator/import/gnu/arm/5.4.1/bin/../lib/gcc/arm-none-eabi/5.4.1/../../../../arm-none-eabi/lib/armv6-m\libg_nano.a(lib_a-errno.o)
 .debug_frame   0x00005458       0x28 c:/program files (x86)/cypress/psoc creator/4.4/psoc creator/import/gnu/arm/5.4.1/bin/../lib/gcc/arm-none-eabi/5.4.1/../../../../arm-none-eabi/lib/armv6-m\libg_nano.a(lib_a-exit.o)
 .debug_frame   0x00005480       0x2c c:/program files (x86)/cypress/psoc creator/4.4/psoc creator/import/gnu/arm/5.4.1/bin/../lib/gcc/arm-none-eabi/5.4.1/../../../../arm-none-eabi/lib/armv6-m\libg_nano.a(lib_a-init.o)
 .debug_frame   0x000054ac       0x40 c:/program files (x86)/cypress/psoc creator/4.4/psoc creator/import/gnu/arm/5.4.1/bin/../lib/gcc/arm-none-eabi/5.4.1/../../../../arm-none-eabi/lib/armv6-m\libg_nano.a(lib_a-itoa.o)
 .debug_frame   0x000054ec       0x28 c:/program files (x86)/cypress/psoc creator/4.4/psoc creator/import/gnu/arm/5.4.1/bin/../lib/gcc/arm-none-eabi/5.4.1/../../../../arm-none-eabi/lib/armv6-m\libg_nano.a(lib_a-memcpy-stub.o)
 .debug_frame   0x00005514       0x20 c:/program files (x86)/cypress/psoc creator/4.4/psoc creator/import/gnu/arm/5.4.1/bin/../lib/gcc/arm-none-eabi/5.4.1/../../../../arm-none-eabi/lib/armv6-m\libg_nano.a(lib_a-memset.o)
 .debug_frame   0x00005534       0x20 c:/program files (x86)/cypress/psoc creator/4.4/psoc creator/import/gnu/arm/5.4.1/bin/../lib/gcc/arm-none-eabi/5.4.1/../../../../arm-none-eabi/lib/armv6-m\libg_nano.a(lib_a-strcpy.o)
 .debug_frame   0x00005554       0x28 c:/program files (x86)/cypress/psoc creator/4.4/psoc creator/import/gnu/arm/5.4.1/bin/../lib/gcc/arm-none-eabi/5.4.1/../../../../arm-none-eabi/lib/armv6-m\libg_nano.a(lib_a-strstr.o)
 .debug_frame   0x0000557c       0x84 c:/program files (x86)/cypress/psoc creator/4.4/psoc creator/import/gnu/arm/5.4.1/bin/../lib/gcc/arm-none-eabi/5.4.1/../../../../arm-none-eabi/lib/armv6-m\libg_nano.a(lib_a-strtod.o)
 .debug_frame   0x00005600       0x30 c:/program files (x86)/cypress/psoc creator/4.4/psoc creator/import/gnu/arm/5.4.1/bin/../lib/gcc/arm-none-eabi/5.4.1/../../../../arm-none-eabi/lib/armv6-m\libg_nano.a(lib_a-strtok.o)
 .debug_frame   0x00005630       0x48 c:/program files (x86)/cypress/psoc creator/4.4/psoc creator/import/gnu/arm/5.4.1/bin/../lib/gcc/arm-none-eabi/5.4.1/../../../../arm-none-eabi/lib/armv6-m\libg_nano.a(lib_a-strtok_r.o)
 .debug_frame   0x00005678       0x48 c:/program files (x86)/cypress/psoc creator/4.4/psoc creator/import/gnu/arm/5.4.1/bin/../lib/gcc/arm-none-eabi/5.4.1/../../../../arm-none-eabi/lib/armv6-m\libg_nano.a(lib_a-strtol.o)
 .debug_frame   0x000056c0       0x48 c:/program files (x86)/cypress/psoc creator/4.4/psoc creator/import/gnu/arm/5.4.1/bin/../lib/gcc/arm-none-eabi/5.4.1/../../../../arm-none-eabi/lib/armv6-m\libg_nano.a(lib_a-utoa.o)
 .debug_frame   0x00005708       0x60 c:/program files (x86)/cypress/psoc creator/4.4/psoc creator/import/gnu/arm/5.4.1/bin/../lib/gcc/arm-none-eabi/5.4.1/../../../../arm-none-eabi/lib/armv6-m\libg_nano.a(lib_a-gdtoa-gethex.o)
 .debug_frame   0x00005768       0x68 c:/program files (x86)/cypress/psoc creator/4.4/psoc creator/import/gnu/arm/5.4.1/bin/../lib/gcc/arm-none-eabi/5.4.1/../../../../arm-none-eabi/lib/armv6-m\libg_nano.a(lib_a-gdtoa-hexnan.o)
 .debug_frame   0x000057d0       0xa4 c:/program files (x86)/cypress/psoc creator/4.4/psoc creator/import/gnu/arm/5.4.1/bin/../lib/gcc/arm-none-eabi/5.4.1/../../../../arm-none-eabi/lib/armv6-m\libg_nano.a(lib_a-locale.o)
 .debug_frame   0x00005874       0x40 c:/program files (x86)/cypress/psoc creator/4.4/psoc creator/import/gnu/arm/5.4.1/bin/../lib/gcc/arm-none-eabi/5.4.1/../../../../arm-none-eabi/lib/armv6-m\libg_nano.a(lib_a-malloc.o)
 .debug_frame   0x000058b4      0x238 c:/program files (x86)/cypress/psoc creator/4.4/psoc creator/import/gnu/arm/5.4.1/bin/../lib/gcc/arm-none-eabi/5.4.1/../../../../arm-none-eabi/lib/armv6-m\libg_nano.a(lib_a-mprec.o)
 .debug_frame   0x00005aec       0x2c c:/program files (x86)/cypress/psoc creator/4.4/psoc creator/import/gnu/arm/5.4.1/bin/../lib/gcc/arm-none-eabi/5.4.1/../../../../arm-none-eabi/lib/armv6-m\libg_nano.a(lib_a-nano-callocr.o)
 .debug_frame   0x00005b18       0x2c c:/program files (x86)/cypress/psoc creator/4.4/psoc creator/import/gnu/arm/5.4.1/bin/../lib/gcc/arm-none-eabi/5.4.1/../../../../arm-none-eabi/lib/armv6-m\libg_nano.a(lib_a-nano-freer.o)
 .debug_frame   0x00005b44       0x2c c:/program files (x86)/cypress/psoc creator/4.4/psoc creator/import/gnu/arm/5.4.1/bin/../lib/gcc/arm-none-eabi/5.4.1/../../../../arm-none-eabi/lib/armv6-m\libg_nano.a(lib_a-nano-mallocr.o)
 .debug_frame   0x00005b70       0x2c c:/program files (x86)/cypress/psoc creator/4.4/psoc creator/import/gnu/arm/5.4.1/bin/../lib/gcc/arm-none-eabi/5.4.1/../../../../arm-none-eabi/lib/armv6-m\libg_nano.a(lib_a-sbrkr.o)
 .debug_frame   0x00005b9c       0x20 c:/program files (x86)/cypress/psoc creator/4.4/psoc creator/import/gnu/arm/5.4.1/bin/../lib/gcc/arm-none-eabi/5.4.1/../../../../arm-none-eabi/lib/armv6-m\libg_nano.a(lib_a-sf_nan.o)
 .debug_frame   0x00005bbc       0x20 c:/program files (x86)/cypress/psoc creator/4.4/psoc creator/import/gnu/arm/5.4.1/bin/../lib/gcc/arm-none-eabi/5.4.1/../../../../arm-none-eabi/lib/armv6-m\libg_nano.a(lib_a-strcmp.o)
 .debug_frame   0x00005bdc       0x2c c:/program files (x86)/cypress/psoc creator/4.4/psoc creator/import/gnu/arm/5.4.1/bin/../lib/gcc/arm-none-eabi/5.4.1/../../../../arm-none-eabi/lib/armv6-m\libg_nano.a(lib_a-strncmp.o)
 .debug_frame   0x00005c08       0x30 c:/program files (x86)/cypress/psoc creator/4.4/psoc creator/import/gnu/arm/5.4.1/bin/../lib/gcc/arm-none-eabi/5.4.1/../../../../arm-none-eabi/lib/armv6-m\libg_nano.a(lib_a-mlock.o)
 .debug_frame   0x00005c38       0x48 c:/program files (x86)/cypress/psoc creator/4.4/psoc creator/import/gnu/arm/5.4.1/bin/../lib/gcc/arm-none-eabi/5.4.1/../../../../arm-none-eabi/lib/armv6-m\libg_nano.a(lib_a-reent.o)
 .debug_frame   0x00005c80       0x2c c:/program files (x86)/cypress/psoc creator/4.4/psoc creator/import/gnu/arm/5.4.1/bin/../lib/gcc/arm-none-eabi/5.4.1/armv6-m\libgcc.a(_fixunsdfsi.o)
 .debug_frame   0x00005cac       0x38 c:/program files (x86)/cypress/psoc creator/4.4/psoc creator/import/gnu/arm/5.4.1/bin/../lib/gcc/arm-none-eabi/5.4.1/armv6-m\libgcc.a(eqdf2.o)
 .debug_frame   0x00005ce4       0x38 c:/program files (x86)/cypress/psoc creator/4.4/psoc creator/import/gnu/arm/5.4.1/bin/../lib/gcc/arm-none-eabi/5.4.1/armv6-m\libgcc.a(gedf2.o)
 .debug_frame   0x00005d1c       0x38 c:/program files (x86)/cypress/psoc creator/4.4/psoc creator/import/gnu/arm/5.4.1/bin/../lib/gcc/arm-none-eabi/5.4.1/armv6-m\libgcc.a(ledf2.o)
 .debug_frame   0x00005d54       0x2c c:/program files (x86)/cypress/psoc creator/4.4/psoc creator/import/gnu/arm/5.4.1/bin/../lib/gcc/arm-none-eabi/5.4.1/armv6-m\libgcc.a(unorddf2.o)
 .debug_frame   0x00005d80       0x2c c:/program files (x86)/cypress/psoc creator/4.4/psoc creator/import/gnu/arm/5.4.1/bin/../lib/gcc/arm-none-eabi/5.4.1/armv6-m\libgcc.a(floatunsidf.o)

.debug_str      0x00000000     0x66ea
 *(.debug_str)
 .debug_str     0x00000000      0x54c .\CortexM0\ARM_GCC_541\Debug\CANCommon.o
                                0x5b1 (size before relaxing)
 .debug_str     0x0000054c      0x1ff .\CortexM0\ARM_GCC_541\Debug\CANGPIO.o
                                0x43a (size before relaxing)
 .debug_str     0x0000074b       0x1f .\CortexM0\ARM_GCC_541\Debug\CANLocalization.o
                                0x187 (size before relaxing)
 .debug_str     0x0000076a      0x1be .\CortexM0\ARM_GCC_541\Debug\CANPacket.o
                                0x439 (size before relaxing)
 .debug_str     0x00000928      0x319 .\CortexM0\ARM_GCC_541\Debug\CANIMU.o
                                0x587 (size before relaxing)
 .debug_str     0x00000c41      0x5f8 .\CortexM0\ARM_GCC_541\Debug\main.o
                                0x9ee (size before relaxing)
 .debug_str     0x00001239      0x1c2 .\CortexM0\ARM_GCC_541\Debug\GPS.o
                                0x39a (size before relaxing)
 .debug_str     0x000013fb      0x231 .\CortexM0\ARM_GCC_541\Debug\PortIMUBoard.o
                                0x45f (size before relaxing)
 .debug_str     0x0000162c     0x294b .\CortexM0\ARM_GCC_541\Debug\IMU.o
                               0x2f95 (size before relaxing)
 .debug_str     0x00003f77      0x18e .\CortexM0\ARM_GCC_541\Debug\IMUDriver.o
                                0xdca (size before relaxing)
 .debug_str     0x00004105       0xaf .\CortexM0\ARM_GCC_541\Debug\cyfitter_cfg.o
                                0x277 (size before relaxing)
 .debug_str     0x000041b4       0x59 .\CortexM0\ARM_GCC_541\Debug\cymetadata.o
                                0x1d3 (size before relaxing)
 .debug_str     0x0000420d      0x13b .\CortexM0\ARM_GCC_541\Debug\Cm0Start.o
                                0x30c (size before relaxing)
 .debug_str     0x00004348      0x91f .\CortexM0\ARM_GCC_541\Debug\IMU Board Firmware.a(CyLib.o)
                                0xb53 (size before relaxing)
 .debug_str     0x00004c67      0x6d1 .\CortexM0\ARM_GCC_541\Debug\IMU Board Firmware.a(CyLFClk.o)
                                0x928 (size before relaxing)
 .debug_str     0x00005338      0x185 .\CortexM0\ARM_GCC_541\Debug\IMU Board Firmware.a(GPS_UART.o)
                                0x35f (size before relaxing)
 .debug_str     0x000054bd      0x13d .\CortexM0\ARM_GCC_541\Debug\IMU Board Firmware.a(GPS_UART_SPI_UART.o)
                                0x301 (size before relaxing)
 .debug_str     0x000055fa      0x19a .\CortexM0\ARM_GCC_541\Debug\IMU Board Firmware.a(GPS_UART_UART.o)
                                0x456 (size before relaxing)
 .debug_str     0x00005794       0xae .\CortexM0\ARM_GCC_541\Debug\IMU Board Firmware.a(UART_CLOCK.o)
                                0x274 (size before relaxing)
 .debug_str     0x00005842      0x2ac .\CortexM0\ARM_GCC_541\Debug\IMU Board Firmware.a(CAN.o)
                                0x541 (size before relaxing)
 .debug_str     0x00005aee       0x29 .\CortexM0\ARM_GCC_541\Debug\IMU Board Firmware.a(CAN_INT.o)
                                0x1af (size before relaxing)
 .debug_str     0x00005b17       0x63 .\CortexM0\ARM_GCC_541\Debug\IMU Board Firmware.a(CAN_TX_RX_func.o)
                                0x2d4 (size before relaxing)
 .debug_str     0x00005b7a       0x9a .\CortexM0\ARM_GCC_541\Debug\IMU Board Firmware.a(DIP1.o)
                                0x23a (size before relaxing)
 .debug_str     0x00005c14       0x76 .\CortexM0\ARM_GCC_541\Debug\IMU Board Firmware.a(DIP2.o)
                                0x23a (size before relaxing)
 .debug_str     0x00005c8a       0x76 .\CortexM0\ARM_GCC_541\Debug\IMU Board Firmware.a(DIP3.o)
                                0x23a (size before relaxing)
 .debug_str     0x00005d00       0x76 .\CortexM0\ARM_GCC_541\Debug\IMU Board Firmware.a(DIP4.o)
                                0x23a (size before relaxing)
 .debug_str     0x00005d76       0x66 .\CortexM0\ARM_GCC_541\Debug\IMU Board Firmware.a(DBG.o)
                                0x233 (size before relaxing)
 .debug_str     0x00005ddc      0x10e .\CortexM0\ARM_GCC_541\Debug\IMU Board Firmware.a(IMU_I2C.o)
                                0x301 (size before relaxing)
 .debug_str     0x00005eea       0x8c .\CortexM0\ARM_GCC_541\Debug\IMU Board Firmware.a(IMU_I2C_I2C.o)
                                0x279 (size before relaxing)
 .debug_str     0x00005f76      0x23a .\CortexM0\ARM_GCC_541\Debug\IMU Board Firmware.a(IMU_I2C_I2C_MASTER.o)
                                0x531 (size before relaxing)
 .debug_str     0x000061b0       0x7a .\CortexM0\ARM_GCC_541\Debug\IMU Board Firmware.a(IMU_RST.o)
                                0x24f (size before relaxing)
 .debug_str     0x0000622a      0x10f .\CortexM0\ARM_GCC_541\Debug\IMU Board Firmware.a(DBG_UART.o)
                                0x2da (size before relaxing)
 .debug_str     0x00006339      0x198 .\CortexM0\ARM_GCC_541\Debug\IMU Board Firmware.a(DBG_UART_UART.o)
                                0x423 (size before relaxing)
 .debug_str     0x000064d1       0xab .\CortexM0\ARM_GCC_541\Debug\IMU Board Firmware.a(CyFlash.o)
                                0x2bb (size before relaxing)
 .debug_str     0x0000657c       0x45 .\CortexM0\ARM_GCC_541\Debug\IMU Board Firmware.a(GPS_UART_SPI_UART_INT.o)
                                0x1f3 (size before relaxing)
 .debug_str     0x000065c1       0x4f .\CortexM0\ARM_GCC_541\Debug\IMU Board Firmware.a(IMU_I2C_I2C_INT.o)
                                0x301 (size before relaxing)
 .debug_str     0x00006610       0xda .\CortexM0\ARM_GCC_541\Debug\IMU Board Firmware.a(DBG_UART_SPI_UART.o)
                                0x301 (size before relaxing)

.debug_loc      0x00000000    0x1696a
 *(.debug_loc)
 .debug_loc     0x00000000      0x926 .\CortexM0\ARM_GCC_541\Debug\CANCommon.o
 .debug_loc     0x00000926      0x620 .\CortexM0\ARM_GCC_541\Debug\CANGPIO.o
 .debug_loc     0x00000f46      0x540 .\CortexM0\ARM_GCC_541\Debug\CANPacket.o
 .debug_loc     0x00001486      0xf94 .\CortexM0\ARM_GCC_541\Debug\CANIMU.o
 .debug_loc     0x0000241a      0x488 .\CortexM0\ARM_GCC_541\Debug\main.o
 .debug_loc     0x000028a2      0x419 .\CortexM0\ARM_GCC_541\Debug\GPS.o
 .debug_loc     0x00002cbb      0x112 .\CortexM0\ARM_GCC_541\Debug\PortIMUBoard.o
 .debug_loc     0x00002dcd     0xed23 .\CortexM0\ARM_GCC_541\Debug\IMU.o
 .debug_loc     0x00011af0      0x237 .\CortexM0\ARM_GCC_541\Debug\IMUDriver.o
 .debug_loc     0x00011d27       0xa9 .\CortexM0\ARM_GCC_541\Debug\cyfitter_cfg.o
 .debug_loc     0x00011dd0      0x14f .\CortexM0\ARM_GCC_541\Debug\Cm0Start.o
 .debug_loc     0x00011f1f     0x18f5 .\CortexM0\ARM_GCC_541\Debug\IMU Board Firmware.a(CyLib.o)
 .debug_loc     0x00013814      0xdb7 .\CortexM0\ARM_GCC_541\Debug\IMU Board Firmware.a(CyLFClk.o)
 .debug_loc     0x000145cb       0x7e .\CortexM0\ARM_GCC_541\Debug\IMU Board Firmware.a(GPS_UART.o)
 .debug_loc     0x00014649       0x96 .\CortexM0\ARM_GCC_541\Debug\IMU Board Firmware.a(GPS_UART_SPI_UART.o)
 .debug_loc     0x000146df      0x223 .\CortexM0\ARM_GCC_541\Debug\IMU Board Firmware.a(GPS_UART_UART.o)
 .debug_loc     0x00014902       0x76 .\CortexM0\ARM_GCC_541\Debug\IMU Board Firmware.a(UART_CLOCK.o)
 .debug_loc     0x00014978      0xa5e .\CortexM0\ARM_GCC_541\Debug\IMU Board Firmware.a(CAN.o)
 .debug_loc     0x000153d6      0x17f .\CortexM0\ARM_GCC_541\Debug\IMU Board Firmware.a(CAN_TX_RX_func.o)
 .debug_loc     0x00015555       0x81 .\CortexM0\ARM_GCC_541\Debug\IMU Board Firmware.a(DIP1.o)
 .debug_loc     0x000155d6       0xa2 .\CortexM0\ARM_GCC_541\Debug\IMU Board Firmware.a(DIP2.o)
 .debug_loc     0x00015678       0xa2 .\CortexM0\ARM_GCC_541\Debug\IMU Board Firmware.a(DIP3.o)
 .debug_loc     0x0001571a       0xa2 .\CortexM0\ARM_GCC_541\Debug\IMU Board Firmware.a(DIP4.o)
 .debug_loc     0x000157bc       0xa2 .\CortexM0\ARM_GCC_541\Debug\IMU Board Firmware.a(DBG.o)
 .debug_loc     0x0001585e       0x7e .\CortexM0\ARM_GCC_541\Debug\IMU Board Firmware.a(IMU_I2C.o)
 .debug_loc     0x000158dc      0xa49 .\CortexM0\ARM_GCC_541\Debug\IMU Board Firmware.a(IMU_I2C_I2C_MASTER.o)
 .debug_loc     0x00016325       0xa2 .\CortexM0\ARM_GCC_541\Debug\IMU Board Firmware.a(IMU_RST.o)
 .debug_loc     0x000163c7       0x7e .\CortexM0\ARM_GCC_541\Debug\IMU Board Firmware.a(DBG_UART.o)
 .debug_loc     0x00016445      0x223 .\CortexM0\ARM_GCC_541\Debug\IMU Board Firmware.a(DBG_UART_UART.o)
 .debug_loc     0x00016668      0x160 .\CortexM0\ARM_GCC_541\Debug\IMU Board Firmware.a(CyFlash.o)
 .debug_loc     0x000167c8      0x10c .\CortexM0\ARM_GCC_541\Debug\IMU Board Firmware.a(IMU_I2C_I2C_INT.o)
 .debug_loc     0x000168d4       0x96 .\CortexM0\ARM_GCC_541\Debug\IMU Board Firmware.a(DBG_UART_SPI_UART.o)

.debug_macinfo
 *(.debug_macinfo)

.debug_ranges   0x00000000     0x1700
 *(.debug_ranges)
 .debug_ranges  0x00000000       0xb0 .\CortexM0\ARM_GCC_541\Debug\CANCommon.o
 .debug_ranges  0x000000b0       0x78 .\CortexM0\ARM_GCC_541\Debug\CANGPIO.o
 .debug_ranges  0x00000128       0xc8 .\CortexM0\ARM_GCC_541\Debug\CANPacket.o
 .debug_ranges  0x000001f0       0xc8 .\CortexM0\ARM_GCC_541\Debug\CANIMU.o
 .debug_ranges  0x000002b8       0x78 .\CortexM0\ARM_GCC_541\Debug\main.o
 .debug_ranges  0x00000330       0x58 .\CortexM0\ARM_GCC_541\Debug\GPS.o
 .debug_ranges  0x00000388       0x58 .\CortexM0\ARM_GCC_541\Debug\PortIMUBoard.o
 .debug_ranges  0x000003e0      0x8a0 .\CortexM0\ARM_GCC_541\Debug\IMU.o
 .debug_ranges  0x00000c80       0x38 .\CortexM0\ARM_GCC_541\Debug\IMUDriver.o
 .debug_ranges  0x00000cb8       0x28 .\CortexM0\ARM_GCC_541\Debug\cyfitter_cfg.o
 .debug_ranges  0x00000ce0       0x38 .\CortexM0\ARM_GCC_541\Debug\Cm0Start.o
 .debug_ranges  0x00000d18      0x260 .\CortexM0\ARM_GCC_541\Debug\IMU Board Firmware.a(CyLib.o)
 .debug_ranges  0x00000f78      0x178 .\CortexM0\ARM_GCC_541\Debug\IMU Board Firmware.a(CyLFClk.o)
 .debug_ranges  0x000010f0       0x58 .\CortexM0\ARM_GCC_541\Debug\IMU Board Firmware.a(GPS_UART.o)
 .debug_ranges  0x00001148       0x50 .\CortexM0\ARM_GCC_541\Debug\IMU Board Firmware.a(GPS_UART_SPI_UART.o)
 .debug_ranges  0x00001198       0x80 .\CortexM0\ARM_GCC_541\Debug\IMU Board Firmware.a(GPS_UART_UART.o)
 .debug_ranges  0x00001218       0x30 .\CortexM0\ARM_GCC_541\Debug\IMU Board Firmware.a(UART_CLOCK.o)
 .debug_ranges  0x00001248       0xd8 .\CortexM0\ARM_GCC_541\Debug\IMU Board Firmware.a(CAN.o)
 .debug_ranges  0x00001320       0x10 .\CortexM0\ARM_GCC_541\Debug\IMU Board Firmware.a(CAN_INT.o)
 .debug_ranges  0x00001330       0x20 .\CortexM0\ARM_GCC_541\Debug\IMU Board Firmware.a(CAN_TX_RX_func.o)
 .debug_ranges  0x00001350       0x38 .\CortexM0\ARM_GCC_541\Debug\IMU Board Firmware.a(DIP1.o)
 .debug_ranges  0x00001388       0x38 .\CortexM0\ARM_GCC_541\Debug\IMU Board Firmware.a(DIP2.o)
 .debug_ranges  0x000013c0       0x38 .\CortexM0\ARM_GCC_541\Debug\IMU Board Firmware.a(DIP3.o)
 .debug_ranges  0x000013f8       0x38 .\CortexM0\ARM_GCC_541\Debug\IMU Board Firmware.a(DIP4.o)
 .debug_ranges  0x00001430       0x38 .\CortexM0\ARM_GCC_541\Debug\IMU Board Firmware.a(DBG.o)
 .debug_ranges  0x00001468       0x50 .\CortexM0\ARM_GCC_541\Debug\IMU Board Firmware.a(IMU_I2C.o)
 .debug_ranges  0x000014b8       0x20 .\CortexM0\ARM_GCC_541\Debug\IMU Board Firmware.a(IMU_I2C_I2C.o)
 .debug_ranges  0x000014d8       0x88 .\CortexM0\ARM_GCC_541\Debug\IMU Board Firmware.a(IMU_I2C_I2C_MASTER.o)
 .debug_ranges  0x00001560       0x38 .\CortexM0\ARM_GCC_541\Debug\IMU Board Firmware.a(IMU_RST.o)
 .debug_ranges  0x00001598       0x48 .\CortexM0\ARM_GCC_541\Debug\IMU Board Firmware.a(DBG_UART.o)
 .debug_ranges  0x000015e0       0x80 .\CortexM0\ARM_GCC_541\Debug\IMU Board Firmware.a(DBG_UART_UART.o)
 .debug_ranges  0x00001660       0x30 .\CortexM0\ARM_GCC_541\Debug\IMU Board Firmware.a(CyFlash.o)
 .debug_ranges  0x00001690       0x10 .\CortexM0\ARM_GCC_541\Debug\IMU Board Firmware.a(GPS_UART_SPI_UART_INT.o)
 .debug_ranges  0x000016a0       0x10 .\CortexM0\ARM_GCC_541\Debug\IMU Board Firmware.a(IMU_I2C_I2C_INT.o)
 .debug_ranges  0x000016b0       0x50 .\CortexM0\ARM_GCC_541\Debug\IMU Board Firmware.a(DBG_UART_SPI_UART.o)

.comment        0x00000000       0x6e
 .comment       0x00000000       0x6e .\CortexM0\ARM_GCC_541\Debug\CANCommon.o
                                 0x6f (size before relaxing)
 .comment       0x0000006e       0x6f .\CortexM0\ARM_GCC_541\Debug\CANGPIO.o
 .comment       0x0000006e       0x6f .\CortexM0\ARM_GCC_541\Debug\CANLocalization.o
 .comment       0x0000006e       0x6f .\CortexM0\ARM_GCC_541\Debug\CANPacket.o
 .comment       0x0000006e       0x6f .\CortexM0\ARM_GCC_541\Debug\CANIMU.o
 .comment       0x0000006e       0x6f .\CortexM0\ARM_GCC_541\Debug\main.o
 .comment       0x0000006e       0x6f .\CortexM0\ARM_GCC_541\Debug\GPS.o
 .comment       0x0000006e       0x6f .\CortexM0\ARM_GCC_541\Debug\PortIMUBoard.o
 .comment       0x0000006e       0x6f .\CortexM0\ARM_GCC_541\Debug\IMU.o
 .comment       0x0000006e       0x6f .\CortexM0\ARM_GCC_541\Debug\IMUDriver.o
 .comment       0x0000006e       0x6f .\CortexM0\ARM_GCC_541\Debug\cyfitter_cfg.o
 .comment       0x0000006e       0x6f .\CortexM0\ARM_GCC_541\Debug\cymetadata.o
 .comment       0x0000006e       0x6f .\CortexM0\ARM_GCC_541\Debug\Cm0Start.o
 .comment       0x0000006e       0x6f .\CortexM0\ARM_GCC_541\Debug\IMU Board Firmware.a(CyLib.o)
 .comment       0x0000006e       0x6f .\CortexM0\ARM_GCC_541\Debug\IMU Board Firmware.a(CyLFClk.o)
 .comment       0x0000006e       0x6f .\CortexM0\ARM_GCC_541\Debug\IMU Board Firmware.a(GPS_UART.o)
 .comment       0x0000006e       0x6f .\CortexM0\ARM_GCC_541\Debug\IMU Board Firmware.a(GPS_UART_SPI_UART.o)
 .comment       0x0000006e       0x6f .\CortexM0\ARM_GCC_541\Debug\IMU Board Firmware.a(GPS_UART_UART.o)
 .comment       0x0000006e       0x6f .\CortexM0\ARM_GCC_541\Debug\IMU Board Firmware.a(UART_CLOCK.o)
 .comment       0x0000006e       0x6f .\CortexM0\ARM_GCC_541\Debug\IMU Board Firmware.a(CAN.o)
 .comment       0x0000006e       0x6f .\CortexM0\ARM_GCC_541\Debug\IMU Board Firmware.a(CAN_INT.o)
 .comment       0x0000006e       0x6f .\CortexM0\ARM_GCC_541\Debug\IMU Board Firmware.a(CAN_TX_RX_func.o)
 .comment       0x0000006e       0x6f .\CortexM0\ARM_GCC_541\Debug\IMU Board Firmware.a(DIP1.o)
 .comment       0x0000006e       0x6f .\CortexM0\ARM_GCC_541\Debug\IMU Board Firmware.a(DIP2.o)
 .comment       0x0000006e       0x6f .\CortexM0\ARM_GCC_541\Debug\IMU Board Firmware.a(DIP3.o)
 .comment       0x0000006e       0x6f .\CortexM0\ARM_GCC_541\Debug\IMU Board Firmware.a(DIP4.o)
 .comment       0x0000006e       0x6f .\CortexM0\ARM_GCC_541\Debug\IMU Board Firmware.a(DBG.o)
 .comment       0x0000006e       0x6f .\CortexM0\ARM_GCC_541\Debug\IMU Board Firmware.a(IMU_I2C.o)
 .comment       0x0000006e       0x6f .\CortexM0\ARM_GCC_541\Debug\IMU Board Firmware.a(IMU_I2C_I2C.o)
 .comment       0x0000006e       0x6f .\CortexM0\ARM_GCC_541\Debug\IMU Board Firmware.a(IMU_I2C_I2C_MASTER.o)
 .comment       0x0000006e       0x6f .\CortexM0\ARM_GCC_541\Debug\IMU Board Firmware.a(IMU_RST.o)
 .comment       0x0000006e       0x6f .\CortexM0\ARM_GCC_541\Debug\IMU Board Firmware.a(DBG_UART.o)
 .comment       0x0000006e       0x6f .\CortexM0\ARM_GCC_541\Debug\IMU Board Firmware.a(DBG_UART_UART.o)
 .comment       0x0000006e       0x6f .\CortexM0\ARM_GCC_541\Debug\IMU Board Firmware.a(CyFlash.o)
 .comment       0x0000006e       0x6f .\CortexM0\ARM_GCC_541\Debug\IMU Board Firmware.a(GPS_UART_SPI_UART_INT.o)
 .comment       0x0000006e       0x6f .\CortexM0\ARM_GCC_541\Debug\IMU Board Firmware.a(IMU_I2C_I2C_INT.o)
 .comment       0x0000006e       0x6f .\CortexM0\ARM_GCC_541\Debug\IMU Board Firmware.a(DBG_UART_SPI_UART.o)

.debug_weaknames
 *(.debug_weaknames)

.debug_funcnames
 *(.debug_funcnames)

.debug_typenames
 *(.debug_typenames)

.debug_varnames
 *(.debug_varnames)

.note.gnu.arm.ident
 *(.note.gnu.arm.ident)

.ARM.attributes
                0x00000000       0x28
 *(.ARM.attributes)
 .ARM.attributes
                0x00000000       0x1e c:/program files (x86)/cypress/psoc creator/4.4/psoc creator/import/gnu/arm/5.4.1/bin/../lib/gcc/arm-none-eabi/5.4.1/armv6-m/crti.o
 .ARM.attributes
                0x0000001e       0x2c c:/program files (x86)/cypress/psoc creator/4.4/psoc creator/import/gnu/arm/5.4.1/bin/../lib/gcc/arm-none-eabi/5.4.1/armv6-m/crtbegin.o
 .ARM.attributes
                0x0000004a       0x1b c:/program files (x86)/cypress/psoc creator/4.4/psoc creator/import/gnu/arm/5.4.1/bin/../lib/gcc/arm-none-eabi/5.4.1/../../../../arm-none-eabi/lib/armv6-m/crt0.o
 .ARM.attributes
                0x00000065       0x31 .\CortexM0\ARM_GCC_541\Debug\CANCommon.o
 .ARM.attributes
                0x00000096       0x31 .\CortexM0\ARM_GCC_541\Debug\CANGPIO.o
 .ARM.attributes
                0x000000c7       0x31 .\CortexM0\ARM_GCC_541\Debug\CANLocalization.o
 .ARM.attributes
                0x000000f8       0x31 .\CortexM0\ARM_GCC_541\Debug\CANPacket.o
 .ARM.attributes
                0x00000129       0x31 .\CortexM0\ARM_GCC_541\Debug\CANIMU.o
 .ARM.attributes
                0x0000015a       0x31 .\CortexM0\ARM_GCC_541\Debug\main.o
 .ARM.attributes
                0x0000018b       0x31 .\CortexM0\ARM_GCC_541\Debug\GPS.o
 .ARM.attributes
                0x000001bc       0x31 .\CortexM0\ARM_GCC_541\Debug\PortIMUBoard.o
 .ARM.attributes
                0x000001ed       0x31 .\CortexM0\ARM_GCC_541\Debug\IMU.o
 .ARM.attributes
                0x0000021e       0x31 .\CortexM0\ARM_GCC_541\Debug\IMUDriver.o
 .ARM.attributes
                0x0000024f       0x31 .\CortexM0\ARM_GCC_541\Debug\cyfitter_cfg.o
 .ARM.attributes
                0x00000280       0x31 .\CortexM0\ARM_GCC_541\Debug\cymetadata.o
 .ARM.attributes
                0x000002b1       0x31 .\CortexM0\ARM_GCC_541\Debug\Cm0Start.o
 .ARM.attributes
                0x000002e2       0x31 .\CortexM0\ARM_GCC_541\Debug\IMU Board Firmware.a(CyLib.o)
 .ARM.attributes
                0x00000313       0x31 .\CortexM0\ARM_GCC_541\Debug\IMU Board Firmware.a(CyLFClk.o)
 .ARM.attributes
                0x00000344       0x31 .\CortexM0\ARM_GCC_541\Debug\IMU Board Firmware.a(GPS_UART.o)
 .ARM.attributes
                0x00000375       0x31 .\CortexM0\ARM_GCC_541\Debug\IMU Board Firmware.a(GPS_UART_SPI_UART.o)
 .ARM.attributes
                0x000003a6       0x31 .\CortexM0\ARM_GCC_541\Debug\IMU Board Firmware.a(GPS_UART_UART.o)
 .ARM.attributes
                0x000003d7       0x31 .\CortexM0\ARM_GCC_541\Debug\IMU Board Firmware.a(UART_CLOCK.o)
 .ARM.attributes
                0x00000408       0x31 .\CortexM0\ARM_GCC_541\Debug\IMU Board Firmware.a(CAN.o)
 .ARM.attributes
                0x00000439       0x31 .\CortexM0\ARM_GCC_541\Debug\IMU Board Firmware.a(CAN_INT.o)
 .ARM.attributes
                0x0000046a       0x31 .\CortexM0\ARM_GCC_541\Debug\IMU Board Firmware.a(CAN_TX_RX_func.o)
 .ARM.attributes
                0x0000049b       0x31 .\CortexM0\ARM_GCC_541\Debug\IMU Board Firmware.a(DIP1.o)
 .ARM.attributes
                0x000004cc       0x31 .\CortexM0\ARM_GCC_541\Debug\IMU Board Firmware.a(DIP2.o)
 .ARM.attributes
                0x000004fd       0x31 .\CortexM0\ARM_GCC_541\Debug\IMU Board Firmware.a(DIP3.o)
 .ARM.attributes
                0x0000052e       0x31 .\CortexM0\ARM_GCC_541\Debug\IMU Board Firmware.a(DIP4.o)
 .ARM.attributes
                0x0000055f       0x31 .\CortexM0\ARM_GCC_541\Debug\IMU Board Firmware.a(DBG.o)
 .ARM.attributes
                0x00000590       0x31 .\CortexM0\ARM_GCC_541\Debug\IMU Board Firmware.a(IMU_I2C.o)
 .ARM.attributes
                0x000005c1       0x31 .\CortexM0\ARM_GCC_541\Debug\IMU Board Firmware.a(IMU_I2C_I2C.o)
 .ARM.attributes