Archive member included to satisfy reference by file (symbol)

.\CortexM0\ARM_GCC_541\Debug\IMU Board Firmware.a(CyLib.o)
                              .\CortexM0\ARM_GCC_541\Debug\cyfitter_cfg.o (CyIntEnable)
.\CortexM0\ARM_GCC_541\Debug\IMU Board Firmware.a(CyLFClk.o)
                              .\CortexM0\ARM_GCC_541\Debug\cyfitter_cfg.o (CySysClkWcoStart)
.\CortexM0\ARM_GCC_541\Debug\IMU Board Firmware.a(GPS_UART.o)
                              .\CortexM0\ARM_GCC_541\Debug\GPS.o (GPS_UART_Start)
.\CortexM0\ARM_GCC_541\Debug\IMU Board Firmware.a(GPS_UART_SPI_UART.o)
                              .\CortexM0\ARM_GCC_541\Debug\GPS.o (GPS_UART_SpiUartGetRxBufferSize)
.\CortexM0\ARM_GCC_541\Debug\IMU Board Firmware.a(GPS_UART_UART.o)
                              .\CortexM0\ARM_GCC_541\Debug\IMU Board Firmware.a(GPS_UART.o) (GPS_UART_UartInit)
.\CortexM0\ARM_GCC_541\Debug\IMU Board Firmware.a(UART_CLOCK.o)
                              .\CortexM0\ARM_GCC_541\Debug\GPS.o (UART_CLOCK_StartEx)
.\CortexM0\ARM_GCC_541\Debug\IMU Board Firmware.a(CAN.o)
                              .\CortexM0\ARM_GCC_541\Debug\PortIMUBoard.o (CAN_GlobalIntEnable)
.\CortexM0\ARM_GCC_541\Debug\IMU Board Firmware.a(CAN_INT.o)
                              .\CortexM0\ARM_GCC_541\Debug\IMU Board Firmware.a(CAN.o) (CAN_ISR)
.\CortexM0\ARM_GCC_541\Debug\IMU Board Firmware.a(CAN_TX_RX_func.o)
                              .\CortexM0\ARM_GCC_541\Debug\PortIMUBoard.o (CAN_SendMsg)
.\CortexM0\ARM_GCC_541\Debug\IMU Board Firmware.a(DIP1.o)
                              .\CortexM0\ARM_GCC_541\Debug\main.o (DIP1_Read)
.\CortexM0\ARM_GCC_541\Debug\IMU Board Firmware.a(DIP2.o)
                              .\CortexM0\ARM_GCC_541\Debug\main.o (DIP2_Read)
.\CortexM0\ARM_GCC_541\Debug\IMU Board Firmware.a(DIP3.o)
                              .\CortexM0\ARM_GCC_541\Debug\main.o (DIP3_Read)
.\CortexM0\ARM_GCC_541\Debug\IMU Board Firmware.a(DIP4.o)
                              .\CortexM0\ARM_GCC_541\Debug\main.o (DIP4_Read)
.\CortexM0\ARM_GCC_541\Debug\IMU Board Firmware.a(DBG.o)
                              .\CortexM0\ARM_GCC_541\Debug\main.o (DBG_Write)
.\CortexM0\ARM_GCC_541\Debug\IMU Board Firmware.a(IMU_I2C.o)
                              .\CortexM0\ARM_GCC_541\Debug\IMUDriver.o (IMU_I2C_Start)
.\CortexM0\ARM_GCC_541\Debug\IMU Board Firmware.a(IMU_I2C_I2C.o)
                              .\CortexM0\ARM_GCC_541\Debug\IMU Board Firmware.a(IMU_I2C.o) (IMU_I2C_I2CInit)
.\CortexM0\ARM_GCC_541\Debug\IMU Board Firmware.a(IMU_I2C_I2C_MASTER.o)
                              .\CortexM0\ARM_GCC_541\Debug\IMUDriver.o (IMU_I2C_I2CMasterSendStart)
.\CortexM0\ARM_GCC_541\Debug\IMU Board Firmware.a(IMU_RST.o)
                              .\CortexM0\ARM_GCC_541\Debug\IMUDriver.o (IMU_RST_Write)
.\CortexM0\ARM_GCC_541\Debug\IMU Board Firmware.a(DBG_UART.o)
                              .\CortexM0\ARM_GCC_541\Debug\main.o (DBG_UART_Start)
.\CortexM0\ARM_GCC_541\Debug\IMU Board Firmware.a(DBG_UART_UART.o)
                              .\CortexM0\ARM_GCC_541\Debug\IMU Board Firmware.a(DBG_UART.o) (DBG_UART_UartInit)
.\CortexM0\ARM_GCC_541\Debug\IMU Board Firmware.a(CyBootAsmGnu.o)
                              .\CortexM0\ARM_GCC_541\Debug\cyfitter_cfg.o (CyDelayCycles)
.\CortexM0\ARM_GCC_541\Debug\IMU Board Firmware.a(CyFlash.o)
                              .\CortexM0\ARM_GCC_541\Debug\IMU Board Firmware.a(CyLib.o) (CySysFlashSetWaitCycles)
.\CortexM0\ARM_GCC_541\Debug\IMU Board Firmware.a(GPS_UART_SPI_UART_INT.o)
                              .\CortexM0\ARM_GCC_541\Debug\IMU Board Firmware.a(GPS_UART_UART.o) (GPS_UART_SPI_UART_ISR)
.\CortexM0\ARM_GCC_541\Debug\IMU Board Firmware.a(IMU_I2C_I2C_INT.o)
                              .\CortexM0\ARM_GCC_541\Debug\IMU Board Firmware.a(IMU_I2C_I2C.o) (IMU_I2C_I2C_ISR)
.\CortexM0\ARM_GCC_541\Debug\IMU Board Firmware.a(DBG_UART_SPI_UART.o)
                              .\CortexM0\ARM_GCC_541\Debug\IMU Board Firmware.a(DBG_UART_UART.o) (DBG_UART_SpiUartReadRxData)
c:/program files (x86)/cypress/psoc creator/4.4/psoc creator/import/gnu/arm/5.4.1/bin/../lib/gcc/arm-none-eabi/5.4.1/armv6-m\libgcc.a(_udivsi3.o)
                              .\CortexM0\ARM_GCC_541\Debug\IMU Board Firmware.a(CyLib.o) (__aeabi_uidiv)
c:/program files (x86)/cypress/psoc creator/4.4/psoc creator/import/gnu/arm/5.4.1/bin/../lib/gcc/arm-none-eabi/5.4.1/armv6-m\libgcc.a(_divsi3.o)
                              .\CortexM0\ARM_GCC_541\Debug\IMU Board Firmware.a(CyLib.o) (__aeabi_idiv)
c:/program files (x86)/cypress/psoc creator/4.4/psoc creator/import/gnu/arm/5.4.1/bin/../lib/gcc/arm-none-eabi/5.4.1/armv6-m\libgcc.a(_dvmd_tls.o)
                              c:/program files (x86)/cypress/psoc creator/4.4/psoc creator/import/gnu/arm/5.4.1/bin/../lib/gcc/arm-none-eabi/5.4.1/armv6-m\libgcc.a(_udivsi3.o) (__aeabi_idiv0)
[...]
Memory Configuration

Name             Origin             Length             Attributes
rom              0x00000000         0x00040000         xr
ram              0x20000000         0x00008000         xrw
*default*        0x00000000         0xffffffff

Linker script and memory map

LOAD c:/program files (x86)/cypress/psoc creator/4.4/psoc creator/import/gnu/arm/5.4.1/bin/../lib/gcc/arm-none-eabi/5.4.1/armv6-m/crti.o
LOAD c:/program files (x86)/cypress/psoc creator/4.4/psoc creator/import/gnu/arm/5.4.1/bin/../lib/gcc/arm-none-eabi/5.4.1/armv6-m/crtbegin.o
LOAD c:/program files (x86)/cypress/psoc creator/4.4/psoc creator/import/gnu/arm/5.4.1/bin/../lib/gcc/arm-none-eabi/5.4.1/../../../../arm-none-eabi/lib/armv6-m/crt0.o
START GROUP
LOAD .\CortexM0\ARM_GCC_541\Debug\CANCommon.o
LOAD .\CortexM0\ARM_GCC_541\Debug\CANGPIO.o
LOAD .\CortexM0\ARM_GCC_541\Debug\CANLocalization.o
LOAD .\CortexM0\ARM_GCC_541\Debug\CANPacket.o
LOAD .\CortexM0\ARM_GCC_541\Debug\main.o
LOAD .\CortexM0\ARM_GCC_541\Debug\GPS.o
LOAD .\CortexM0\ARM_GCC_541\Debug\PortIMUBoard.o
LOAD .\CortexM0\ARM_GCC_541\Debug\IMU.o
LOAD .\CortexM0\ARM_GCC_541\Debug\IMUDriver.o
LOAD .\CortexM0\ARM_GCC_541\Debug\cyfitter_cfg.o
LOAD .\CortexM0\ARM_GCC_541\Debug\cymetadata.o
LOAD .\CortexM0\ARM_GCC_541\Debug\Cm0Start.o
LOAD .\CortexM0\ARM_GCC_541\Debug\IMU Board Firmware.a
END GROUP
START GROUP
LOAD c:/program files (x86)/cypress/psoc creator/4.4/psoc creator/import/gnu/arm/5.4.1/bin/../lib/gcc/arm-none-eabi/5.4.1/armv6-m\libgcc.a
LOAD c:/program files (x86)/cypress/psoc creator/4.4/psoc creator/import/gnu/arm/5.4.1/bin/../lib/gcc/arm-none-eabi/5.4.1/../../../../arm-none-eabi/lib/armv6-m\libg_nano.a
LOAD c:/program files (x86)/cypress/psoc creator/4.4/psoc creator/import/gnu/arm/5.4.1/bin/../lib/gcc/arm-none-eabi/5.4.1/../../../../arm-none-eabi/lib/armv6-m\libc_nano.a
END GROUP
START GROUP
LOAD c:/program files (x86)/cypress/psoc creator/4.4/psoc creator/import/gnu/arm/5.4.1/bin/../lib/gcc/arm-none-eabi/5.4.1/armv6-m\libgcc.a
LOAD c:/program files (x86)/cypress/psoc creator/4.4/psoc creator/import/gnu/arm/5.4.1/bin/../lib/gcc/arm-none-eabi/5.4.1/../../../../arm-none-eabi/lib/armv6-m\libc_nano.a
END GROUP
LOAD c:/program files (x86)/cypress/psoc creator/4.4/psoc creator/import/gnu/arm/5.4.1/bin/../lib/gcc/arm-none-eabi/5.4.1/armv6-m/crtend.o
LOAD c:/program files (x86)/cypress/psoc creator/4.4/psoc creator/import/gnu/arm/5.4.1/bin/../lib/gcc/arm-none-eabi/5.4.1/armv6-m/crtn.o
START GROUP
LOAD c:/program files (x86)/cypress/psoc creator/4.4/psoc creator/import/gnu/arm/5.4.1/bin/../lib/gcc/arm-none-eabi/5.4.1/armv6-m\libgcc.a
LOAD c:/program files (x86)/cypress/psoc creator/4.4/psoc creator/import/gnu/arm/5.4.1/bin/../lib/gcc/arm-none-eabi/5.4.1/../../../../arm-none-eabi/lib/armv6-m\libc.a
LOAD c:/program files (x86)/cypress/psoc creator/4.4/psoc creator/import/gnu/arm/5.4.1/bin/../lib/gcc/arm-none-eabi/5.4.1/../../../../arm-none-eabi/lib/armv6-m\libnosys.a
END GROUP
                0x00000000                CY_APPL_ORIGIN = 0x0
                0x00000100                CY_FLASH_ROW_SIZE = 0x100
                0x00000001                CY_APPL_NUM = 0x1
                0x00000001                CY_APPL_MAX = 0x1
                0x00000040                CY_METADATA_SIZE = 0x40
                0x00000000                CY_APPL_LOADABLE = 0x0
                0x00000000                CY_CHECKSUM_EXCLUDE_SIZE = ALIGN (0x0, CY_FLASH_ROW_SIZE)
                0x00000000                CY_APP_FOR_STACK_AND_COPIER = 0x0
                [!provide]                PROVIDE (__cy_heap_start, _end)
                0x00000001                PROVIDE (__cy_region_num, ((__cy_regions_end - __cy_regions) / 0x10))
                0x20008000                PROVIDE (__cy_stack, (ORIGIN (ram) + LENGTH (ram)))
                [!provide]                PROVIDE (__cy_heap_end, (__cy_stack - 0x800))

.cybootloader   0x00000000        0x0
 *(.cybootloader)
                0x00000000                appl1_start = CY_APPL_ORIGIN?CY_APPL_ORIGIN:ALIGN (CY_FLASH_ROW_SIZE)
                0x0001ff00                appl2_start = (appl1_start + ALIGN ((((LENGTH (rom) - appl1_start) - (0x2 * CY_FLASH_ROW_SIZE)) / 0x2), CY_FLASH_ROW_SIZE))
                0x00000000                appl_start = (CY_APPL_NUM == 0x1)?appl1_start:appl2_start
                0x00000001                cy_project_type_bootloader = (appl_start == 0x0)?0x1:0x0
                0x00000000                cy_project_type_app_for_stack_and_copier = (CY_APP_FOR_STACK_AND_COPIER == 0x1)?0x1:0x0

.text           0x00000000     0x949c
 CREATE_OBJECT_SYMBOLS
                0x00000000                PROVIDE (__cy_interrupt_vector, RomVectors)
 *(.romvectors)
 .romvectors    0x00000000       0x10 .\CortexM0\ARM_GCC_541\Debug\Cm0Start.o
                0x00000000                RomVectors
                0x00000001                ASSERT ((. != __cy_interrupt_vector), No interrupt vector)
                0x00000001                ASSERT (CY_APPL_ORIGIN?(SIZEOF (.cybootloader) <= CY_APPL_ORIGIN):0x1, Wrong image location)
                0x00000010                PROVIDE (__cy_reset, Reset)
 *(.text.Reset)
 .text.Reset    0x00000010        0x8 .\CortexM0\ARM_GCC_541\Debug\Cm0Start.o
                0x00000010                Reset
                0x00000001                ASSERT ((. != __cy_reset), No reset code)
 *(.psocinit)
 .psocinit      0x00000018      0x224 .\CortexM0\ARM_GCC_541\Debug\cyfitter_cfg.o
                0x000000f0                cyfitter_cfg
                0x0000023c                . = MAX (., 0x100)
 *(.text .text.* .gnu.linkonce.t.*)
 .text          0x0000023c       0x60 c:/program files (x86)/cypress/psoc creator/4.4/psoc creator/import/gnu/arm/5.4.1/bin/../lib/gcc/arm-none-eabi/5.4.1/armv6-m/crtbegin.o
 .text.AssembleTelemetryReportPacket
                0x0000029c       0x2c .\CortexM0\ARM_GCC_541\Debug\CANCommon.o
                0x0000029c                AssembleTelemetryReportPacket
 .text.DecodeTelemetryType
                0x000002c8        0x4 .\CortexM0\ARM_GCC_541\Debug\CANCommon.o
                0x000002c8                DecodeTelemetryType
 .text.ConstructCANID
                0x000002cc       0x1c .\CortexM0\ARM_GCC_541\Debug\CANPacket.o
                0x000002cc                ConstructCANID
 .text.WriteSenderSerialAndPacketID
                0x000002e8       0x18 .\CortexM0\ARM_GCC_541\Debug\CANPacket.o
                0x000002e8                WriteSenderSerialAndPacketID
 .text.GetPacketID
                0x00000300        0x4 .\CortexM0\ARM_GCC_541\Debug\CANPacket.o
                0x00000300                GetPacketID
 .text.PackIntIntoDataMSBFirst
                0x00000304       0x18 .\CortexM0\ARM_GCC_541\Debug\CANPacket.o
                0x00000304                PackIntIntoDataMSBFirst
 .text.getSerialAddress
                0x0000031c       0x38 .\CortexM0\ARM_GCC_541\Debug\main.o
                0x0000031c                getSerialAddress
 .text.sendRequestedData
                0x00000354      0x148 .\CortexM0\ARM_GCC_541\Debug\main.o
                0x00000354                sendRequestedData
 .text.main     0x0000049c      0x304 .\CortexM0\ARM_GCC_541\Debug\main.o
                0x0000049c                main
 .text.gps_init
                0x000007a0       0x40 .\CortexM0\ARM_GCC_541\Debug\GPS.o
                0x000007a0                gps_init
 .text.gps_parseHex
                0x000007e0       0x28 .\CortexM0\ARM_GCC_541\Debug\GPS.o
                0x000007e0                gps_parseHex
 .text.gps_parseChecksum
                0x00000808       0x1c .\CortexM0\ARM_GCC_541\Debug\GPS.o
                0x00000808                gps_parseChecksum
 .text.gps_calcNMEAChecksum
                0x00000824       0x20 .\CortexM0\ARM_GCC_541\Debug\GPS.o
                0x00000824                gps_calcNMEAChecksum
 .text.gps_validateNMEA
                0x00000844       0x24 .\CortexM0\ARM_GCC_541\Debug\GPS.o
                0x00000844                gps_validateNMEA
 .text.gps_parseNMEA
                0x00000868       0x90 .\CortexM0\ARM_GCC_541\Debug\GPS.o
                0x00000868                gps_parseNMEA
 .text.gps_minsToDec
                0x000008f8       0x50 .\CortexM0\ARM_GCC_541\Debug\GPS.o
                0x000008f8                gps_minsToDec
 .text.gps_parseData
                0x00000948       0x74 .\CortexM0\ARM_GCC_541\Debug\GPS.o
                0x00000948                gps_parseData
 .text.GPS_Recv
                0x000009bc       0x30 .\CortexM0\ARM_GCC_541\Debug\GPS.o
                0x000009bc                GPS_Recv
 .text.gps_getData
                0x000009ec       0x30 .\CortexM0\ARM_GCC_541\Debug\GPS.o
                0x000009ec                gps_getData
 .text.InitCAN  0x00000a1c       0x98 .\CortexM0\ARM_GCC_541\Debug\PortIMUBoard.o
                0x00000a1c                InitCAN
 .text.SendCANPacket
                0x00000ab4       0x40 .\CortexM0\ARM_GCC_541\Debug\PortIMUBoard.o
                0x00000ab4                SendCANPacket
 .text.getLocalDeviceSerial
                0x00000af4        0xc .\CortexM0\ARM_GCC_541\Debug\PortIMUBoard.o
                0x00000af4                getLocalDeviceSerial
 .text.getLocalDeviceGroup
                0x00000b00        0xc .\CortexM0\ARM_GCC_541\Debug\PortIMUBoard.o
                0x00000b00                getLocalDeviceGroup
 .text.FIFOSize
                0x00000b0c       0x48 .\CortexM0\ARM_GCC_541\Debug\PortIMUBoard.o
                0x00000b0c                FIFOSize
 .text.countAddFIFO
                0x00000b54       0x50 .\CortexM0\ARM_GCC_541\Debug\PortIMUBoard.o
                0x00000b54                countAddFIFO
 .text.CAN_FLAG_ISR
                0x00000ba4      0x12c .\CortexM0\ARM_GCC_541\Debug\PortIMUBoard.o
                0x00000ba4                CAN_FLAG_ISR
 .text.countRemoveFIFO
                0x00000cd0       0x28 .\CortexM0\ARM_GCC_541\Debug\PortIMUBoard.o
                0x00000cd0                countRemoveFIFO
 .text.PollAndReceiveCANPacket
                0x00000cf8       0x4c .\CortexM0\ARM_GCC_541\Debug\PortIMUBoard.o
                0x00000cf8                PollAndReceiveCANPacket
 .text.bno055_init
                0x00000d44       0xe8 .\CortexM0\ARM_GCC_541\Debug\IMU.o
                0x00000d44                bno055_init
 .text.bno055_write_register
                0x00000e2c       0x24 .\CortexM0\ARM_GCC_541\Debug\IMU.o
                0x00000e2c                bno055_write_register
 .text.bno055_write_page_id
                0x00000e50       0x5c .\CortexM0\ARM_GCC_541\Debug\IMU.o
                0x00000e50                bno055_write_page_id
 .text.bno055_read_accel_x
                0x00000eac       0x68 .\CortexM0\ARM_GCC_541\Debug\IMU.o
                0x00000eac                bno055_read_accel_x
 .text.bno055_read_accel_y
                0x00000f14       0x68 .\CortexM0\ARM_GCC_541\Debug\IMU.o
                0x00000f14                bno055_read_accel_y
 .text.bno055_read_accel_z
                0x00000f7c       0x68 .\CortexM0\ARM_GCC_541\Debug\IMU.o
                0x00000f7c                bno055_read_accel_z
 .text.bno055_read_accel_xyz
                0x00000fe4       0x88 .\CortexM0\ARM_GCC_541\Debug\IMU.o
                0x00000fe4                bno055_read_accel_xyz
 .text.bno055_read_mag_x
                0x0000106c       0x68 .\CortexM0\ARM_GCC_541\Debug\IMU.o
                0x0000106c                bno055_read_mag_x
 .text.bno055_read_mag_y
                0x000010d4       0x68 .\CortexM0\ARM_GCC_541\Debug\IMU.o
                0x000010d4                bno055_read_mag_y
 .text.bno055_read_mag_z
                0x0000113c       0x68 .\CortexM0\ARM_GCC_541\Debug\IMU.o
                0x0000113c                bno055_read_mag_z
 .text.bno055_read_mag_xyz
                0x000011a4       0x88 .\CortexM0\ARM_GCC_541\Debug\IMU.o
                0x000011a4                bno055_read_mag_xyz
 .text.bno055_read_gyro_x
                0x0000122c       0x68 .\CortexM0\ARM_GCC_541\Debug\IMU.o
                0x0000122c                bno055_read_gyro_x
 .text.bno055_read_gyro_y
                0x00001294       0x68 .\CortexM0\ARM_GCC_541\Debug\IMU.o
                0x00001294                bno055_read_gyro_y
 .text.bno055_read_gyro_z
                0x000012fc       0x68 .\CortexM0\ARM_GCC_541\Debug\IMU.o
                0x000012fc                bno055_read_gyro_z
 .text.bno055_read_gyro_xyz
                0x00001364       0x88 .\CortexM0\ARM_GCC_541\Debug\IMU.o
                0x00001364                bno055_read_gyro_xyz
 .text.bno055_read_euler_h
                0x000013ec       0x68 .\CortexM0\ARM_GCC_541\Debug\IMU.o
                0x000013ec                bno055_read_euler_h
 .text.bno055_read_euler_r
                0x00001454       0x68 .\CortexM0\ARM_GCC_541\Debug\IMU.o
                0x00001454                bno055_read_euler_r
 .text.bno055_read_euler_p
                0x000014bc       0x68 .\CortexM0\ARM_GCC_541\Debug\IMU.o
                0x000014bc                bno055_read_euler_p
 .text.bno055_read_euler_hrp
                0x00001524       0x88 .\CortexM0\ARM_GCC_541\Debug\IMU.o
                0x00001524                bno055_read_euler_hrp
 .text.bno055_read_quaternion_w
                0x000015ac       0x68 .\CortexM0\ARM_GCC_541\Debug\IMU.o
                0x000015ac                bno055_read_quaternion_w
 .text.bno055_read_quaternion_x
                0x00001614       0x68 .\CortexM0\ARM_GCC_541\Debug\IMU.o
                0x00001614                bno055_read_quaternion_x
 .text.bno055_read_quaternion_y
                0x0000167c       0x68 .\CortexM0\ARM_GCC_541\Debug\IMU.o
                0x0000167c                bno055_read_quaternion_y
 .text.bno055_read_quaternion_z
                0x000016e4       0x68 .\CortexM0\ARM_GCC_541\Debug\IMU.o
                0x000016e4                bno055_read_quaternion_z
 .text.bno055_read_quaternion_wxyz
                0x0000174c       0x94 .\CortexM0\ARM_GCC_541\Debug\IMU.o
                0x0000174c                bno055_read_quaternion_wxyz
 .text.bno055_read_linear_accel_x
                0x000017e0       0x68 .\CortexM0\ARM_GCC_541\Debug\IMU.o
                0x000017e0                bno055_read_linear_accel_x
 .text.bno055_read_linear_accel_y
                0x00001848       0x68 .\CortexM0\ARM_GCC_541\Debug\IMU.o
                0x00001848                bno055_read_linear_accel_y
 .text.bno055_read_linear_accel_z
                0x000018b0       0x68 .\CortexM0\ARM_GCC_541\Debug\IMU.o
                0x000018b0                bno055_read_linear_accel_z
 .text.bno055_read_linear_accel_xyz
                0x00001918       0x88 .\CortexM0\ARM_GCC_541\Debug\IMU.o
                0x00001918                bno055_read_linear_accel_xyz
 .text.bno055_read_gravity_x
                0x000019a0       0x68 .\CortexM0\ARM_GCC_541\Debug\IMU.o
                0x000019a0                bno055_read_gravity_x
 .text.bno055_read_gravity_y
                0x00001a08       0x68 .\CortexM0\ARM_GCC_541\Debug\IMU.o
                0x00001a08                bno055_read_gravity_y
 .text.bno055_read_gravity_z
                0x00001a70       0x68 .\CortexM0\ARM_GCC_541\Debug\IMU.o
                0x00001a70                bno055_read_gravity_z
 .text.bno055_read_gravity_xyz
                0x00001ad8       0x88 .\CortexM0\ARM_GCC_541\Debug\IMU.o
                0x00001ad8                bno055_read_gravity_xyz
 .text.bno055_convert_double_mag_x_uT
                0x00001b60       0x40 .\CortexM0\ARM_GCC_541\Debug\IMU.o
                0x00001b60                bno055_convert_double_mag_x_uT
 .text.bno055_convert_double_mag_y_uT
                0x00001ba0       0x40 .\CortexM0\ARM_GCC_541\Debug\IMU.o
                0x00001ba0                bno055_convert_double_mag_y_uT
 .text.bno055_convert_double_mag_z_uT
                0x00001be0       0x40 .\CortexM0\ARM_GCC_541\Debug\IMU.o
                0x00001be0                bno055_convert_double_mag_z_uT
 .text.bno055_convert_double_mag_xyz_uT
                0x00001c20       0x6c .\CortexM0\ARM_GCC_541\Debug\IMU.o
                0x00001c20                bno055_convert_double_mag_xyz_uT
 .text.bno055_convert_double_linear_accel_x_msq
                0x00001c8c       0x40 .\CortexM0\ARM_GCC_541\Debug\IMU.o
                0x00001c8c                bno055_convert_double_linear_accel_x_msq
 .text.bno055_convert_double_linear_accel_y_msq
                0x00001ccc       0x40 .\CortexM0\ARM_GCC_541\Debug\IMU.o
                0x00001ccc                bno055_convert_double_linear_accel_y_msq
 .text.bno055_convert_double_linear_accel_z_msq
                0x00001d0c       0x40 .\CortexM0\ARM_GCC_541\Debug\IMU.o
                0x00001d0c                bno055_convert_double_linear_accel_z_msq
 .text.bno055_convert_double_linear_accel_xyz_msq
                0x00001d4c       0x6c .\CortexM0\ARM_GCC_541\Debug\IMU.o
                0x00001d4c                bno055_convert_double_linear_accel_xyz_msq
 .text.bno055_convert_gravity_double_x_msq
                0x00001db8       0x40 .\CortexM0\ARM_GCC_541\Debug\IMU.o
                0x00001db8                bno055_convert_gravity_double_x_msq
 .text.bno055_convert_gravity_double_y_msq
                0x00001df8       0x40 .\CortexM0\ARM_GCC_541\Debug\IMU.o
                0x00001df8                bno055_convert_gravity_double_y_msq
 .text.bno055_convert_gravity_double_z_msq
                0x00001e38       0x40 .\CortexM0\ARM_GCC_541\Debug\IMU.o
                0x00001e38                bno055_convert_gravity_double_z_msq
 .text.bno055_convert_double_gravity_xyz_msq
                0x00001e78       0x6c .\CortexM0\ARM_GCC_541\Debug\IMU.o
                0x00001e78                bno055_convert_double_gravity_xyz_msq
 .text.bno055_get_accel_unit
                0x00001ee4       0x64 .\CortexM0\ARM_GCC_541\Debug\IMU.o
                0x00001ee4                bno055_get_accel_unit
 .text.bno055_get_gyro_unit
                0x00001f48       0x68 .\CortexM0\ARM_GCC_541\Debug\IMU.o
                0x00001f48                bno055_get_gyro_unit
 .text.bno055_get_euler_unit
                0x00001fb0       0x68 .\CortexM0\ARM_GCC_541\Debug\IMU.o
                0x00001fb0                bno055_get_euler_unit
 .text.bno055_get_operation_mode
                0x00002018       0x64 .\CortexM0\ARM_GCC_541\Debug\IMU.o
                0x00002018                bno055_get_operation_mode
 .text.bno055_set_operation_mode
                0x0000207c      0x114 .\CortexM0\ARM_GCC_541\Debug\IMU.o
                0x0000207c                bno055_set_operation_mode
 .text.bno055_set_accel_unit
                0x00002190       0xa4 .\CortexM0\ARM_GCC_541\Debug\IMU.o
                0x00002190                bno055_set_accel_unit
 .text.bno055_convert_double_accel_x_msq
                0x00002234       0x70 .\CortexM0\ARM_GCC_541\Debug\IMU.o
                0x00002234                bno055_convert_double_accel_x_msq
 .text.bno055_convert_double_accel_y_msq
                0x000022a4       0x70 .\CortexM0\ARM_GCC_541\Debug\IMU.o
                0x000022a4                bno055_convert_double_accel_y_msq
 .text.bno055_convert_double_accel_z_msq
                0x00002314       0x70 .\CortexM0\ARM_GCC_541\Debug\IMU.o
                0x00002314                bno055_convert_double_accel_z_msq
 .text.bno055_convert_double_accel_xyz_msq
                0x00002384       0x98 .\CortexM0\ARM_GCC_541\Debug\IMU.o
                0x00002384                bno055_convert_double_accel_xyz_msq
 .text.bno055_set_gyro_unit
                0x0000241c       0xa8 .\CortexM0\ARM_GCC_541\Debug\IMU.o
                0x0000241c                bno055_set_gyro_unit
 .text.bno055_convert_double_gyro_x_dps
                0x000024c4       0x70 .\CortexM0\ARM_GCC_541\Debug\IMU.o
                0x000024c4                bno055_convert_double_gyro_x_dps
 .text.bno055_convert_double_gyro_y_dps
                0x00002534       0x70 .\CortexM0\ARM_GCC_541\Debug\IMU.o
                0x00002534                bno055_convert_double_gyro_y_dps
 .text.bno055_convert_double_gyro_z_dps
                0x000025a4       0x70 .\CortexM0\ARM_GCC_541\Debug\IMU.o
                0x000025a4                bno055_convert_double_gyro_z_dps
 .text.bno055_convert_double_gyro_xyz_dps
                0x00002614       0x98 .\CortexM0\ARM_GCC_541\Debug\IMU.o
                0x00002614                bno055_convert_double_gyro_xyz_dps
 .text.bno055_set_euler_unit
                0x000026ac       0xa8 .\CortexM0\ARM_GCC_541\Debug\IMU.o
                0x000026ac                bno055_set_euler_unit
 .text.bno055_convert_double_euler_h_deg
                0x00002754       0x70 .\CortexM0\ARM_GCC_541\Debug\IMU.o
                0x00002754                bno055_convert_double_euler_h_deg
 .text.bno055_convert_double_euler_r_deg
                0x000027c4       0x70 .\CortexM0\ARM_GCC_541\Debug\IMU.o
                0x000027c4                bno055_convert_double_euler_r_deg
 .text.bno055_convert_double_euler_p_deg
                0x00002834       0x70 .\CortexM0\ARM_GCC_541\Debug\IMU.o
                0x00002834                bno055_convert_double_euler_p_deg
 .text.bno055_convert_double_euler_hpr_deg
                0x000028a4       0x98 .\CortexM0\ARM_GCC_541\Debug\IMU.o
                0x000028a4                bno055_convert_double_euler_hpr_deg
 .text.bno055_set_power_mode
                0x0000293c       0xa4 .\CortexM0\ARM_GCC_541\Debug\IMU.o
                0x0000293c                bno055_set_power_mode
 .text.BNO055_delay_msek
                0x000029e0        0x8 .\CortexM0\ARM_GCC_541\Debug\IMUDriver.o
                0x000029e0                BNO055_delay_msek
 .text.BNO055_I2C_bus_write
                0x000029e8       0x50 .\CortexM0\ARM_GCC_541\Debug\IMUDriver.o
                0x000029e8                BNO055_I2C_bus_write
 .text.BNO055_I2C_bus_read
                0x00002a38       0x68 .\CortexM0\ARM_GCC_541\Debug\IMUDriver.o
                0x00002a38                BNO055_I2C_bus_read
 .text.bno055_data_readout_template
                0x00002aa0      0x4b0 .\CortexM0\ARM_GCC_541\Debug\IMUDriver.o
                0x00002aa0                bno055_data_readout_template
 .text.I2C_routine
                0x00002f50       0x28 .\CortexM0\ARM_GCC_541\Debug\IMUDriver.o
                0x00002f50                I2C_routine
 .text.imu_init
                0x00002f78       0x4c .\CortexM0\ARM_GCC_541\Debug\IMUDriver.o
                0x00002f78                imu_init
 .text.AnalogSetDefault
                0x00002fc4       0x20 .\CortexM0\ARM_GCC_541\Debug\cyfitter_cfg.o
 .text.CYMEMZERO
                0x00002fe4        0xc .\CortexM0\ARM_GCC_541\Debug\cyfitter_cfg.o
 .text.IntDefaultHandler
                0x00002ff0       0x10 .\CortexM0\ARM_GCC_541\Debug\Cm0Start.o
                0x00002ff0                IntDefaultHandler
 .text._sbrk    0x00003000       0x30 .\CortexM0\ARM_GCC_541\Debug\Cm0Start.o
                0x00003000                _sbrk
 .text.Start_c  0x00003030       0x48 .\CortexM0\ARM_GCC_541\Debug\Cm0Start.o
                0x00003030                Start_c
 .text.initialize_psoc
                0x00003078       0x4c .\CortexM0\ARM_GCC_541\Debug\Cm0Start.o
                0x00003078                initialize_psoc
 .text.CySysClkImoSetPwrBgTrim5
                0x000030c4       0x30 .\CortexM0\ARM_GCC_541\Debug\IMU Board Firmware.a(CyLib.o)
 .text.CySysClkImoSetImoTrims
                0x000030f4       0xb0 .\CortexM0\ARM_GCC_541\Debug\IMU Board Firmware.a(CyLib.o)
 .text.CySysClkImoDisableWcoLock
                0x000031a4       0x54 .\CortexM0\ARM_GCC_541\Debug\IMU Board Firmware.a(CyLib.o)
                0x000031a4                CySysClkImoDisableWcoLock
 .text.CySysClkImoGetWcoLock
                0x000031f8       0x14 .\CortexM0\ARM_GCC_541\Debug\IMU Board Firmware.a(CyLib.o)
                0x000031f8                CySysClkImoGetWcoLock
 .text.CySysClkImoEnableUsbLock
                0x0000320c       0x44 .\CortexM0\ARM_GCC_541\Debug\IMU Board Firmware.a(CyLib.o)
                0x0000320c                CySysClkImoEnableUsbLock
 .text.CySysClkImoDisableUsbLock
                0x00003250       0x74 .\CortexM0\ARM_GCC_541\Debug\IMU Board Firmware.a(CyLib.o)
                0x00003250                CySysClkImoDisableUsbLock
 .text.CySysClkImoGetUsbLock
                0x000032c4       0x14 .\CortexM0\ARM_GCC_541\Debug\IMU Board Firmware.a(CyLib.o)
                0x000032c4                CySysClkImoGetUsbLock
 .text.CyIntEnable
                0x000032d8       0x14 .\CortexM0\ARM_GCC_541\Debug\IMU Board Firmware.a(CyLib.o)
                0x000032d8                CyIntEnable
 .text.CyIntDisable
                0x000032ec       0x14 .\CortexM0\ARM_GCC_541\Debug\IMU Board Firmware.a(CyLib.o)
                0x000032ec                CyIntDisable
 .text.CyHalt   0x00003300        0x4 .\CortexM0\ARM_GCC_541\Debug\IMU Board Firmware.a(CyLib.o)
                0x00003300                CyHalt
 .text.CyIntSetVector
                0x00003304       0x24 .\CortexM0\ARM_GCC_541\Debug\IMU Board Firmware.a(CyLib.o)
                0x00003304                CyIntSetVector
 .text.CyIntSetPriority
                0x00003328       0x4c .\CortexM0\ARM_GCC_541\Debug\IMU Board Firmware.a(CyLib.o)
                0x00003328                CyIntSetPriority
 .text.CyDelay  0x00003374       0x30 .\CortexM0\ARM_GCC_541\Debug\IMU Board Firmware.a(CyLib.o)
                0x00003374                CyDelay
 .text.CySysClkImoEnableWcoLock
                0x000033a4      0x104 .\CortexM0\ARM_GCC_541\Debug\IMU Board Firmware.a(CyLib.o)
                0x000033a4                CySysClkImoEnableWcoLock
 .text.CyDelayUs
                0x000034a8       0x14 .\CortexM0\ARM_GCC_541\Debug\IMU Board Firmware.a(CyLib.o)
                0x000034a8                CyDelayUs
 .text.CySysClkWriteImoFreq
                0x000034bc      0x1bc .\CortexM0\ARM_GCC_541\Debug\IMU Board Firmware.a(CyLib.o)
                0x000034bc                CySysClkWriteImoFreq
 .text.CySysWdtLocked
                0x00003678       0x14 .\CortexM0\ARM_GCC_541\Debug\IMU Board Firmware.a(CyLFClk.o)
 .text.CySysClkWcoStart
                0x0000368c       0x40 .\CortexM0\ARM_GCC_541\Debug\IMU Board Firmware.a(CyLFClk.o)
                0x0000368c                CySysClkWcoStart
 .text.CySysClkWcoEnabled
                0x000036cc       0x14 .\CortexM0\ARM_GCC_541\Debug\IMU Board Firmware.a(CyLFClk.o)
                0x000036cc                CySysClkWcoEnabled
 .text.CySysWdtLock
                0x000036e0       0x1c .\CortexM0\ARM_GCC_541\Debug\IMU Board Firmware.a(CyLFClk.o)
                0x000036e0                CySysWdtLock
 .text.CySysWdtUnlock
                0x000036fc       0x30 .\CortexM0\ARM_GCC_541\Debug\IMU Board Firmware.a(CyLFClk.o)
                0x000036fc                CySysWdtUnlock
 .text.CySysWdtClearInterrupt
                0x0000372c       0x4c .\CortexM0\ARM_GCC_541\Debug\IMU Board Firmware.a(CyLFClk.o)
                0x0000372c                CySysWdtClearInterrupt
 .text.CySysWdtIsr
                0x00003778       0xa4 .\CortexM0\ARM_GCC_541\Debug\IMU Board Firmware.a(CyLFClk.o)
                0x00003778                CySysWdtIsr
 .text.GPS_UART_ScbEnableIntr
                0x0000381c        0xc .\CortexM0\ARM_GCC_541\Debug\IMU Board Firmware.a(GPS_UART.o)
 .text.GPS_UART_ScbModePostEnable
                0x00003828        0x8 .\CortexM0\ARM_GCC_541\Debug\IMU Board Firmware.a(GPS_UART.o)
 .text.GPS_UART_Init
                0x00003830        0x8 .\CortexM0\ARM_GCC_541\Debug\IMU Board Firmware.a(GPS_UART.o)
                0x00003830                GPS_UART_Init
 .text.GPS_UART_Enable
                0x00003838       0x1c .\CortexM0\ARM_GCC_541\Debug\IMU Board Firmware.a(GPS_UART.o)
                0x00003838                GPS_UART_Enable
 .text.GPS_UART_Start
                0x00003854       0x20 .\CortexM0\ARM_GCC_541\Debug\IMU Board Firmware.a(GPS_UART.o)
                0x00003854                GPS_UART_Start
 .text.GPS_UART_SpiUartReadRxData
                0x00003874        0xc .\CortexM0\ARM_GCC_541\Debug\IMU Board Firmware.a(GPS_UART_SPI_UART.o)
                0x00003874                GPS_UART_SpiUartReadRxData
 .text.GPS_UART_SpiUartGetRxBufferSize
                0x00003880       0x10 .\CortexM0\ARM_GCC_541\Debug\IMU Board Firmware.a(GPS_UART_SPI_UART.o)
                0x00003880                GPS_UART_SpiUartGetRxBufferSize
 .text.GPS_UART_SpiUartWriteTxData
                0x00003890       0x1c .\CortexM0\ARM_GCC_541\Debug\IMU Board Firmware.a(GPS_UART_SPI_UART.o)
                0x00003890                GPS_UART_SpiUartWriteTxData
 .text.GPS_UART_UartInit
                0x000038ac       0xc4 .\CortexM0\ARM_GCC_541\Debug\IMU Board Firmware.a(GPS_UART_UART.o)
                0x000038ac                GPS_UART_UartInit
 .text.GPS_UART_UartPostEnable
                0x00003970       0x24 .\CortexM0\ARM_GCC_541\Debug\IMU Board Firmware.a(GPS_UART_UART.o)
                0x00003970                GPS_UART_UartPostEnable
 .text.GPS_UART_UartGetByte
                0x00003994       0x34 .\CortexM0\ARM_GCC_541\Debug\IMU Board Firmware.a(GPS_UART_UART.o)
                0x00003994                GPS_UART_UartGetByte
 .text.GPS_UART_UartPutString
                0x000039c8       0x18 .\CortexM0\ARM_GCC_541\Debug\IMU Board Firmware.a(GPS_UART_UART.o)
                0x000039c8                GPS_UART_UartPutString
 .text.UART_CLOCK_StartEx
                0x000039e0       0x1c .\CortexM0\ARM_GCC_541\Debug\IMU Board Firmware.a(UART_CLOCK.o)
                0x000039e0                UART_CLOCK_StartEx
 .text.UART_CLOCK_SetFractionalDividerRegister
                0x000039fc       0x20 .\CortexM0\ARM_GCC_541\Debug\IMU Board Firmware.a(UART_CLOCK.o)
                0x000039fc                UART_CLOCK_SetFractionalDividerRegister
 .text.CAN_GlobalIntEnable
                0x00003a1c       0x1c .\CortexM0\ARM_GCC_541\Debug\IMU Board Firmware.a(CAN.o)
                0x00003a1c                CAN_GlobalIntEnable
 .text.CAN_Enable
                0x00003a38       0x48 .\CortexM0\ARM_GCC_541\Debug\IMU Board Firmware.a(CAN.o)
                0x00003a38                CAN_Enable
 .text.CAN_SetPreScaler
                0x00003a80       0x38 .\CortexM0\ARM_GCC_541\Debug\IMU Board Firmware.a(CAN.o)
                0x00003a80                CAN_SetPreScaler
 .text.CAN_SetArbiter
                0x00003ab8       0x40 .\CortexM0\ARM_GCC_541\Debug\IMU Board Firmware.a(CAN.o)
                0x00003ab8                CAN_SetArbiter
 .text.CAN_SetTsegSample
                0x00003af8       0xa0 .\CortexM0\ARM_GCC_541\Debug\IMU Board Firmware.a(CAN.o)
                0x00003af8                CAN_SetTsegSample
 .text.CAN_SetRestartType
                0x00003b98       0x38 .\CortexM0\ARM_GCC_541\Debug\IMU Board Firmware.a(CAN.o)
                0x00003b98                CAN_SetRestartType
 .text.CAN_SetEdgeMode
                0x00003bd0       0x38 .\CortexM0\ARM_GCC_541\Debug\IMU Board Firmware.a(CAN.o)
                0x00003bd0                CAN_SetEdgeMode
 .text.CAN_SetIrqMask
                0x00003c08       0x1c .\CortexM0\ARM_GCC_541\Debug\IMU Board Firmware.a(CAN.o)
                0x00003c08                CAN_SetIrqMask
 .text.CAN_RxBufConfig
                0x00003c24       0x98 .\CortexM0\ARM_GCC_541\Debug\IMU Board Firmware.a(CAN.o)
                0x00003c24                CAN_RxBufConfig
 .text.CAN_TxBufConfig
                0x00003cbc       0x58 .\CortexM0\ARM_GCC_541\Debug\IMU Board Firmware.a(CAN.o)
                0x00003cbc                CAN_TxBufConfig
 .text.CAN_RxTxBuffersConfig
                0x00003d14       0x54 .\CortexM0\ARM_GCC_541\Debug\IMU Board Firmware.a(CAN.o)
                0x00003d14                CAN_RxTxBuffersConfig
 .text.CAN_SetSwapDataEndianness
                0x00003d68       0x40 .\CortexM0\ARM_GCC_541\Debug\IMU Board Firmware.a(CAN.o)
                0x00003d68                CAN_SetSwapDataEndianness
 .text.CAN_Init
                0x00003da8       0xe4 .\CortexM0\ARM_GCC_541\Debug\IMU Board Firmware.a(CAN.o)
                0x00003da8                CAN_Init
 .text.CAN_Start
                0x00003e8c       0x28 .\CortexM0\ARM_GCC_541\Debug\IMU Board Firmware.a(CAN.o)
                0x00003e8c                CAN_Start
 .text.CAN_ISR  0x00003eb4        0x4 .\CortexM0\ARM_GCC_541\Debug\IMU Board Firmware.a(CAN_INT.o)
                0x00003eb4                CAN_ISR
 .text.CAN_SendMsg
                0x00003eb8      0x154 .\CortexM0\ARM_GCC_541\Debug\IMU Board Firmware.a(CAN_TX_RX_func.o)
                0x00003eb8                CAN_SendMsg
 .text.DIP1_Read
                0x0000400c       0x10 .\CortexM0\ARM_GCC_541\Debug\IMU Board Firmware.a(DIP1.o)
                0x0000400c                DIP1_Read
 .text.DIP2_Read
                0x0000401c       0x10 .\CortexM0\ARM_GCC_541\Debug\IMU Board Firmware.a(DIP2.o)
                0x0000401c                DIP2_Read
 .text.DIP3_Read
                0x0000402c       0x10 .\CortexM0\ARM_GCC_541\Debug\IMU Board Firmware.a(DIP3.o)
                0x0000402c                DIP3_Read
 .text.DIP4_Read
                0x0000403c       0x10 .\CortexM0\ARM_GCC_541\Debug\IMU Board Firmware.a(DIP4.o)
                0x0000403c                DIP4_Read
 .text.DBG_Write
                0x0000404c       0x18 .\CortexM0\ARM_GCC_541\Debug\IMU Board Firmware.a(DBG.o)
                0x0000404c                DBG_Write
 .text.DBG_Read
                0x00004064       0x10 .\CortexM0\ARM_GCC_541\Debug\IMU Board Firmware.a(DBG.o)
                0x00004064                DBG_Read
 .text.IMU_I2C_ScbEnableIntr
                0x00004074        0xc .\CortexM0\ARM_GCC_541\Debug\IMU Board Firmware.a(IMU_I2C.o)
 .text.IMU_I2C_Init
                0x00004080        0x8 .\CortexM0\ARM_GCC_541\Debug\IMU Board Firmware.a(IMU_I2C.o)
                0x00004080                IMU_I2C_Init
 .text.IMU_I2C_Enable
                0x00004088       0x18 .\CortexM0\ARM_GCC_541\Debug\IMU Board Firmware.a(IMU_I2C.o)
                0x00004088                IMU_I2C_Enable
 .text.IMU_I2C_Start
                0x000040a0       0x20 .\CortexM0\ARM_GCC_541\Debug\IMU Board Firmware.a(IMU_I2C.o)
                0x000040a0                IMU_I2C_Start
 .text.IMU_I2C_I2CInit
                0x000040c0       0xb8 .\CortexM0\ARM_GCC_541\Debug\IMU Board Firmware.a(IMU_I2C_I2C.o)
                0x000040c0                IMU_I2C_I2CInit
 .text.IMU_I2C_I2CFwBlockReset
                0x00004178       0x5c .\CortexM0\ARM_GCC_541\Debug\IMU Board Firmware.a(IMU_I2C_I2C.o)
                0x00004178                IMU_I2C_I2CFwBlockReset
 .text.IMU_I2C_I2CMasterWaitOneUnit
                0x000041d4       0x28 .\CortexM0\ARM_GCC_541\Debug\IMU Board Firmware.a(IMU_I2C_I2C_MASTER.o)
 .text.IMU_I2C_I2CMasterHandleStatus
                0x000041fc       0xc4 .\CortexM0\ARM_GCC_541\Debug\IMU Board Firmware.a(IMU_I2C_I2C_MASTER.o)
 .text.IMU_I2C_I2CMasterSendStart
                0x000042c0       0xc4 .\CortexM0\ARM_GCC_541\Debug\IMU Board Firmware.a(IMU_I2C_I2C_MASTER.o)
                0x000042c0                IMU_I2C_I2CMasterSendStart
 .text.IMU_I2C_I2CMasterSendStop
                0x00004384       0x58 .\CortexM0\ARM_GCC_541\Debug\IMU Board Firmware.a(IMU_I2C_I2C_MASTER.o)
                0x00004384                IMU_I2C_I2CMasterSendStop
 .text.IMU_I2C_I2CMasterWriteByte
                0x000043dc       0x48 .\CortexM0\ARM_GCC_541\Debug\IMU Board Firmware.a(IMU_I2C_I2C_MASTER.o)
                0x000043dc                IMU_I2C_I2CMasterWriteByte
 .text.IMU_I2C_I2CMasterReadByte
                0x00004424       0x7c .\CortexM0\ARM_GCC_541\Debug\IMU Board Firmware.a(IMU_I2C_I2C_MASTER.o)
                0x00004424                IMU_I2C_I2CMasterReadByte
 .text.IMU_I2C_I2CMasterStatus
                0x000044a0       0x30 .\CortexM0\ARM_GCC_541\Debug\IMU Board Firmware.a(IMU_I2C_I2C_MASTER.o)
                0x000044a0                IMU_I2C_I2CMasterStatus
 .text.IMU_I2C_I2CMasterClearStatus
                0x000044d0       0x20 .\CortexM0\ARM_GCC_541\Debug\IMU Board Firmware.a(IMU_I2C_I2C_MASTER.o)
                0x000044d0                IMU_I2C_I2CMasterClearStatus
 .text.IMU_I2C_I2CReStartGeneration
                0x000044f0       0x20 .\CortexM0\ARM_GCC_541\Debug\IMU Board Firmware.a(IMU_I2C_I2C_MASTER.o)
                0x000044f0                IMU_I2C_I2CReStartGeneration
 .text.IMU_I2C_I2CMasterWriteBuf
                0x00004510       0xf8 .\CortexM0\ARM_GCC_541\Debug\IMU Board Firmware.a(IMU_I2C_I2C_MASTER.o)
                0x00004510                IMU_I2C_I2CMasterWriteBuf
 .text.IMU_RST_Write
                0x00004608       0x18 .\CortexM0\ARM_GCC_541\Debug\IMU Board Firmware.a(IMU_RST.o)
                0x00004608                IMU_RST_Write
 .text.IMU_RST_Read
                0x00004620       0x10 .\CortexM0\ARM_GCC_541\Debug\IMU Board Firmware.a(IMU_RST.o)
                0x00004620                IMU_RST_Read
 .text.DBG_UART_ScbModePostEnable
                0x00004630        0x8 .\CortexM0\ARM_GCC_541\Debug\IMU Board Firmware.a(DBG_UART.o)
 .text.DBG_UART_Init
                0x00004638        0x8 .\CortexM0\ARM_GCC_541\Debug\IMU Board Firmware.a(DBG_UART.o)
                0x00004638                DBG_UART_Init
 .text.DBG_UART_Enable
                0x00004640       0x18 .\CortexM0\ARM_GCC_541\Debug\IMU Board Firmware.a(DBG_UART.o)
                0x00004640                DBG_UART_Enable
 .text.DBG_UART_Start
                0x00004658       0x20 .\CortexM0\ARM_GCC_541\Debug\IMU Board Firmware.a(DBG_UART.o)
                0x00004658                DBG_UART_Start
 .text.DBG_UART_UartInit
                0x00004678       0xa8 .\CortexM0\ARM_GCC_541\Debug\IMU Board Firmware.a(DBG_UART_UART.o)
                0x00004678                DBG_UART_UartInit
 .text.DBG_UART_UartPostEnable
                0x00004720       0x24 .\CortexM0\ARM_GCC_541\Debug\IMU Board Firmware.a(DBG_UART_UART.o)
                0x00004720                DBG_UART_UartPostEnable
 .text.DBG_UART_UartPutString
                0x00004744       0x18 .\CortexM0\ARM_GCC_541\Debug\IMU Board Firmware.a(DBG_UART_UART.o)
                0x00004744                DBG_UART_UartPutString
 *fill*         0x0000475c        0x4 
 .text          0x00004760       0x20 .\CortexM0\ARM_GCC_541\Debug\IMU Board Firmware.a(CyBootAsmGnu.o)
                0x00004760                CyDelayCycles
                0x00004772                CyEnterCriticalSection
                0x0000477a                CyExitCriticalSection
 .text.CySysFlashSetWaitCycles
                0x00004780       0x54 .\CortexM0\ARM_GCC_541\Debug\IMU Board Firmware.a(CyFlash.o)
                0x00004780                CySysFlashSetWaitCycles
 .text.GPS_UART_SPI_UART_ISR
                0x000047d4       0x14 .\CortexM0\ARM_GCC_541\Debug\IMU Board Firmware.a(GPS_UART_SPI_UART_INT.o)
                0x000047d4                GPS_UART_SPI_UART_ISR
 .text.IMU_I2C_I2C_ISR
                0x000047e8      0x340 .\CortexM0\ARM_GCC_541\Debug\IMU Board Firmware.a(IMU_I2C_I2C_INT.o)
                0x000047e8                IMU_I2C_I2C_ISR
 .text.DBG_UART_SpiUartWriteTxData
                0x00004b28       0x1c .\CortexM0\ARM_GCC_541\Debug\IMU Board Firmware.a(DBG_UART_SPI_UART.o)
                0x00004b28                DBG_UART_SpiUartWriteTxData
 .text          0x00004b44      0x114 c:/program files (x86)/cypress/psoc creator/4.4/psoc creator/import/gnu/arm/5.4.1/bin/../lib/gcc/arm-none-eabi/5.4.1/armv6-m\libgcc.a(_udivsi3.o)
                0x00004b44                __aeabi_uidiv
                0x00004b44                __udivsi3
                0x00004c50                __aeabi_uidivmod
 .text          0x00004c58      0x1d4 c:/program files (x86)/cypress/psoc creator/4.4/psoc creator/import/gnu/arm/5.4.1/bin/../lib/gcc/arm-none-eabi/5.4.1/armv6-m\libgcc.a(_divsi3.o)
                0x00004c58                __divsi3
                0x00004c58                __aeabi_idiv
                0x00004e24                __aeabi_idivmod
 .text          0x00004e2c        0x4 c:/program files (x86)/cypress/psoc creator/4.4/psoc creator/import/gnu/arm/5.4.1/bin/../lib/gcc/arm-none-eabi/5.4.1/armv6-m\libgcc.a(_dvmd_tls.o)
                0x00004e2c                __aeabi_idiv0
                0x00004e2c                __aeabi_ldiv0
 .text          0x00004e30       0x30 c:/program files (x86)/cypress/psoc creator/4.4/psoc creator/import/gnu/arm/5.4.1/bin/../lib/gcc/arm-none-eabi/5.4.1/armv6-m\libgcc.a(_fixunssfsi.o)
                0x00004e30                __fixunssfsi
                0x00004e30                __aeabi_f2uiz
 .text          0x00004e60      0x2ec c:/program files (x86)/cypress/psoc creator/4.4/psoc creator/import/gnu/arm/5.4.1/bin/../lib/gcc/arm-none-eabi/5.4.1/armv6-m\libgcc.a(addsf3.o)
                0x00004e60                __aeabi_fadd
 .text          0x0000514c      0x30c c:/program files (x86)/cypress/psoc creator/4.4/psoc creator/import/gnu/arm/5.4.1/bin/../lib/gcc/arm-none-eabi/5.4.1/armv6-m\libgcc.a(subsf3.o)
                0x0000514c                __aeabi_fsub
 .text          0x00005458       0x44 c:/program files (x86)/cypress/psoc creator/4.4/psoc creator/import/gnu/arm/5.4.1/bin/../lib/gcc/arm-none-eabi/5.4.1/armv6-m\libgcc.a(fixsfsi.o)
                0x00005458                __aeabi_f2iz
 .text          0x0000549c      0x658 c:/program files (x86)/cypress/psoc creator/4.4/psoc creator/import/gnu/arm/5.4.1/bin/../lib/gcc/arm-none-eabi/5.4.1/armv6-m\libgcc.a(adddf3.o)
                0x0000549c                __aeabi_dadd
 .text          0x00005af4      0x62c c:/program files (x86)/cypress/psoc creator/4.4/psoc creator/import/gnu/arm/5.4.1/bin/../lib/gcc/arm-none-eabi/5.4.1/armv6-m\libgcc.a(divdf3.o)
                0x00005af4                __aeabi_ddiv
 .text          0x00006120      0x4f4 c:/program files (x86)/cypress/psoc creator/4.4/psoc creator/import/gnu/arm/5.4.1/bin/../lib/gcc/arm-none-eabi/5.4.1/armv6-m\libgcc.a(muldf3.o)
                0x00006120                __aeabi_dmul
 .text          0x00006614      0x6a8 c:/program files (x86)/cypress/psoc creator/4.4/psoc creator/import/gnu/arm/5.4.1/bin/../lib/gcc/arm-none-eabi/5.4.1/armv6-m\libgcc.a(subdf3.o)
                0x00006614                __aeabi_dsub
 .text          0x00006cbc       0x6c c:/program files (x86)/cypress/psoc creator/4.4/psoc creator/import/gnu/arm/5.4.1/bin/../lib/gcc/arm-none-eabi/5.4.1/armv6-m\libgcc.a(fixdfsi.o)
                0x00006cbc                __aeabi_d2iz
 .text          0x00006d28       0x84 c:/program files (x86)/cypress/psoc creator/4.4/psoc creator/import/gnu/arm/5.4.1/bin/../lib/gcc/arm-none-eabi/5.4.1/armv6-m\libgcc.a(floatsidf.o)
                0x00006d28                __aeabi_i2d
 .text          0x00006dac       0xa8 c:/program files (x86)/cypress/psoc creator/4.4/psoc creator/import/gnu/arm/5.4.1/bin/../lib/gcc/arm-none-eabi/5.4.1/armv6-m\libgcc.a(extendsfdf2.o)
                0x00006dac                __aeabi_f2d
 .text          0x00006e54      0x118 c:/program files (x86)/cypress/psoc creator/4.4/psoc creator/import/gnu/arm/5.4.1/bin/../lib/gcc/arm-none-eabi/5.4.1/armv6-m\libgcc.a(truncdfsf2.o)
                0x00006e54                __aeabi_d2f
 .text          0x00006f6c       0x74 c:/program files (x86)/cypress/psoc creator/4.4/psoc creator/import/gnu/arm/5.4.1/bin/../lib/gcc/arm-none-eabi/5.4.1/armv6-m\libgcc.a(_arm_cmpsf2.o)
                0x00006f6c                __aeabi_cfrcmple
                0x00006f74                __aeabi_cfcmpeq
                0x00006f74                __aeabi_cfcmple
                0x00006f84                __aeabi_fcmpeq
                0x00006f90                __aeabi_fcmplt
                0x00006fa4                __aeabi_fcmple
                0x00006fb8                __aeabi_fcmpgt
                0x00006fcc                __aeabi_fcmpge
 .text          0x00006fe0       0x3c c:/program files (x86)/cypress/psoc creator/4.4/psoc creator/import/gnu/arm/5.4.1/bin/../lib/gcc/arm-none-eabi/5.4.1/armv6-m\libgcc.a(_clzsi2.o)
                0x00006fe0                __clzsi2
 .text          0x0000701c       0x50 c:/program files (x86)/cypress/psoc creator/4.4/psoc creator/import/gnu/arm/5.4.1/bin/../lib/gcc/arm-none-eabi/5.4.1/armv6-m\libgcc.a(eqsf2.o)
                0x0000701c                __eqsf2
                0x0000701c                __nesf2
 .text          0x0000706c       0x88 c:/program files (x86)/cypress/psoc creator/4.4/psoc creator/import/gnu/arm/5.4.1/bin/../lib/gcc/arm-none-eabi/5.4.1/armv6-m\libgcc.a(gesf2.o)
                0x0000706c                __gesf2
                0x0000706c                __gtsf2
 .text          0x000070f4       0x88 c:/program files (x86)/cypress/psoc creator/4.4/psoc creator/import/gnu/arm/5.4.1/bin/../lib/gcc/arm-none-eabi/5.4.1/armv6-m\libgcc.a(lesf2.o)
                0x000070f4                __ltsf2
                0x000070f4                __lesf2
 .text.atof     0x0000717c        0xa c:/program files (x86)/cypress/psoc creator/4.4/psoc creator/import/gnu/arm/5.4.1/bin/../lib/gcc/arm-none-eabi/5.4.1/../../../../arm-none-eabi/lib/armv6-m\libg_nano.a(lib_a-atof.o)
                0x0000717c                atof
 .text.atoi     0x00007186        0xc c:/program files (x86)/cypress/psoc creator/4.4/psoc creator/import/gnu/arm/5.4.1/bin/../lib/gcc/arm-none-eabi/5.4.1/../../../../arm-none-eabi/lib/armv6-m\libg_nano.a(lib_a-atoi.o)
                0x00007186                atoi
 *fill*         0x00007192        0x2 
 .text.__errno  0x00007194        0xc c:/program files (x86)/cypress/psoc creator/4.4/psoc creator/import/gnu/arm/5.4.1/bin/../lib/gcc/arm-none-eabi/5.4.1/../../../../arm-none-eabi/lib/armv6-m\libg_nano.a(lib_a-errno.o)
                0x00007194                __errno
 .text.__libc_init_array
                0x000071a0       0x4c c:/program files (x86)/cypress/psoc creator/4.4/psoc creator/import/gnu/arm/5.4.1/bin/../lib/gcc/arm-none-eabi/5.4.1/../../../../arm-none-eabi/lib/armv6-m\libg_nano.a(lib_a-init.o)
                0x000071a0                __libc_init_array
 .text.__itoa   0x000071ec       0x2e c:/program files (x86)/cypress/psoc creator/4.4/psoc creator/import/gnu/arm/5.4.1/bin/../lib/gcc/arm-none-eabi/5.4.1/../../../../arm-none-eabi/lib/armv6-m\libg_nano.a(lib_a-itoa.o)
                0x000071ec                __itoa
 .text.itoa     0x0000721a        0x8 c:/program files (x86)/cypress/psoc creator/4.4/psoc creator/import/gnu/arm/5.4.1/bin/../lib/gcc/arm-none-eabi/5.4.1/../../../../arm-none-eabi/lib/armv6-m\libg_nano.a(lib_a-itoa.o)
                0x0000721a                itoa
 .text.memcpy   0x00007222       0x12 c:/program files (x86)/cypress/psoc creator/4.4/psoc creator/import/gnu/arm/5.4.1/bin/../lib/gcc/arm-none-eabi/5.4.1/../../../../arm-none-eabi/lib/armv6-m\libg_nano.a(lib_a-memcpy-stub.o)
                0x00007222                memcpy
 .text.memset   0x00007234       0x10 c:/program files (x86)/cypress/psoc creator/4.4/psoc creator/import/gnu/arm/5.4.1/bin/../lib/gcc/arm-none-eabi/5.4.1/../../../../arm-none-eabi/lib/armv6-m\libg_nano.a(lib_a-memset.o)
                0x00007234                memset
 .text.strcpy   0x00007244       0x10 c:/program files (x86)/cypress/psoc creator/4.4/psoc creator/import/gnu/arm/5.4.1/bin/../lib/gcc/arm-none-eabi/5.4.1/../../../../arm-none-eabi/lib/armv6-m\libg_nano.a(lib_a-strcpy.o)
                0x00007244                strcpy
 .text          0x00007254        0xe c:/program files (x86)/cypress/psoc creator/4.4/psoc creator/import/gnu/arm/5.4.1/bin/../lib/gcc/arm-none-eabi/5.4.1/../../../../arm-none-eabi/lib/armv6-m\libg_nano.a(lib_a-strlen.o)
                0x00007254                strlen
 .text.strstr   0x00007262       0x36 c:/program files (x86)/cypress/psoc creator/4.4/psoc creator/import/gnu/arm/5.4.1/bin/../lib/gcc/arm-none-eabi/5.4.1/../../../../arm-none-eabi/lib/armv6-m\libg_nano.a(lib_a-strstr.o)
                0x00007262                strstr
 .text.unlikely.sulp
                0x00007298       0x30 c:/program files (x86)/cypress/psoc creator/4.4/psoc creator/import/gnu/arm/5.4.1/bin/../lib/gcc/arm-none-eabi/5.4.1/../../../../arm-none-eabi/lib/armv6-m\libg_nano.a(lib_a-strtod.o)
 .text._strtod_r
                0x000072c8      0xc60 c:/program files (x86)/cypress/psoc creator/4.4/psoc creator/import/gnu/arm/5.4.1/bin/../lib/gcc/arm-none-eabi/5.4.1/../../../../arm-none-eabi/lib/armv6-m\libg_nano.a(lib_a-strtod.o)
                0x000072c8                _strtod_r
 .text.strtod   0x00007f28       0x14 c:/program files (x86)/cypress/psoc creator/4.4/psoc creator/import/gnu/arm/5.4.1/bin/../lib/gcc/arm-none-eabi/5.4.1/../../../../arm-none-eabi/lib/armv6-m\libg_nano.a(lib_a-strtod.o)
                0x00007f28                strtod
 .text.strtok   0x00007f3c       0x64 c:/program files (x86)/cypress/psoc creator/4.4/psoc creator/import/gnu/arm/5.4.1/bin/../lib/gcc/arm-none-eabi/5.4.1/../../../../arm-none-eabi/lib/armv6-m\libg_nano.a(lib_a-strtok.o)
                0x00007f3c                strtok
 .text.__strtok_r
                0x00007fa0       0x5e c:/program files (x86)/cypress/psoc creator/4.4/psoc creator/import/gnu/arm/5.4.1/bin/../lib/gcc/arm-none-eabi/5.4.1/../../../../arm-none-eabi/lib/armv6-m\libg_nano.a(lib_a-strtok_r.o)
                0x00007fa0                __strtok_r
 *fill*         0x00007ffe        0x2 
 .text._strtol_r
                0x00008000      0x124 c:/program files (x86)/cypress/psoc creator/4.4/psoc creator/import/gnu/arm/5.4.1/bin/../lib/gcc/arm-none-eabi/5.4.1/../../../../arm-none-eabi/lib/armv6-m\libg_nano.a(lib_a-strtol.o)
                0x00008000                _strtol_r
 .text.strtol   0x00008124       0x18 c:/program files (x86)/cypress/psoc creator/4.4/psoc creator/import/gnu/arm/5.4.1/bin/../lib/gcc/arm-none-eabi/5.4.1/../../../../arm-none-eabi/lib/armv6-m\libg_nano.a(lib_a-strtol.o)
                0x00008124                strtol
 .text.__utoa   0x0000813c       0x74 c:/program files (x86)/cypress/psoc creator/4.4/psoc creator/import/gnu/arm/5.4.1/bin/../lib/gcc/arm-none-eabi/5.4.1/../../../../arm-none-eabi/lib/armv6-m\libg_nano.a(lib_a-utoa.o)
                0x0000813c                __utoa
 .text.rshift   0x000081b0       0x68 c:/program files (x86)/cypress/psoc creator/4.4/psoc creator/import/gnu/arm/5.4.1/bin/../lib/gcc/arm-none-eabi/5.4.1/../../../../arm-none-eabi/lib/armv6-m\libg_nano.a(lib_a-gdtoa-gethex.o)
 .text.__hexdig_fun
                0x00008218       0x2a c:/program files (x86)/cypress/psoc creator/4.4/psoc creator/import/gnu/arm/5.4.1/bin/../lib/gcc/arm-none-eabi/5.4.1/../../../../arm-none-eabi/lib/armv6-m\libg_nano.a(lib_a-gdtoa-gethex.o)
                0x00008218                __hexdig_fun
 .text.__gethex
                0x00008242      0x454 c:/program files (x86)/cypress/psoc creator/4.4/psoc creator/import/gnu/arm/5.4.1/bin/../lib/gcc/arm-none-eabi/5.4.1/../../../../arm-none-eabi/lib/armv6-m\libg_nano.a(lib_a-gdtoa-gethex.o)
                0x00008242                __gethex
 .text.L_shift  0x00008696       0x24 c:/program files (x86)/cypress/psoc creator/4.4/psoc creator/import/gnu/arm/5.4.1/bin/../lib/gcc/arm-none-eabi/5.4.1/../../../../arm-none-eabi/lib/armv6-m\libg_nano.a(lib_a-gdtoa-hexnan.o)
 .text.__match  0x000086ba       0x28 c:/program files (x86)/cypress/psoc creator/4.4/psoc creator/import/gnu/arm/5.4.1/bin/../lib/gcc/arm-none-eabi/5.4.1/../../../../arm-none-eabi/lib/armv6-m\libg_nano.a(lib_a-gdtoa-hexnan.o)
                0x000086ba                __match
 .text.__hexnan
                0x000086e2      0x12e c:/program files (x86)/cypress/psoc creator/4.4/psoc creator/import/gnu/arm/5.4.1/bin/../lib/gcc/arm-none-eabi/5.4.1/../../../../arm-none-eabi/lib/armv6-m\libg_nano.a(lib_a-gdtoa-hexnan.o)
                0x000086e2                __hexnan
 .text._localeconv_r
                0x00008810        0x8 c:/program files (x86)/cypress/psoc creator/4.4/psoc creator/import/gnu/arm/5.4.1/bin/../lib/gcc/arm-none-eabi/5.4.1/../../../../arm-none-eabi/lib/armv6-m\libg_nano.a(lib_a-locale.o)
                0x00008810                _localeconv_r
 .text.malloc   0x00008818       0x14 c:/program files (x86)/cypress/psoc creator/4.4/psoc creator/import/gnu/arm/5.4.1/bin/../lib/gcc/arm-none-eabi/5.4.1/../../../../arm-none-eabi/lib/armv6-m\libg_nano.a(lib_a-malloc.o)
                0x00008818                malloc
 .text._Balloc  0x0000882c       0x70 c:/program files (x86)/cypress/psoc creator/4.4/psoc creator/import/gnu/arm/5.4.1/bin/../lib/gcc/arm-none-eabi/5.4.1/../../../../arm-none-eabi/lib/armv6-m\libg_nano.a(lib_a-mprec.o)
                0x0000882c                _Balloc
 .text._Bfree   0x0000889c       0x32 c:/program files (x86)/cypress/psoc creator/4.4/psoc creator/import/gnu/arm/5.4.1/bin/../lib/gcc/arm-none-eabi/5.4.1/../../../../arm-none-eabi/lib/armv6-m\libg_nano.a(lib_a-mprec.o)
                0x0000889c                _Bfree
 .text.__multadd
                0x000088ce       0x7a c:/program files (x86)/cypress/psoc creator/4.4/psoc creator/import/gnu/arm/5.4.1/bin/../lib/gcc/arm-none-eabi/5.4.1/../../../../arm-none-eabi/lib/armv6-m\libg_nano.a(lib_a-mprec.o)
                0x000088ce                __multadd
 .text.__s2b    0x00008948       0x7c c:/program files (x86)/cypress/psoc creator/4.4/psoc creator/import/gnu/arm/5.4.1/bin/../lib/gcc/arm-none-eabi/5.4.1/../../../../arm-none-eabi/lib/armv6-m\libg_nano.a(lib_a-mprec.o)
                0x00008948                __s2b
 .text.__hi0bits
                0x000089c4       0x36 c:/program files (x86)/cypress/psoc creator/4.4/psoc creator/import/gnu/arm/5.4.1/bin/../lib/gcc/arm-none-eabi/5.4.1/../../../../arm-none-eabi/lib/armv6-m\libg_nano.a(lib_a-mprec.o)
                0x000089c4                __hi0bits
 .text.__lo0bits
                0x000089fa       0x5e c:/program files (x86)/cypress/psoc creator/4.4/psoc creator/import/gnu/arm/5.4.1/bin/../lib/gcc/arm-none-eabi/5.4.1/../../../../arm-none-eabi/lib/armv6-m\libg_nano.a(lib_a-mprec.o)
                0x000089fa                __lo0bits
 .text.__i2b    0x00008a58       0x12 c:/program files (x86)/cypress/psoc creator/4.4/psoc creator/import/gnu/arm/5.4.1/bin/../lib/gcc/arm-none-eabi/5.4.1/../../../../arm-none-eabi/lib/armv6-m\libg_nano.a(lib_a-mprec.o)
                0x00008a58                __i2b
 .text.__multiply
                0x00008a6a      0x112 c:/program files (x86)/cypress/psoc creator/4.4/psoc creator/import/gnu/arm/5.4.1/bin/../lib/gcc/arm-none-eabi/5.4.1/../../../../arm-none-eabi/lib/armv6-m\libg_nano.a(lib_a-mprec.o)
                0x00008a6a                __multiply
 .text.__pow5mult
                0x00008b7c       0xa8 c:/program files (x86)/cypress/psoc creator/4.4/psoc creator/import/gnu/arm/5.4.1/bin/../lib/gcc/arm-none-eabi/5.4.1/../../../../arm-none-eabi/lib/armv6-m\libg_nano.a(lib_a-mprec.o)
                0x00008b7c                __pow5mult
 .text.__lshift
                0x00008c24       0xa4 c:/program files (x86)/cypress/psoc creator/4.4/psoc creator/import/gnu/arm/5.4.1/bin/../lib/gcc/arm-none-eabi/5.4.1/../../../../arm-none-eabi/lib/armv6-m\libg_nano.a(lib_a-mprec.o)
                0x00008c24                __lshift
 .text.__mcmp   0x00008cc8       0x36 c:/program files (x86)/cypress/psoc creator/4.4/psoc creator/import/gnu/arm/5.4.1/bin/../lib/gcc/arm-none-eabi/5.4.1/../../../../arm-none-eabi/lib/armv6-m\libg_nano.a(lib_a-mprec.o)
                0x00008cc8                __mcmp
 .text.__mdiff  0x00008cfe       0xd6 c:/program files (x86)/cypress/psoc creator/4.4/psoc creator/import/gnu/arm/5.4.1/bin/../lib/gcc/arm-none-eabi/5.4.1/../../../../arm-none-eabi/lib/armv6-m\libg_nano.a(lib_a-mprec.o)
                0x00008cfe                __mdiff
 .text.__ulp    0x00008dd4       0x48 c:/program files (x86)/cypress/psoc creator/4.4/psoc creator/import/gnu/arm/5.4.1/bin/../lib/gcc/arm-none-eabi/5.4.1/../../../../arm-none-eabi/lib/armv6-m\libg_nano.a(lib_a-mprec.o)
                0x00008dd4                __ulp
 .text.__b2d    0x00008e1c       0x98 c:/program files (x86)/cypress/psoc creator/4.4/psoc creator/import/gnu/arm/5.4.1/bin/../lib/gcc/arm-none-eabi/5.4.1/../../../../arm-none-eabi/lib/armv6-m\libg_nano.a(lib_a-mprec.o)
                0x00008e1c                __b2d
 .text.__d2b    0x00008eb4       0xa8 c:/program files (x86)/cypress/psoc creator/4.4/psoc creator/import/gnu/arm/5.4.1/bin/../lib/gcc/arm-none-eabi/5.4.1/../../../../arm-none-eabi/lib/armv6-m\libg_nano.a(lib_a-mprec.o)
                0x00008eb4                __d2b
 .text.__ratio  0x00008f5c       0x50 c:/program files (x86)/cypress/psoc creator/4.4/psoc creator/import/gnu/arm/5.4.1/bin/../lib/gcc/arm-none-eabi/5.4.1/../../../../arm-none-eabi/lib/armv6-m\libg_nano.a(lib_a-mprec.o)
                0x00008f5c                __ratio
 .text.__copybits
                0x00008fac       0x2c c:/program files (x86)/cypress/psoc creator/4.4/psoc creator/import/gnu/arm/5.4.1/bin/../lib/gcc/arm-none-eabi/5.4.1/../../../../arm-none-eabi/lib/armv6-m\libg_nano.a(lib_a-mprec.o)
                0x00008fac                __copybits
 .text.__any_on
                0x00008fd8       0x42 c:/program files (x86)/cypress/psoc creator/4.4/psoc creator/import/gnu/arm/5.4.1/bin/../lib/gcc/arm-none-eabi/5.4.1/../../../../arm-none-eabi/lib/armv6-m\libg_nano.a(lib_a-mprec.o)
                0x00008fd8                __any_on
 .text._calloc_r
                0x0000901a       0x1c c:/program files (x86)/cypress/psoc creator/4.4/psoc creator/import/gnu/arm/5.4.1/bin/../lib/gcc/arm-none-eabi/5.4.1/../../../../arm-none-eabi/lib/armv6-m\libg_nano.a(lib_a-nano-callocr.o)
                0x0000901a                _calloc_r
 *fill*         0x00009036        0x2 
 .text._malloc_r
                0x00009038       0xc0 c:/program files (x86)/cypress/psoc creator/4.4/psoc creator/import/gnu/arm/5.4.1/bin/../lib/gcc/arm-none-eabi/5.4.1/../../../../arm-none-eabi/lib/armv6-m\libg_nano.a(lib_a-nano-mallocr.o)
                0x00009038                _malloc_r
 .text._sbrk_r  0x000090f8       0x24 c:/program files (x86)/cypress/psoc creator/4.4/psoc creator/import/gnu/arm/5.4.1/bin/../lib/gcc/arm-none-eabi/5.4.1/../../../../arm-none-eabi/lib/armv6-m\libg_nano.a(lib_a-sbrkr.o)
                0x000090f8                _sbrk_r
 .text.strncmp  0x0000911c       0x24 c:/program files (x86)/cypress/psoc creator/4.4/psoc creator/import/gnu/arm/5.4.1/bin/../lib/gcc/arm-none-eabi/5.4.1/../../../../arm-none-eabi/lib/armv6-m\libg_nano.a(lib_a-strncmp.o)
                0x0000911c                strncmp
 .text.__malloc_lock
                0x00009140        0x2 c:/program files (x86)/cypress/psoc creator/4.4/psoc creator/import/gnu/arm/5.4.1/bin/../lib/gcc/arm-none-eabi/5.4.1/../../../../arm-none-eabi/lib/armv6-m\libg_nano.a(lib_a-mlock.o)
                0x00009140                __malloc_lock
 .text.__malloc_unlock
                0x00009142        0x2 c:/program files (x86)/cypress/psoc creator/4.4/psoc creator/import/gnu/arm/5.4.1/bin/../lib/gcc/arm-none-eabi/5.4.1/../../../../arm-none-eabi/lib/armv6-m\libg_nano.a(lib_a-mlock.o)
                0x00009142                __malloc_unlock
 .text          0x00009144       0x14 c:/program files (x86)/cypress/psoc creator/4.4/psoc creator/import/gnu/arm/5.4.1/bin/../lib/gcc/arm-none-eabi/5.4.1/armv6-m\libgcc.a(_thumb1_case_uqi.o)
                0x00009144                __gnu_thumb1_case_uqi
 .text          0x00009158       0x7c c:/program files (x86)/cypress/psoc creator/4.4/psoc creator/import/gnu/arm/5.4.1/bin/../lib/gcc/arm-none-eabi/5.4.1/armv6-m\libgcc.a(_arm_cmpdf2.o)
                0x00009158                __aeabi_cdrcmple
                0x00009168                __aeabi_cdcmple
                0x00009168                __aeabi_cdcmpeq
                0x00009178                __aeabi_dcmpeq
                0x00009184                __aeabi_dcmplt
                0x00009198                __aeabi_dcmple
                0x000091ac                __aeabi_dcmpgt
                0x000091c0                __aeabi_dcmpge
 .text          0x000091d4       0x3c c:/program files (x86)/cypress/psoc creator/4.4/psoc creator/import/gnu/arm/5.4.1/bin/../lib/gcc/arm-none-eabi/5.4.1/armv6-m\libgcc.a(_fixunsdfsi.o)
                0x000091d4                __aeabi_d2uiz
                0x000091d4                __fixunsdfsi
 .text          0x00009210       0x80 c:/program files (x86)/cypress/psoc creator/4.4/psoc creator/import/gnu/arm/5.4.1/bin/../lib/gcc/arm-none-eabi/5.4.1/armv6-m\libgcc.a(eqdf2.o)
                0x00009210                __nedf2
                0x00009210                __eqdf2
 .text          0x00009290       0xc8 c:/program files (x86)/cypress/psoc creator/4.4/psoc creator/import/gnu/arm/5.4.1/bin/../lib/gcc/arm-none-eabi/5.4.1/armv6-m\libgcc.a(gedf2.o)
                0x00009290                __gedf2
                0x00009290                __gtdf2
 .text          0x00009358       0xd4 c:/program files (x86)/cypress/psoc creator/4.4/psoc creator/import/gnu/arm/5.4.1/bin/../lib/gcc/arm-none-eabi/5.4.1/armv6-m\libgcc.a(ledf2.o)
                0x00009358                __ledf2
                0x00009358                __ltdf2
 .text          0x0000942c       0x70 c:/program files (x86)/cypress/psoc creator/4.4/psoc creator/import/gnu/arm/5.4.1/bin/../lib/gcc/arm-none-eabi/5.4.1/armv6-m\libgcc.a(floatunsidf.o)
                0x0000942c                __aeabi_ui2d
 *(.plt)
 *(.gnu.warning)
 *(.glue_7t)
 .glue_7t       0x0000949c        0x0 linker stubs
 *(.glue_7)
 .glue_7        0x0000949c        0x0 linker stubs
 *(.vfp11_veneer)
 .vfp11_veneer  0x0000949c        0x0 linker stubs
 *(.bootloader)
 *(.ARM.extab* .gnu.linkonce.armextab.*)
 *(.gcc_except_table)

.v4_bx          0x0000949c        0x0
 .v4_bx         0x0000949c        0x0 linker stubs

.iplt           0x0000949c        0x0
 .iplt          0x0000949c        0x0 c:/program files (x86)/cypress/psoc creator/4.4/psoc creator/import/gnu/arm/5.4.1/bin/../lib/gcc/arm-none-eabi/5.4.1/armv6-m/crtbegin.o

.eh_frame_hdr
 *(.eh_frame_hdr)

.eh_frame       0x0000949c        0x4
 *(.eh_frame)
 .eh_frame      0x0000949c        0x0 c:/program files (x86)/cypress/psoc creator/4.4/psoc creator/import/gnu/arm/5.4.1/bin/../lib/gcc/arm-none-eabi/5.4.1/armv6-m/crtbegin.o
 .eh_frame      0x0000949c        0x4 c:/program files (x86)/cypress/psoc creator/4.4/psoc creator/import/gnu/arm/5.4.1/bin/../lib/gcc/arm-none-eabi/5.4.1/armv6-m/crtend.o
                [!provide]                PROVIDE (__exidx_start, .)

.ARM.exidx
 *(.ARM.exidx* .gnu.linkonce.armexidx.*)
                0x000094a0                __exidx_end = .

.rodata         0x000094a0      0x740
 *(.rodata .rodata.* .gnu.linkonce.r.*)
 .rodata        0x000094a0       0x48 .\CortexM0\ARM_GCC_541\Debug\main.o
 .rodata.str1.4
                0x000094e8      0x17f .\CortexM0\ARM_GCC_541\Debug\main.o
 *fill*         0x00009667        0x1 
 .rodata.str1.4
                0x00009668       0x90 .\CortexM0\ARM_GCC_541\Debug\GPS.o
                                 0x8e (size before relaxing)
 .rodata        0x000096f8        0xc .\CortexM0\ARM_GCC_541\Debug\cyfitter_cfg.o
 .rodata        0x00009704       0x2e .\CortexM0\ARM_GCC_541\Debug\IMU Board Firmware.a(CyLib.o)
                0x00009704                cyImoFreqMhz2Reg
 *fill*         0x00009732        0x2 
 .rodata        0x00009734      0x160 .\CortexM0\ARM_GCC_541\Debug\IMU Board Firmware.a(CAN.o)
 .rodata        0x00009894       0x40 c:/program files (x86)/cypress/psoc creator/4.4/psoc creator/import/gnu/arm/5.4.1/bin/../lib/gcc/arm-none-eabi/5.4.1/armv6-m\libgcc.a(divdf3.o)
 .rodata        0x000098d4       0x40 c:/program files (x86)/cypress/psoc creator/4.4/psoc creator/import/gnu/arm/5.4.1/bin/../lib/gcc/arm-none-eabi/5.4.1/armv6-m\libgcc.a(muldf3.o)
 .rodata.str1.1
                0x00009914        0x2 c:/program files (x86)/cypress/psoc creator/4.4/psoc creator/import/gnu/arm/5.4.1/bin/../lib/gcc/arm-none-eabi/5.4.1/../../../../arm-none-eabi/lib/armv6-m\libg_nano.a(lib_a-impure.o)
 *fill*         0x00009916        0x2 
 .rodata.fpinan.5401
                0x00009918       0x14 c:/program files (x86)/cypress/psoc creator/4.4/psoc creator/import/gnu/arm/5.4.1/bin/../lib/gcc/arm-none-eabi/5.4.1/../../../../arm-none-eabi/lib/armv6-m\libg_nano.a(lib_a-strtod.o)
 .rodata.str1.1
                0x0000992c        0xc c:/program files (x86)/cypress/psoc creator/4.4/psoc creator/import/gnu/arm/5.4.1/bin/../lib/gcc/arm-none-eabi/5.4.1/../../../../arm-none-eabi/lib/armv6-m\libg_nano.a(lib_a-strtod.o)
 .rodata.fpi.5365
                0x00009938       0x14 c:/program files (x86)/cypress/psoc creator/4.4/psoc creator/import/gnu/arm/5.4.1/bin/../lib/gcc/arm-none-eabi/5.4.1/../../../../arm-none-eabi/lib/armv6-m\libg_nano.a(lib_a-strtod.o)
 *fill*         0x0000994c        0x4 
 .rodata.tinytens
                0x00009950       0x28 c:/program files (x86)/cypress/psoc creator/4.4/psoc creator/import/gnu/arm/5.4.1/bin/../lib/gcc/arm-none-eabi/5.4.1/../../../../arm-none-eabi/lib/armv6-m\libg_nano.a(lib_a-strtod.o)
 .rodata.str1.1
                0x00009978       0x25 c:/program files (x86)/cypress/psoc creator/4.4/psoc creator/import/gnu/arm/5.4.1/bin/../lib/gcc/arm-none-eabi/5.4.1/../../../../arm-none-eabi/lib/armv6-m\libg_nano.a(lib_a-utoa.o)
 .rodata._ctype_
                0x0000999d      0x101 c:/program files (x86)/cypress/psoc creator/4.4/psoc creator/import/gnu/arm/5.4.1/bin/../lib/gcc/arm-none-eabi/5.4.1/../../../../arm-none-eabi/lib/armv6-m\libg_nano.a(lib_a-ctype_.o)
                0x0000999d                _ctype_
 .rodata.str1.1
                0x00009a9e        0x8 c:/program files (x86)/cypress/psoc creator/4.4/psoc creator/import/gnu/arm/5.4.1/bin/../lib/gcc/arm-none-eabi/5.4.1/../../../../arm-none-eabi/lib/armv6-m\libg_nano.a(lib_a-locale.o)
                                  0xb (size before relaxing)
 *fill*         0x00009aa6        0x2 
 .rodata.__mprec_tens
                0x00009aa8       0xc8 c:/program files (x86)/cypress/psoc creator/4.4/psoc creator/import/gnu/arm/5.4.1/bin/../lib/gcc/arm-none-eabi/5.4.1/../../../../arm-none-eabi/lib/armv6-m\libg_nano.a(lib_a-mprec.o)
                0x00009aa8                __mprec_tens
 .rodata.p05.5408
                0x00009b70        0xc c:/program files (x86)/cypress/psoc creator/4.4/psoc creator/import/gnu/arm/5.4.1/bin/../lib/gcc/arm-none-eabi/5.4.1/../../../../arm-none-eabi/lib/armv6-m\libg_nano.a(lib_a-mprec.o)
 *fill*         0x00009b7c        0x4 
 .rodata.__mprec_bigtens
                0x00009b80       0x28 c:/program files (x86)/cypress/psoc creator/4.4/psoc creator/import/gnu/arm/5.4.1/bin/../lib/gcc/arm-none-eabi/5.4.1/../../../../arm-none-eabi/lib/armv6-m\libg_nano.a(lib_a-mprec.o)
                0x00009b80                __mprec_bigtens
                0x00009ba8                . = ALIGN (0x4)
 *(.init)
 .init          0x00009ba8        0x4 c:/program files (x86)/cypress/psoc creator/4.4/psoc creator/import/gnu/arm/5.4.1/bin/../lib/gcc/arm-none-eabi/5.4.1/armv6-m/crti.o
                0x00009ba8                _init
 .init          0x00009bac        0x8 c:/program files (x86)/cypress/psoc creator/4.4/psoc creator/import/gnu/arm/5.4.1/bin/../lib/gcc/arm-none-eabi/5.4.1/armv6-m/crtn.o
                0x00009bb4                . = ALIGN (0x4)
                0x00009bb4                __preinit_array_start = .
 *(.preinit_array)
                0x00009bb4                __preinit_array_end = .
                0x00009bb4                . = ALIGN (0x4)
                0x00009bb4                __init_array_start = .
 *(SORT(.init_array.*))
 *(.init_array)
 .init_array    0x00009bb4        0x4 c:/program files (x86)/cypress/psoc creator/4.4/psoc creator/import/gnu/arm/5.4.1/bin/../lib/gcc/arm-none-eabi/5.4.1/armv6-m/crtbegin.o
 .init_array    0x00009bb8        0x4 .\CortexM0\ARM_GCC_541\Debug\Cm0Start.o
                0x00009bbc                __init_array_end = .
                0x00009bbc                . = ALIGN (0x4)
 *(.fini)
 .fini          0x00009bbc        0x4 c:/program files (x86)/cypress/psoc creator/4.4/psoc creator/import/gnu/arm/5.4.1/bin/../lib/gcc/arm-none-eabi/5.4.1/armv6-m/crti.o
                0x00009bbc                _fini
 .fini          0x00009bc0        0x8 c:/program files (x86)/cypress/psoc creator/4.4/psoc creator/import/gnu/arm/5.4.1/bin/../lib/gcc/arm-none-eabi/5.4.1/armv6-m/crtn.o
                0x00009bc8                . = ALIGN (0x4)
                0x00009bc8                __fini_array_start = .
 *(.fini_array)
 .fini_array    0x00009bc8        0x4 c:/program files (x86)/cypress/psoc creator/4.4/psoc creator/import/gnu/arm/5.4.1/bin/../lib/gcc/arm-none-eabi/5.4.1/armv6-m/crtbegin.o
 *(SORT(.fini_array.*))
                0x00009bcc                __fini_array_end = .
                0x00009bcc                . = ALIGN (0x4)
 *crtbegin.o(.ctors)
 *(EXCLUDE_FILE(*crtend.o) .ctors)
 *(SORT(.ctors.*))
 *crtend.o(.ctors)
                0x00009bcc                . = ALIGN (0x4)
 *crtbegin.o(.dtors)
 *(EXCLUDE_FILE(*crtend.o) .dtors)
 *(SORT(.dtors.*))
 *crtend.o(.dtors)
                0x00009bcc                . = ALIGN (0x4)
                0x00009bcc                __cy_regions = .
                0x00009bcc        0x4 LONG 0x9be0 __cy_region_init_ram
                0x00009bd0        0x4 LONG 0x200000c0 __cy_region_start_data
                0x00009bd4        0x4 LONG 0xc8 __cy_region_init_size_ram
                0x00009bd8        0x4 LONG 0x3c8 __cy_region_zero_size_ram
                0x00009bdc                __cy_regions_end = .
                0x00009be0                . = ALIGN (0x8)
 *fill*         0x00009bdc        0x4 
                0x00009be0                _etext = .

.cy_checksum_exclude
                0x00009be0        0x0
 *(.cy_checksum_exclude)

.ramvectors     0x20000000       0xc0
                0x20000000                __cy_region_start_ram = .
 *(.ramvectors)
 .ramvectors    0x20000000       0xc0 .\CortexM0\ARM_GCC_541\Debug\Cm0Start.o
                0x20000000                CyRamVectors

.noinit
 *(.noinit)

.data           0x200000c0       0xc8 load address 0x00009be0
                0x200000c0                __cy_region_start_data = .
 *(.jcr)
 .jcr           0x200000c0        0x0 c:/program files (x86)/cypress/psoc creator/4.4/psoc creator/import/gnu/arm/5.4.1/bin/../lib/gcc/arm-none-eabi/5.4.1/armv6-m/crtbegin.o
 .jcr           0x200000c0        0x4 c:/program files (x86)/cypress/psoc creator/4.4/psoc creator/import/gnu/arm/5.4.1/bin/../lib/gcc/arm-none-eabi/5.4.1/armv6-m/crtend.o
 *(.got.plt)
 *(.got)
 *(.shdata)
 *(.data .data.* .gnu.linkonce.d.*)
 .data          0x200000c4        0x4 .\CortexM0\ARM_GCC_541\Debug\Cm0Start.o
 .data          0x200000c8       0x14 .\CortexM0\ARM_GCC_541\Debug\IMU Board Firmware.a(CyLib.o)
                0x200000c8                CySysClkPumpConfig
                0x200000cc                cydelay32kMs
                0x200000d0                cydelayFreqKhz
                0x200000d4                cydelayFreqMhz
                0x200000d8                cydelayFreqHz
 .data          0x200000dc        0x8 .\CortexM0\ARM_GCC_541\Debug\IMU Board Firmware.a(CyLFClk.o)
 .data.impure_data
                0x200000e4       0x60 c:/program files (x86)/cypress/psoc creator/4.4/psoc creator/import/gnu/arm/5.4.1/bin/../lib/gcc/arm-none-eabi/5.4.1/../../../../arm-none-eabi/lib/armv6-m\libg_nano.a(lib_a-impure.o)
 .data._impure_ptr
                0x20000144        0x4 c:/program files (x86)/cypress/psoc creator/4.4/psoc creator/import/gnu/arm/5.4.1/bin/../lib/gcc/arm-none-eabi/5.4.1/../../../../arm-none-eabi/lib/armv6-m\libg_nano.a(lib_a-impure.o)
                0x20000144                _impure_ptr
 .data.__ctype_ptr__
                0x20000148        0x4 c:/program files (x86)/cypress/psoc creator/4.4/psoc creator/import/gnu/arm/5.4.1/bin/../lib/gcc/arm-none-eabi/5.4.1/../../../../arm-none-eabi/lib/armv6-m\libg_nano.a(lib_a-ctype_.o)
                0x20000148                __ctype_ptr__
 .data.lconv    0x2000014c       0x38 c:/program files (x86)/cypress/psoc creator/4.4/psoc creator/import/gnu/arm/5.4.1/bin/../lib/gcc/arm-none-eabi/5.4.1/../../../../arm-none-eabi/lib/armv6-m\libg_nano.a(lib_a-locale.o)
                0x20000188                . = ALIGN (0x8)
 *fill*         0x20000184        0x4 
 *(.ram)
                0x20000188                _edata = .

.igot.plt       0x20000188        0x0 load address 0x00009ca8
 .igot.plt      0x20000188        0x0 c:/program files (x86)/cypress/psoc creator/4.4/psoc creator/import/gnu/arm/5.4.1/bin/../lib/gcc/arm-none-eabi/5.4.1/armv6-m/crtbegin.o

.bss            0x20000188      0x3c8 load address 0x00009ca8
                0x20000188                PROVIDE (__bss_start__, .)
 *(.shbss)
 *(.bss .bss.* .gnu.linkonce.b.*)
 .bss           0x20000188       0x1c c:/program files (x86)/cypress/psoc creator/4.4/psoc creator/import/gnu/arm/5.4.1/bin/../lib/gcc/arm-none-eabi/5.4.1/armv6-m/crtbegin.o
 .bss           0x200001a4        0x4 .\CortexM0\ARM_GCC_541\Debug\main.o
                0x200001a4                state
 .bss           0x200001a8        0x4 .\CortexM0\ARM_GCC_541\Debug\PortIMUBoard.o
                0x200001a8                latestMessageFull
                0x200001a9                latestMessageHead
                0x200001aa                latestMessageTail
                0x200001ab                messageReadFlag
 .bss           0x200001ac        0x4 .\CortexM0\ARM_GCC_541\Debug\IMU.o
 .bss           0x200001b0       0x20 .\CortexM0\ARM_GCC_541\Debug\IMU Board Firmware.a(CyLib.o)
                0x200001b0                CySysClkImoTrim4
                0x200001b4                CySysClkImoTrim5
                0x200001cc                CySysTickInitVar
 .bss           0x200001d0       0x28 .\CortexM0\ARM_GCC_541\Debug\IMU Board Firmware.a(CyLFClk.o)
 .bss           0x200001f8        0xa .\CortexM0\ARM_GCC_541\Debug\IMU Board Firmware.a(GPS_UART.o)
                0x200001f8                GPS_UART_initVar
                0x200001fc                GPS_UART_customIntrHandler
                0x20000200                GPS_UART_IntrTxMask
 .bss           0x20000202        0x1 .\CortexM0\ARM_GCC_541\Debug\IMU Board Firmware.a(CAN.o)
                0x20000202                CAN_initVar
 *fill*         0x20000203        0x1 
 .bss           0x20000204        0x8 .\CortexM0\ARM_GCC_541\Debug\IMU Board Firmware.a(IMU_I2C.o)
                0x20000204                IMU_I2C_initVar
                0x20000208                IMU_I2C_customIntrHandler
 .bss           0x2000020c        0x4 .\CortexM0\ARM_GCC_541\Debug\IMU Board Firmware.a(DBG_UART.o)
                0x2000020c                DBG_UART_initVar
                0x2000020e                DBG_UART_IntrTxMask
 .bss.__malloc_sbrk_start
                0x20000210        0x4 c:/program files (x86)/cypress/psoc creator/4.4/psoc creator/import/gnu/arm/5.4.1/bin/../lib/gcc/arm-none-eabi/5.4.1/../../../../arm-none-eabi/lib/armv6-m\libg_nano.a(lib_a-nano-mallocr.o)
                0x20000210                __malloc_sbrk_start
 .bss.__malloc_free_list
                0x20000214        0x4 c:/program files (x86)/cypress/psoc creator/4.4/psoc creator/import/gnu/arm/5.4.1/bin/../lib/gcc/arm-none-eabi/5.4.1/../../../../arm-none-eabi/lib/armv6-m\libg_nano.a(lib_a-nano-mallocr.o)
                0x20000214                __malloc_free_list
 *(COMMON)
 COMMON         0x20000218      0x230 .\CortexM0\ARM_GCC_541\Debug\main.o
                0x20000218                euler_data_p
                0x20000220                d_gyro_xyz
                0x20000238                accel_datay
                0x2000023c                quaternion_wxyz
                0x20000244                mag_xyz
                0x2000024a                mag_datax
                0x2000024c                gravity_xyz
                0x20000252                gyro_dataz
                0x20000254                quaternion_data_w
                0x20000256                linear_accel_data_x
                0x20000258                gyro_xyz
                0x2000025e                euler_data_h
                0x20000260                gyro_datax
                0x20000268                d_mag_dataz
                0x20000270                bno055
                0x20000288                d_mag_xyz
                0x200002a0                power_mode
                0x200002a8                d_gravity_data_y
                0x200002b0                d_gravity_data_z
                0x200002b8                gravity_data_z
                0x200002bc                send
                0x200002c8                d_mag_datax
                0x200002d0                debugOutput
                0x200002f0                quaternion_data_z
                0x200002f2                mag_datay
                0x200002f4                gyro_datay
                0x200002f8                d_euler_data_r
                0x20000300                accel_xyz
                0x20000308                d_linear_accel_xyz
                0x20000320                accel_datax
                0x20000322                linear_accel_data_z
                0x20000328                d_euler_data_h
                0x20000330                d_gyro_datay
                0x20000338                gpsData
                0x20000348                d_accel_datay
                0x20000350                quaternion_data_y
                0x20000358                d_accel_xyz
                0x20000370                d_gyro_datax
                0x20000378                linear_acce_xyz
                0x2000037e                linear_accel_data_y
                0x20000380                d_linear_accel_datay
                0x20000388                gpsRawData
                0x200003b0                d_gravity_data_x
                0x200003b8                d_gravity_xyz
                0x200003d0                d_mag_datay
                0x200003d8                d_accel_datax
                0x200003e0                d_linear_accel_dataz
                0x200003e8                euler_data_r
                0x200003ec                comres
                0x200003f0                receive
                0x200003fc                quaternion_data_x
                0x200003fe                mag_dataz
                0x20000400                d_euler_data_p
                0x20000408                d_accel_dataz
                0x20000410                d_gyro_dataz
                0x20000418                euler_hrp
                0x20000420                d_euler_hpr
                0x20000438                gravity_data_x
                0x2000043a                gravity_data_y
                0x2000043c                accel_dataz
                0x20000440                d_linear_accel_datax
 COMMON         0x20000448       0xd8 .\CortexM0\ARM_GCC_541\Debug\PortIMUBoard.o
                0x20000448                deviceGroup
                0x2000044c                rxMailbox
                0x2000045c                deviceAddress
                0x20000460                latestMessage
 COMMON         0x20000520        0x1 .\CortexM0\ARM_GCC_541\Debug\IMU Board Firmware.a(IMU_I2C_I2C.o)
                0x20000520                IMU_I2C_state
 *fill*         0x20000521        0x3 
 COMMON         0x20000524       0x24 .\CortexM0\ARM_GCC_541\Debug\IMU Board Firmware.a(IMU_I2C_I2C_MASTER.o)
                0x20000524                IMU_I2C_mstrControl
                0x20000528                IMU_I2C_mstrRdBufPtr
                0x2000052c                IMU_I2C_mstrStatus
                0x20000530                IMU_I2C_mstrRdBufIndex
                0x20000534                IMU_I2C_mstrWrBufIndexTmp
                0x20000538                IMU_I2C_mstrRdBufSize
                0x2000053c                IMU_I2C_mstrWrBufSize
                0x20000540                IMU_I2C_mstrWrBufPtr
                0x20000544                IMU_I2C_mstrWrBufIndex
 COMMON         0x20000548        0x4 c:/program files (x86)/cypress/psoc creator/4.4/psoc creator/import/gnu/arm/5.4.1/bin/../lib/gcc/arm-none-eabi/5.4.1/../../../../arm-none-eabi/lib/armv6-m\libg_nano.a(lib_a-reent.o)
                0x20000548                errno
                0x20000550                . = ALIGN (0x8)
 *fill*         0x2000054c        0x4 
 *(.ram.b)
                0x20000550                _end = .
                0x20000550                __end = .
                0x20000550                PROVIDE (end, .)
                0x20000550                PROVIDE (__bss_end__, .)
                0x00009be0                __cy_region_init_ram = LOADADDR (.data)
                0x000000c8                __cy_region_init_size_ram = (_edata - ADDR (.data))
                0x000003c8                __cy_region_zero_size_ram = (_end - _edata)

.heap           0x20000550       0x80 load address 0x00009ca8
                0x20000550                . = _end
                0x200005d0                . = (. + 0x80)
 *fill*         0x20000550       0x80 
                0x200005d0                __cy_heap_limit = .

.stack          0x20007800      0x800
                0x20007800                __cy_stack_limit = .
                0x20008000                . = (. + 0x800)
 *fill*         0x20007800      0x800 
                0x00000001                ASSERT ((__cy_stack_limit >= __cy_heap_limit), region RAM overflowed with stack)
                0x00000000                cy_checksum_exclude_size = (CY_APPL_LOADABLE == 0x1)?SIZEOF (.cy_checksum_exclude):0x0
                0x00000001                ASSERT ((cy_checksum_exclude_size <= CY_CHECKSUM_EXCLUDE_SIZE), CY_BOOT: Section .cy_checksum_exclude size exceedes specified limit.)
                0x0003ffc0                cyloadermeta_start = (cy_project_type_bootloader || cy_project_type_app_for_stack_and_copier)?(LENGTH (rom) - CY_METADATA_SIZE):0xf0000000

.cyloadermeta
 *(.cyloadermeta)
                0x0003ffc0                cyloadablemeta_start = cy_project_type_app_for_stack_and_copier?((LENGTH (rom) - CY_FLASH_ROW_SIZE) - CY_METADATA_SIZE):((LENGTH (rom) - (CY_FLASH_ROW_SIZE * (CY_APPL_NUM - 0x1))) - CY_METADATA_SIZE)

.cyloadablemeta
 *(.cyloadablemeta)

.cyflashprotect
                0x90400000       0x80
 *(.cyflashprotect)
 .cyflashprotect
                0x90400000       0x80 .\CortexM0\ARM_GCC_541\Debug\cymetadata.o
                0x90400000                cy_meta_flashprotect

.cymeta         0x90500000        0xc
 *(.cymeta)
 .cymeta        0x90500000        0xc .\CortexM0\ARM_GCC_541\Debug\cymetadata.o
                0x90500000                cy_metadata

.cychipprotect  0x90600000        0x1
 *(.cychipprotect)
 .cychipprotect
                0x90600000        0x1 .\CortexM0\ARM_GCC_541\Debug\cymetadata.o
                0x90600000                cy_meta_chipprotect

.rel.dyn        0x00009ca8        0x0 load address 0x90600004
 .rel.iplt      0x00009ca8        0x0 c:/program files (x86)/cypress/psoc creator/4.4/psoc creator/import/gnu/arm/5.4.1/bin/../lib/gcc/arm-none-eabi/5.4.1/armv6-m/crtbegin.o

.stab
 *(.stab)

.stabstr
 *(.stabstr)

.debug
 *(.debug)

.line
 *(.line)

.debug_srcinfo
 *(.debug_srcinfo)

.debug_sfnames
 *(.debug_sfnames)

.debug_aranges  0x00000000     0x1820
 *(.debug_aranges)
 .debug_aranges
                0x00000000       0xc0 .\CortexM0\ARM_GCC_541\Debug\CANCommon.o
 .debug_aranges
                0x000000c0       0x88 .\CortexM0\ARM_GCC_541\Debug\CANGPIO.o
 .debug_aranges
                0x00000148       0x18 .\CortexM0\ARM_GCC_541\Debug\CANLocalization.o
 .debug_aranges
                0x00000160       0xa8 .\CortexM0\ARM_GCC_541\Debug\CANPacket.o
 .debug_aranges
                0x00000208       0x30 .\CortexM0\ARM_GCC_541\Debug\main.o
 .debug_aranges
                0x00000238       0x68 .\CortexM0\ARM_GCC_541\Debug\GPS.o
 .debug_aranges
                0x000002a0       0x68 .\CortexM0\ARM_GCC_541\Debug\PortIMUBoard.o
 .debug_aranges
                0x00000308      0x8b0 .\CortexM0\ARM_GCC_541\Debug\IMU.o
 .debug_aranges
                0x00000bb8       0x48 .\CortexM0\ARM_GCC_541\Debug\IMUDriver.o
 .debug_aranges
                0x00000c00       0x38 .\CortexM0\ARM_GCC_541\Debug\cyfitter_cfg.o
 .debug_aranges
                0x00000c38       0x18 .\CortexM0\ARM_GCC_541\Debug\cymetadata.o
 .debug_aranges
                0x00000c50       0x48 .\CortexM0\ARM_GCC_541\Debug\Cm0Start.o
 .debug_aranges
                0x00000c98      0x270 .\CortexM0\ARM_GCC_541\Debug\IMU Board Firmware.a(CyLib.o)
 .debug_aranges
                0x00000f08      0x188 .\CortexM0\ARM_GCC_541\Debug\IMU Board Firmware.a(CyLFClk.o)
 .debug_aranges
                0x00001090       0x68 .\CortexM0\ARM_GCC_541\Debug\IMU Board Firmware.a(GPS_UART.o)
 .debug_aranges
                0x000010f8       0x60 .\CortexM0\ARM_GCC_541\Debug\IMU Board Firmware.a(GPS_UART_SPI_UART.o)
 .debug_aranges
                0x00001158       0x90 .\CortexM0\ARM_GCC_541\Debug\IMU Board Firmware.a(GPS_UART_UART.o)
 .debug_aranges
                0x000011e8       0x40 .\CortexM0\ARM_GCC_541\Debug\IMU Board Firmware.a(UART_CLOCK.o)
 .debug_aranges
                0x00001228       0xe8 .\CortexM0\ARM_GCC_541\Debug\IMU Board Firmware.a(CAN.o)
 .debug_aranges
                0x00001310       0x20 .\CortexM0\ARM_GCC_541\Debug\IMU Board Firmware.a(CAN_INT.o)
 .debug_aranges
                0x00001330       0x30 .\CortexM0\ARM_GCC_541\Debug\IMU Board Firmware.a(CAN_TX_RX_func.o)
 .debug_aranges
                0x00001360       0x48 .\CortexM0\ARM_GCC_541\Debug\IMU Board Firmware.a(DIP1.o)
 .debug_aranges
                0x000013a8       0x48 .\CortexM0\ARM_GCC_541\Debug\IMU Board Firmware.a(DIP2.o)
 .debug_aranges
                0x000013f0       0x48 .\CortexM0\ARM_GCC_541\Debug\IMU Board Firmware.a(DIP3.o)
 .debug_aranges
                0x00001438       0x48 .\CortexM0\ARM_GCC_541\Debug\IMU Board Firmware.a(DIP4.o)
 .debug_aranges
                0x00001480       0x48 .\CortexM0\ARM_GCC_541\Debug\IMU Board Firmware.a(DBG.o)
 .debug_aranges
                0x000014c8       0x60 .\CortexM0\ARM_GCC_541\Debug\IMU Board Firmware.a(IMU_I2C.o)
 .debug_aranges
                0x00001528       0x30 .\CortexM0\ARM_GCC_541\Debug\IMU Board Firmware.a(IMU_I2C_I2C.o)
 .debug_aranges
                0x00001558       0x98 .\CortexM0\ARM_GCC_541\Debug\IMU Board Firmware.a(IMU_I2C_I2C_MASTER.o)
 .debug_aranges
                0x000015f0       0x48 .\CortexM0\ARM_GCC_541\Debug\IMU Board Firmware.a(IMU_RST.o)
 .debug_aranges
                0x00001638       0x58 .\CortexM0\ARM_GCC_541\Debug\IMU Board Firmware.a(DBG_UART.o)
 .debug_aranges
                0x00001690       0x90 .\CortexM0\ARM_GCC_541\Debug\IMU Board Firmware.a(DBG_UART_UART.o)
 .debug_aranges
                0x00001720       0x20 .\CortexM0\ARM_GCC_541\Debug\IMU Board Firmware.a(CyBootAsmGnu.o)
 .debug_aranges
                0x00001740       0x40 .\CortexM0\ARM_GCC_541\Debug\IMU Board Firmware.a(CyFlash.o)
 .debug_aranges
                0x00001780       0x20 .\CortexM0\ARM_GCC_541\Debug\IMU Board Firmware.a(GPS_UART_SPI_UART_INT.o)
 .debug_aranges
                0x000017a0       0x20 .\CortexM0\ARM_GCC_541\Debug\IMU Board Firmware.a(IMU_I2C_I2C_INT.o)
 .debug_aranges
                0x000017c0       0x60 .\CortexM0\ARM_GCC_541\Debug\IMU Board Firmware.a(DBG_UART_SPI_UART.o)

.debug_pubnames
 *(.debug_pubnames)

.debug_info     0x00000000    0x17449
 *(.debug_info .gnu.linkonce.wi.*)
 .debug_info    0x00000000      0xa46 .\CortexM0\ARM_GCC_541\Debug\CANCommon.o
 .debug_info    0x00000a46      0x60d .\CortexM0\ARM_GCC_541\Debug\CANGPIO.o
 .debug_info    0x00001053       0x6b .\CortexM0\ARM_GCC_541\Debug\CANLocalization.o
 .debug_info    0x000010be      0x636 .\CortexM0\ARM_GCC_541\Debug\CANPacket.o
 .debug_info    0x000016f4     0x10e4 .\CortexM0\ARM_GCC_541\Debug\main.o
 .debug_info    0x000027d8      0x6da .\CortexM0\ARM_GCC_541\Debug\GPS.o
 .debug_info    0x00002eb2      0x639 .\CortexM0\ARM_GCC_541\Debug\PortIMUBoard.o
 .debug_info    0x000034eb     0xbfe3 .\CortexM0\ARM_GCC_541\Debug\IMU.o
 .debug_info    0x0000f4ce     0x130d .\CortexM0\ARM_GCC_541\Debug\IMUDriver.o
 .debug_info    0x000107db      0x2cf .\CortexM0\ARM_GCC_541\Debug\cyfitter_cfg.o
 .debug_info    0x00010aaa       0xf8 .\CortexM0\ARM_GCC_541\Debug\cymetadata.o
 .debug_info    0x00010ba2      0x3a2 .\CortexM0\ARM_GCC_541\Debug\Cm0Start.o
 .debug_info    0x00010f44     0x17e4 .\CortexM0\ARM_GCC_541\Debug\IMU Board Firmware.a(CyLib.o)
 .debug_info    0x00012728     0x1058 .\CortexM0\ARM_GCC_541\Debug\IMU Board Firmware.a(CyLFClk.o)
 .debug_info    0x00013780      0x2e9 .\CortexM0\ARM_GCC_541\Debug\IMU Board Firmware.a(GPS_UART.o)
 .debug_info    0x00013a69      0x220 .\CortexM0\ARM_GCC_541\Debug\IMU Board Firmware.a(GPS_UART_SPI_UART.o)
 .debug_info    0x00013c89      0x421 .\CortexM0\ARM_GCC_541\Debug\IMU Board Firmware.a(GPS_UART_UART.o)
 .debug_info    0x000140aa      0x166 .\CortexM0\ARM_GCC_541\Debug\IMU Board Firmware.a(UART_CLOCK.o)
 .debug_info    0x00014210      0x9c6 .\CortexM0\ARM_GCC_541\Debug\IMU Board Firmware.a(CAN.o)
 .debug_info    0x00014bd6       0xa0 .\CortexM0\ARM_GCC_541\Debug\IMU Board Firmware.a(CAN_INT.o)
 .debug_info    0x00014c76      0x37e .\CortexM0\ARM_GCC_541\Debug\IMU Board Firmware.a(CAN_TX_RX_func.o)
 .debug_info    0x00014ff4      0x19b .\CortexM0\ARM_GCC_541\Debug\IMU Board Firmware.a(DIP1.o)
 .debug_info    0x0001518f      0x19d .\CortexM0\ARM_GCC_541\Debug\IMU Board Firmware.a(DIP2.o)
 .debug_info    0x0001532c      0x19d .\CortexM0\ARM_GCC_541\Debug\IMU Board Firmware.a(DIP3.o)
 .debug_info    0x000154c9      0x19d .\CortexM0\ARM_GCC_541\Debug\IMU Board Firmware.a(DIP4.o)
 .debug_info    0x00015666      0x19d .\CortexM0\ARM_GCC_541\Debug\IMU Board Firmware.a(DBG.o)
 .debug_info    0x00015803      0x298 .\CortexM0\ARM_GCC_541\Debug\IMU Board Firmware.a(IMU_I2C.o)
 .debug_info    0x00015a9b      0x195 .\CortexM0\ARM_GCC_541\Debug\IMU Board Firmware.a(IMU_I2C_I2C.o)
 .debug_info    0x00015c30      0x813 .\CortexM0\ARM_GCC_541\Debug\IMU Board Firmware.a(IMU_I2C_I2C_MASTER.o)
 .debug_info    0x00016443      0x19d .\CortexM0\ARM_GCC_541\Debug\IMU Board Firmware.a(IMU_RST.o)
 .debug_info    0x000165e0      0x23a .\CortexM0\ARM_GCC_541\Debug\IMU Board Firmware.a(DBG_UART.o)
 .debug_info    0x0001681a      0x3b5 .\CortexM0\ARM_GCC_541\Debug\IMU Board Firmware.a(DBG_UART_UART.o)
 .debug_info    0x00016bcf       0xa2 .\CortexM0\ARM_GCC_541\Debug\IMU Board Firmware.a(CyBootAsmGnu.o)
 .debug_info    0x00016c71      0x352 .\CortexM0\ARM_GCC_541\Debug\IMU Board Firmware.a(CyFlash.o)
 .debug_info    0x00016fc3       0xbe .\CortexM0\ARM_GCC_541\Debug\IMU Board Firmware.a(GPS_UART_SPI_UART_INT.o)
 .debug_info    0x00017081      0x1a8 .\CortexM0\ARM_GCC_541\Debug\IMU Board Firmware.a(IMU_I2C_I2C_INT.o)
 .debug_info    0x00017229      0x220 .\CortexM0\ARM_GCC_541\Debug\IMU Board Firmware.a(DBG_UART_SPI_UART.o)

.debug_abbrev   0x00000000     0x2ace
 *(.debug_abbrev)
 .debug_abbrev  0x00000000      0x149 .\CortexM0\ARM_GCC_541\Debug\CANCommon.o
 .debug_abbrev  0x00000149      0x106 .\CortexM0\ARM_GCC_541\Debug\CANGPIO.o
 .debug_abbrev  0x0000024f       0x26 .\CortexM0\ARM_GCC_541\Debug\CANLocalization.o
 .debug_abbrev  0x00000275      0x168 .\CortexM0\ARM_GCC_541\Debug\CANPacket.o
 .debug_abbrev  0x000003dd      0x1db .\CortexM0\ARM_GCC_541\Debug\main.o
 .debug_abbrev  0x000005b8      0x160 .\CortexM0\ARM_GCC_541\Debug\GPS.o
 .debug_abbrev  0x00000718      0x1ad .\CortexM0\ARM_GCC_541\Debug\PortIMUBoard.o
 .debug_abbrev  0x000008c5      0x1c1 .\CortexM0\ARM_GCC_541\Debug\IMU.o
 .debug_abbrev  0x00000a86      0x1fe .\CortexM0\ARM_GCC_541\Debug\IMUDriver.o
 .debug_abbrev  0x00000c84      0x166 .\CortexM0\ARM_GCC_541\Debug\cyfitter_cfg.o
 .debug_abbrev  0x00000dea       0x5d .\CortexM0\ARM_GCC_541\Debug\cymetadata.o
 .debug_abbrev  0x00000e47      0x1d7 .\CortexM0\ARM_GCC_541\Debug\Cm0Start.o
 .debug_abbrev  0x0000101e      0x293 .\CortexM0\ARM_GCC_541\Debug\IMU Board Firmware.a(CyLib.o)
 .debug_abbrev  0x000012b1      0x248 .\CortexM0\ARM_GCC_541\Debug\IMU Board Firmware.a(CyLFClk.o)
 .debug_abbrev  0x000014f9      0x118 .\CortexM0\ARM_GCC_541\Debug\IMU Board Firmware.a(GPS_UART.o)
 .debug_abbrev  0x00001611      0x14f .\CortexM0\ARM_GCC_541\Debug\IMU Board Firmware.a(GPS_UART_SPI_UART.o)
 .debug_abbrev  0x00001760      0x145 .\CortexM0\ARM_GCC_541\Debug\IMU Board Firmware.a(GPS_UART_UART.o)
 .debug_abbrev  0x000018a5       0xb7 .\CortexM0\ARM_GCC_541\Debug\IMU Board Firmware.a(UART_CLOCK.o)
 .debug_abbrev  0x0000195c      0x186 .\CortexM0\ARM_GCC_541\Debug\IMU Board Firmware.a(CAN.o)
 .debug_abbrev  0x00001ae2       0x42 .\CortexM0\ARM_GCC_541\Debug\IMU Board Firmware.a(CAN_INT.o)
 .debug_abbrev  0x00001b24      0x159 .\CortexM0\ARM_GCC_541\Debug\IMU Board Firmware.a(CAN_TX_RX_func.o)
 .debug_abbrev  0x00001c7d       0xc8 .\CortexM0\ARM_GCC_541\Debug\IMU Board Firmware.a(DIP1.o)
 .debug_abbrev  0x00001d45       0xc8 .\CortexM0\ARM_GCC_541\Debug\IMU Board Firmware.a(DIP2.o)
 .debug_abbrev  0x00001e0d       0xc8 .\CortexM0\ARM_GCC_541\Debug\IMU Board Firmware.a(DIP3.o)
 .debug_abbrev  0x00001ed5       0xc8 .\CortexM0\ARM_GCC_541\Debug\IMU Board Firmware.a(DIP4.o)
 .debug_abbrev  0x00001f9d       0xc8 .\CortexM0\ARM_GCC_541\Debug\IMU Board Firmware.a(DBG.o)
 .debug_abbrev  0x00002065      0x118 .\CortexM0\ARM_GCC_541\Debug\IMU Board Firmware.a(IMU_I2C.o)
 .debug_abbrev  0x0000217d       0xc7 .\CortexM0\ARM_GCC_541\Debug\IMU Board Firmware.a(IMU_I2C_I2C.o)
 .debug_abbrev  0x00002244      0x1c2 .\CortexM0\ARM_GCC_541\Debug\IMU Board Firmware.a(IMU_I2C_I2C_MASTER.o)
 .debug_abbrev  0x00002406       0xc8 .\CortexM0\ARM_GCC_541\Debug\IMU Board Firmware.a(IMU_RST.o)
 .debug_abbrev  0x000024ce       0xd5 .\CortexM0\ARM_GCC_541\Debug\IMU Board Firmware.a(DBG_UART.o)
 .debug_abbrev  0x000025a3      0x132 .\CortexM0\ARM_GCC_541\Debug\IMU Board Firmware.a(DBG_UART_UART.o)
 .debug_abbrev  0x000026d5       0x14 .\CortexM0\ARM_GCC_541\Debug\IMU Board Firmware.a(CyBootAsmGnu.o)
 .debug_abbrev  0x000026e9      0x182 .\CortexM0\ARM_GCC_541\Debug\IMU Board Firmware.a(CyFlash.o)
 .debug_abbrev  0x0000286b       0x70 .\CortexM0\ARM_GCC_541\Debug\IMU Board Firmware.a(GPS_UART_SPI_UART_INT.o)
 .debug_abbrev  0x000028db       0xa4 .\CortexM0\ARM_GCC_541\Debug\IMU Board Firmware.a(IMU_I2C_I2C_INT.o)
 .debug_abbrev  0x0000297f      0x14f .\CortexM0\ARM_GCC_541\Debug\IMU Board Firmware.a(DBG_UART_SPI_UART.o)
